{"profile":"gpu-supercluster-v1","width":1440,"pass":false,"checks":[],"error":"TypeError: Cannot read properties of null (reading 'dataset')\n    at <anonymous>:6:35\n    at <anonymous>:25:5"}
{"profile":"cable-trader-pickup-v1","width":1440,"pass":false,"checks":[],"error":"TypeError: Cannot read properties of null (reading 'dataset')\n    at <anonymous>:6:35\n    at <anonymous>:25:5"}
{"profile":"neighborhood-bulk-pool-v1","width":1440,"pass":false,"checks":[],"error":"TypeError: Cannot read properties of null (reading 'dataset')\n    at <anonymous>:6:35\n    at <anonymous>:25:5"}
{"profile":"nyc-development-atlas-v1","width":1440,"pass":false,"checks":[],"error":"TypeError: Cannot read properties of null (reading 'dataset')\n    at <anonymous>:6:35\n    at <anonymous>:25:5"}
{"profile":"sun-walker-v1","width":1440,"pass":false,"checks":[],"error":"TypeError: Cannot read properties of null (reading 'dataset')\n    at <anonymous>:6:35\n    at <anonymous>:25:5"}
{"profile":"food-recall-us-v1","width":1440,"pass":false,"checks":[],"error":"TypeError: Cannot read properties of null (reading 'dataset')\n    at <anonymous>:6:35\n    at <anonymous>:25:5"}
{"profile":"grid-resilience-us-v1","width":1440,"pass":false,"checks":[],"error":"TypeError: Cannot read properties of null (reading 'dataset')\n    at <anonymous>:6:35\n    at <anonymous>:25:5"}
{"profile":"maritime-trade-global-v1","width":1440,"pass":false,"checks":[],"error":"TypeError: Cannot read properties of null (reading 'dataset')\n    at <anonymous>:6:35\n    at <anonymous>:25:5"}
{"profile":"subsea-network-global-v1","width":1440,"pass":false,"checks":[],"error":"TypeError: Cannot read properties of null (reading 'dataset')\n    at <anonymous>:6:35\n    at <anonymous>:25:5"}
{"profile":"orbital-transfer-planner-v1","width":1440,"pass":false,"checks":[],"error":"TypeError: Cannot read properties of null (reading 'dataset')\n    at <anonymous>:6:35\n    at <anonymous>:25:5"}
{"profile":"asteroid-defense-v1","width":1440,"pass":false,"checks":[],"error":"TypeError: Cannot read properties of null (reading 'dataset')\n    at <anonymous>:6:35\n    at <anonymous>:25:5"}
{"profile":"interstellar-relay-network-v1","width":1440,"pass":false,"checks":[],"error":"TypeError: Cannot read properties of null (reading 'dataset')\n    at <anonymous>:6:35\n    at <anonymous>:25:5"}
{"profile":"gpu-supercluster-v1","width":390,"pass":false,"checks":[],"error":"TypeError: Cannot read properties of null (reading 'dataset')\n    at <anonymous>:6:35\n    at <anonymous>:25:5"}
{"profile":"cable-trader-pickup-v1","width":390,"pass":false,"checks":[],"error":"TypeError: Cannot read properties of null (reading 'dataset')\n    at <anonymous>:6:35\n    at <anonymous>:25:5"}
{"profile":"neighborhood-bulk-pool-v1","width":390,"pass":false,"checks":[],"error":"TypeError: Cannot read properties of null (reading 'dataset')\n    at <anonymous>:6:35\n    at <anonymous>:25:5"}
{"profile":"nyc-development-atlas-v1","width":390,"pass":false,"checks":[],"error":"TypeError: Cannot read properties of null (reading 'dataset')\n    at <anonymous>:6:35\n    at <anonymous>:25:5"}
{"profile":"sun-walker-v1","width":390,"pass":false,"checks":[],"error":"TypeError: Cannot read properties of null (reading 'dataset')\n    at <anonymous>:6:35\n    at <anonymous>:25:5"}
{"profile":"food-recall-us-v1","width":390,"pass":false,"checks":[],"error":"TypeError: Cannot read properties of null (reading 'dataset')\n    at <anonymous>:6:35\n    at <anonymous>:25:5"}
{"profile":"grid-resilience-us-v1","width":390,"pass":false,"checks":[],"error":"TypeError: Cannot read properties of null (reading 'dataset')\n    at <anonymous>:6:35\n    at <anonymous>:25:5"}
{"profile":"maritime-trade-global-v1","width":390,"pass":false,"checks":[],"error":"TypeError: Cannot read properties of null (reading 'dataset')\n    at <anonymous>:6:35\n    at <anonymous>:25:5"}
{"profile":"subsea-network-global-v1","width":390,"pass":false,"checks":[],"error":"TypeError: Cannot read properties of null (reading 'dataset')\n    at <anonymous>:6:35\n    at <anonymous>:25:5"}
{"profile":"orbital-transfer-planner-v1","width":390,"pass":false,"checks":[],"error":"TypeError: Cannot read properties of null (reading 'dataset')\n    at <anonymous>:6:35\n    at <anonymous>:25:5"}
{"profile":"asteroid-defense-v1","width":390,"pass":false,"checks":[],"error":"TypeError: Cannot read properties of null (reading 'dataset')\n    at <anonymous>:6:35\n    at <anonymous>:25:5"}
{"profile":"interstellar-relay-network-v1","width":390,"pass":false,"checks":[],"error":"TypeError: Cannot read properties of null (reading 'dataset')\n    at <anonymous>:6:35\n    at <anonymous>:25:5"}
{
  "pass": false,
  "failures": [
    "gpu-supercluster-v1 1440: TypeError: Cannot read properties of null (reading 'dataset')\n    at <anonymous>:6:35\n    at <anonymous>:25:5",
    "cable-trader-pickup-v1 1440: TypeError: Cannot read properties of null (reading 'dataset')\n    at <anonymous>:6:35\n    at <anonymous>:25:5",
    "neighborhood-bulk-pool-v1 1440: TypeError: Cannot read properties of null (reading 'dataset')\n    at <anonymous>:6:35\n    at <anonymous>:25:5",
    "nyc-development-atlas-v1 1440: TypeError: Cannot read properties of null (reading 'dataset')\n    at <anonymous>:6:35\n    at <anonymous>:25:5",
    "sun-walker-v1 1440: TypeError: Cannot read properties of null (reading 'dataset')\n    at <anonymous>:6:35\n    at <anonymous>:25:5",
    "food-recall-us-v1 1440: TypeError: Cannot read properties of null (reading 'dataset')\n    at <anonymous>:6:35\n    at <anonymous>:25:5",
    "grid-resilience-us-v1 1440: TypeError: Cannot read properties of null (reading 'dataset')\n    at <anonymous>:6:35\n    at <anonymous>:25:5",
    "maritime-trade-global-v1 1440: TypeError: Cannot read properties of null (reading 'dataset')\n    at <anonymous>:6:35\n    at <anonymous>:25:5",
    "subsea-network-global-v1 1440: TypeError: Cannot read properties of null (reading 'dataset')\n    at <anonymous>:6:35\n    at <anonymous>:25:5",
    "orbital-transfer-planner-v1 1440: TypeError: Cannot read properties of null (reading 'dataset')\n    at <anonymous>:6:35\n    at <anonymous>:25:5",
    "asteroid-defense-v1 1440: TypeError: Cannot read properties of null (reading 'dataset')\n    at <anonymous>:6:35\n    at <anonymous>:25:5",
    "interstellar-relay-network-v1 1440: TypeError: Cannot read properties of null (reading 'dataset')\n    at <anonymous>:6:35\n    at <anonymous>:25:5",
    "gpu-supercluster-v1 390: TypeError: Cannot read properties of null (reading 'dataset')\n    at <anonymous>:6:35\n    at <anonymous>:25:5",
    "cable-trader-pickup-v1 390: TypeError: Cannot read properties of null (reading 'dataset')\n    at <anonymous>:6:35\n    at <anonymous>:25:5",
    "neighborhood-bulk-pool-v1 390: TypeError: Cannot read properties of null (reading 'dataset')\n    at <anonymous>:6:35\n    at <anonymous>:25:5",
    "nyc-development-atlas-v1 390: TypeError: Cannot read properties of null (reading 'dataset')\n    at <anonymous>:6:35\n    at <anonymous>:25:5",
    "sun-walker-v1 390: TypeError: Cannot read properties of null (reading 'dataset')\n    at <anonymous>:6:35\n    at <anonymous>:25:5",
    "food-recall-us-v1 390: TypeError: Cannot read properties of null (reading 'dataset')\n    at <anonymous>:6:35\n    at <anonymous>:25:5",
    "grid-resilience-us-v1 390: TypeError: Cannot read properties of null (reading 'dataset')\n    at <anonymous>:6:35\n    at <anonymous>:25:5",
    "maritime-trade-global-v1 390: TypeError: Cannot read properties of null (reading 'dataset')\n    at <anonymous>:6:35\n    at <anonymous>:25:5",
    "subsea-network-global-v1 390: TypeError: Cannot read properties of null (reading 'dataset')\n    at <anonymous>:6:35\n    at <anonymous>:25:5",
    "orbital-transfer-planner-v1 390: TypeError: Cannot read properties of null (reading 'dataset')\n    at <anonymous>:6:35\n    at <anonymous>:25:5",
    "asteroid-defense-v1 390: TypeError: Cannot read properties of null (reading 'dataset')\n    at <anonymous>:6:35\n    at <anonymous>:25:5",
    "interstellar-relay-network-v1 390: TypeError: Cannot read properties of null (reading 'dataset')\n    at <anonymous>:6:35\n    at <anonymous>:25:5",
    "TypeError: Cannot read properties of null (reading 'dataset')\n    at <anonymous>:6:35\n    at <anonymous>:25:5"
  ],
  "report": "artifacts/interface-repair/after/report.json"
}
