TAP version 13
# Subtest: public stylesheet resolves the owned design layers without duplicate loading
ok 1 - public stylesheet resolves the owned design layers without duplicate loading
  ---
  duration_ms: 1.330977
  type: 'test'
  ...
# Subtest: literal paint values belong to tokens, not component and page rules
ok 2 - literal paint values belong to tokens, not component and page rules
  ---
  duration_ms: 1.802982
  type: 'test'
  ...
# Subtest: page entries use stylesheets instead of inline stylesheet forks
ok 3 - page entries use stylesheets instead of inline stylesheet forks
  ---
  duration_ms: 0.530061
  type: 'test'
  ...
# Subtest: paint extraction preserves property names including white-space
ok 4 - paint extraction preserves property names including white-space
  ---
  duration_ms: 3.516036
  type: 'test'
  ...
# Subtest: page compositions consume the shared theme without reviving retired theme forks
not ok 5 - page compositions consume the shared theme without reviving retired theme forks
  ---
  duration_ms: 2.712071
  type: 'test'
  location: '/home/clocksmith/deco/simulatte/tests/design-system.test.cjs:63:1'
  failureType: 'testCodeFailure'
  error: 'public/shared/design/compositions/world-interface.css must consume paint tokens'
  code: 'ERR_ASSERTION'
  name: 'AssertionError'
  expected:
  actual: |-
    #f0f1ed
    #202924
    #4e5b53
    #59655d
    #ccd2ca
    #939f95
    #2d5d46
    #a12f2f
    #fafbf8
    #f3f5f0
    #e8ede5
    #ffffff
    #dfe4dc
    2px
    2px
    0 2px 5px #1d35200a
    0 1px 2px #1d35200a
    inset 0 1px 2px #1d352008
    none
    auto
    100dvh
    auto
    hidden
    400 14px/1.5 var(--sim-font)
    var(--sim-ink)
    var(--sim-paper)
    border-box
    none !important
    none
    3px solid var(--sim-accent)
    3px
    var(--sim-heading)
    600
    -0.015em
    min(1440px, 100%)
    auto
    auto
    20px 24px 40px
    grid
    minmax(0, 1fr)
    12px
    auto
    100%
    clamp(320px, 58dvh, 720px)
    0
    hidden
    relative
    isolate
    #060606
    1px solid var(--sim-line-strong)
    absolute
    0
    block
    100%
    100%
    0
    absolute
    12px
    12px
    180px
    130px
    relative
    auto
    flex
    wrap
    center
    space-between
    12px
    100%
    none
    0
    transparent
    0
    none
    flex
    wrap
    center
    8px
    0
    flex
    8px
    10px 12px
    44px
    var(--sim-ink)
    calc(100% + 8px)
    auto
    0
    40
    min(440px, calc(100vw - 48px))
    var(--sim-ink)
    var(--sim-glass)
    1px solid var(--sim-line)
    2px
    var(--sim-shadow-small)
    none
    44px
    8px 14px
    500 14px/1.35 var(--sim-font)
    var(--sim-ink)
    var(--sim-glass)
    1px solid var(--sim-line)
    2px
    var(--sim-shadow-small)
    none
    normal
    var(--sim-glass-faint)
    var(--sim-line-strong)
    none
    0.6
    not-allowed
    #25372c
    #fff
    #25372c
    none
    12px
    none
    none
    0
    360px
    100%
    anywhere
    55dvh
    180px
    50
    44px
    10px 14px
    var(--sim-ink)
    var(--sim-glass-faint)
    flex
    space-between
    start
    12px
    wrap
    static
    flex
    wrap
    center
    8px
    auto
    0
    flex
    wrap
    4px
    none
    0
    visible
    transparent
    0
    none
    96px
    1 0 auto
    #e0e9df
    #203326
    #7d947f
    none
    static
    148px
    static
    auto
    none
    100%
    none
    0
    none
    grid
    minmax(0, 1fr) minmax(240px, 0.8fr)
    16px
    16px
    visible
    grid
    0
    0
    6px
    grid
    5px
    var(--sim-ink-soft)
    13px
    100%
    0
    block
    visible
    normal
    clip
    400 13px/1.5 var(--sim-font)
    var(--sim-ink-soft)
    grid
    repeat(2, minmax(0, 1fr))
    center
    8px
    0
    100%
    0
    center
    14px
    1
    1
    2
    1
    none !important
    none
    minmax(110px, 0.6fr) minmax(120px, 1.5fr) 90px
    16px
    12px
    13px
    normal
    13px
    44px
    static
    100%
    none
    static
    100%
    none
    none
    visible
    14px 16px
    pointer
    600
    12px
    20px
    14px
    1.5
    repeat(auto-fit, minmax(200px, 1fr))
    0 24px
    400 14px/1.5 var(--sim-font)
    tabular-nums
    repeat(2, minmax(0, 1fr))
    grid
    1fr
    4px
    static
    100%
    none
    auto
    visible
    none
    0
    none
    transparent
    none
    min(520px, calc(100vw - 24px))
    0 0 1px
    22px
    var(--sim-ink-soft)
    14px
    14px
    #fff
    var(--sim-ink)
    1px solid var(--sim-line-strong)
    2px
    400 14px/1.5 var(--sim-font)
    44px
    var(--sim-shadow-inset)
    var(--sim-mono)
    1 / -1
    14px
    var(--sim-red)
    16px
    var(--sim-ink)
    #f0f1eded
    var(--sim-ink)
    var(--sim-line)
    50%
    var(--sim-accent)
    loading-slide 1.5s ease-in-out infinite alternate
    translateX(-50%)
    translateX(150%)
    var(--sim-paper)
    linear-gradient(var(--sim-lattice) 1px, transparent 1px), linear-gradient(90deg, var(--sim-lattice) 1px, transparent 1px)
    48px 48px
    40px 24px
    8px
    none
    0 0 8px
    var(--sim-ink)
    600 52px/1.1 var(--sim-heading)
    -0.035em
    var(--sim-ink-soft)
    inline-block
    10px 16px
    44px
    1px solid var(--sim-line)
    var(--sim-glass)
    var(--sim-line-strong)
    none
    linear-gradient(145deg, #fff, #e9ede5)
    none
    #fff
    var(--sim-ink-soft)
    transparent
    var(--sim-ink)
    600 20px/1.2 var(--sim-heading)
    var(--sim-ink-soft)
    13px
    0.2
    var(--sim-ink)
    var(--sim-paper)
    12px 12px 28px
    grid
    8px
    grid
    auto minmax(0, 1fr)
    1 / -1
    none
    none
    clamp(320px, 48dvh, 480px)
    grid
    minmax(0, 1fr)
    grid
    minmax(0, 1fr) auto
    76px
    8px
    13px
    100%
    minmax(0, 1fr)
    12px
    minmax(0, 1fr) 90px
    1 / -1
    1fr
    16px
    120px
    90px
    42px
    16px
    none !important
    none !important
  operator: 'doesNotMatch'
  stack: |-
    TestContext.<anonymous> (/home/clocksmith/deco/simulatte/tests/design-system.test.cjs:72:12)
    Test.runInAsyncScope (node:async_hooks:214:14)
    Test.run (node:internal/test_runner/test:1047:25)
    Test.processPendingSubtests (node:internal/test_runner/test:744:18)
    Test.postRun (node:internal/test_runner/test:1173:19)
    Test.run (node:internal/test_runner/test:1101:12)
    async Test.processPendingSubtests (node:internal/test_runner/test:744:7)
  ...
# Subtest: empty plugin map slots cannot hide governed scene labels
not ok 6 - empty plugin map slots cannot hide governed scene labels
  ---
  duration_ms: 0.739931
  type: 'test'
  location: '/home/clocksmith/deco/simulatte/tests/design-system.test.cjs:79:1'
  failureType: 'testCodeFailure'
  error: |-
    The input did not match the regular expression /\.sim-app \.plugin-map-ui:empty\s*\{\s*display:\s*none;/. Input:
    
    "/* World chrome frames the simulation; it never shares the drawing's coordinates. */\n" +
      'body.sim-app {\n' +
      '  --sim-paper: #f0f1ed;\n' +
      '  --sim-ink: #202924;\n' +
      '  --sim-ink-soft: #4e5b53;\n' +
      '  --sim-ink-faint: #59655d;\n' +
      '  --sim-line: #ccd2ca;\n' +
      '  --sim-line-strong: #939f95;\n' +
      '  --sim-accent: #2d5d46;\n' +
      '  --sim-red: #a12f2f;\n' +
      '  --sim-glass: #fafbf8;\n' +
      '  --sim-glass-soft: #f3f5f0;\n' +
      '  --sim-glass-faint: #e8ede5;\n' +
      '  --sim-highlight: #ffffff;\n' +
      '  --sim-lattice: #dfe4dc;\n' +
      '  --sim-radius: 2px;\n' +
      '  --sim-radius-small: 2px;\n' +
      '  --sim-shadow: 0 2px 5px #1d35200a;\n' +
      '  --sim-shadow-small: 0 1px 2px #1d35200a;\n' +
      '  --sim-shadow-inset: inset 0 1px 2px #1d352008;\n' +
      '  --sim-blur: none;\n' +
      '  height: auto;\n' +
      '  min-height: 100dvh;\n' +
      '  overflow-y: auto;\n' +
      '  overflow-x: hidden;\n' +
      '  font: 400 14px/1.5 var(--sim-font);\n' +
      '  color: var(--sim-ink);\n' +
      '  background: var(--sim-paper);\n' +
      '}\n' +
      '.sim-app *, .sim-app *::before, .sim-app *::after { box-sizing: border-box; }\n' +
      '.sim-app [hidden] { display: none !important; }\n' +
      'body.sim-app:has(#world-tiers-landing-page:not(.hidden)) .map-workspace { display: none; }\n' +
      '.sim-app :is(button, a, summary, input, select, textarea, [tabindex]):focus-visible {\n' +
      '  outline: 3px solid var(--sim-accent);\n' +
      '  outline-offset: 3px;\n' +
      '}\n' +
      '.sim-app :is(h1, h2, h3, .experience-summary header strong, .evidence-heading strong) {\n' +
      '  font-family: var(--sim-heading);\n' +
      '  font-weight: 600;\n' +
      '  letter-spacing: -0.015em;\n' +
      '}\n' +
      'body.sim-app .map-workspace {\n' +
      '  width: min(1440px, 100%);\n' +
      '  height: auto;\n' +
      '  margin-inline: auto;\n' +
      '  padding: 20px 24px 40px;\n' +
      '}\n' +
      'body.sim-app .simulation-stage {\n' +
      '  display: grid;\n' +
      '  grid-template-columns: minmax(0, 1fr);\n' +
      '  gap: 12px;\n' +
      '  height: auto;\n' +
      '}\n' +
      'body.sim-app .canvas-shell {\n' +
      '  width: 100%;\n' +
      '  height: clamp(320px, 58dvh, 720px);\n' +
      '  min-height: 0;\n' +
      '  overflow: hidden;\n' +
      '  position: relative;\n' +
      '  isolation: isolate;\n' +
      '  background: #060606;\n' +
      '  border: 1px solid var(--sim-line-strong);\n' +
      '}\n' +
      'body.sim-app :is(#autonomy-canvas, #overlay-canvas, #semantic-label-canvas) {\n' +
      '  position: absolute;\n' +
      '  inset: 0;\n' +
      '  display: block;\n' +
      '  width: 100%;\n' +
      '  height: 100%;\n' +
      '  margin: 0;\n' +
      '}\n' +
      'body.sim-app #follow-minimap { position: absolute; right: 12px; bottom: 12px; width: 180px; height: 130px; }\n' +
      'body.sim-app .runtime-anchor {\n' +
      '  position: relative;\n' +
      '  inset: auto;\n' +
      '  display: flex;\n' +
      '  flex-wrap: wrap;\n' +
      '  align-items: center;\n' +
      '  justify-content: space-between;\n' +
      '  gap: 12px;\n' +
      '  width: 100%;\n' +
      '  max-width: none;\n' +
      '  padding: 0;\n' +
      '  background: transparent;\n' +
      '  border: 0;\n' +
      '  box-shadow: none;\n' +
      '}\n' +
      '.sim-app .runtime-toolbar { display: flex; flex-wrap: wrap; align-items: center; gap: 8px; min-width: 0; }\n' +
      '.sim-app .sim-product-nav { display: flex; gap: 8px; }\n' +
      '.sim-app .sim-product-nav a { padding: 10px 12px; min-height: 44px; color: var(--sim-ink); }\n' +
      '.sim-app .runtime-details { top: calc(100% + 8px); left: auto; right: 0; z-index: 40; max-width: min(440px, calc(100vw - 48px)); }\n' +
      '.sim-app :is(.sim-surface, .sim-popover, .sim-segmented, .select-options, .evidence-heading) {\n' +
      '  color: var(--sim-ink);\n' +
      '  background: var(--sim-glass);\n' +
      '  border: 1px solid var(--sim-line);\n' +
      '  border-radius: 2px;\n' +
      '  box-shadow: var(--sim-shadow-small);\n' +
      '  backdrop-filter: none;\n' +
      '}\n' +
      '.sim-app :is(.sim-action, .drawer-close, .sim-segmented > button, .select-trigger, .status-pill) {\n' +
      '  min-height: 44px;\n' +
      '  padding: 8px 14px;\n' +
      '  font: 500 14px/1.35 var(--sim-font);\n' +
      '  color: var(--sim-ink);\n' +
      '  background: var(--sim-glass);\n' +
      '  border: 1px solid var(--sim-line);\n' +
      '  border-radius: 2px;\n' +
      '  box-shadow: var(--sim-shadow-small);\n' +
      '  text-shadow: none;\n' +
      '  white-space: normal;\n' +
      '}\n' +
      '.sim-app :is(.sim-action, .drawer-close, .sim-segmented > button, .select-trigger):hover:not(:disabled) { background: var(--sim-glass-faint); border-color: var(--sim-line-strong); transform: none; }\n' +
      '.sim-app :is(button, select, input):disabled { opacity: 0.6; cursor: not-allowed; }\n' +
      '.sim-app .sim-action-primary, .sim-app .sim-action-primary:hover:not(:disabled) {\n' +
      '  background: #25372c;\n' +
      '  color: #fff;\n' +
      '  border-color: #25372c;\n' +
      '  box-shadow: none;\n' +
      '}\n' +
      '.sim-app .status-pill { padding-inline: 12px; }\n' +
      '.sim-app .status-dot { box-shadow: none; animation: none; }\n' +
      '.sim-app .profile-selector { min-width: 0; max-width: 360px; }\n' +
      '.sim-app .profile-selector .select-trigger { width: 100%; overflow-wrap: anywhere; }\n' +
      '.sim-app .profile-selector .select-options { max-height: 55dvh; min-width: 180px; z-index: 50; }\n' +
      '.sim-app .profile-selector .select-option { min-height: 44px; padding: 10px 14px; color: var(--sim-ink); }\n' +
      '.sim-app .profile-selector .select-option:is(:hover, .selected, :focus-visible) { background: var(--sim-glass-faint); }\n' +
      '.sim-app .simulation-viewbar { display: flex; justify-content: space-between; align-items: start; gap: 12px; flex-wrap: wrap; }\n' +
      'body.sim-app .camera-controls { position: static; display: flex; flex-wrap: wrap; align-items: center; gap: 8px; width: auto; padding: 0; }\n' +
      '.sim-app .camera-modes { display: flex; flex-wrap: wrap; gap: 4px; max-width: none; padding: 0; overflow: visible; background: transparent; border: 0; box-shadow: none; }\n' +
      '.sim-app .camera-modes > button { min-width: 96px; flex: 1 0 auto; }\n' +
      '.sim-app .camera-modes > button.is-active { background: #e0e9df; color: #203326; border-color: #7d947f; box-shadow: none; }\n' +
      'body.sim-app .decisions-button { position: static; min-width: 148px; }\n' +
      'body.sim-app #sim-mission-dock {\n' +
      '  position: static;\n' +
      '  inset: auto;\n' +
      '  transform: none;\n' +
      '  width: 100%;\n' +
      '  max-width: none;\n' +
      '  min-width: 0;\n' +
      '  max-height: none;\n' +
      '  display: grid;\n' +
      '  grid-template-columns: minmax(0, 1fr) minmax(240px, 0.8fr);\n' +
      '  gap: 16px;\n' +
      '  padding: 16px;\n' +
      '  overflow: visible;\n' +
      '}\n' +
      'body.sim-app #scenario-field { display: grid; padding: 0; min-width: 0; gap: 6px; }\n' +
      '.sim-app .scenario-picker { display: grid; gap: 5px; color: var(--sim-ink-soft); font-size: 13px; }\n' +
      '.sim-app #scenario-select { width: 100%; min-width: 0; }\n' +
      'body.sim-app .scenario-description { display: block; overflow: visible; white-space: normal; text-overflow: clip; font: 400 13px/1.5 var(--sim-font); color: var(--sim-ink-soft); }\n' +
      'body.sim-app .mission-actions { display: grid; grid-template-columns: repeat(2, minmax(0, 1fr)); align-content: center; gap: 8px; min-width: 0; }\n' +
      '.sim-app .mission-actions > .sim-action { width: 100%; min-width: 0; justify-content: center; font-size: 14px; }\n' +
      '.sim-app #start-button, .sim-app #resume-button, .sim-app #pause-button { grid-column: 1; grid-row: 1; }\n' +
      '.sim-app #reset-button { grid-column: 2; grid-row: 1; }\n' +
      '.sim-app #shuffle-button, .sim-app #new-mission-button, .sim-app #camera-free { display: none !important; }\n' +
      '.sim-app .dock-more { display: none; }\n' +
      'body.sim-app .playback-strip { grid-template-columns: minmax(110px, 0.6fr) minmax(120px, 1.5fr) 90px; gap: 16px; padding-top: 12px; }\n' +
      '.sim-app .playback-story strong { font-size: 13px; white-space: normal; }\n' +
      '.sim-app .playback-control { font-size: 13px; }\n' +
      '.sim-app .playback-timeline-control input { min-height: 44px; }\n' +
      'body.sim-app .journey-hud { position: static; width: 100%; transform: none; }\n' +
      'body.sim-app #experience-summary { position: static; width: 100%; max-width: none; max-height: none; overflow: visible; padding: 14px 16px; }\n' +
      '.sim-app #experience-summary > summary { cursor: pointer; font-weight: 600; }\n' +
      '.sim-app #experience-summary[open] > header { margin-top: 12px; }\n' +
      '.sim-app .experience-summary header strong { font-size: 20px; }\n' +
      '.sim-app .experience-summary :is(p, dt, dd, .experience-story) { font-size: 14px; line-height: 1.5; }\n' +
      '.sim-app .experience-summary dl { grid-template-columns: repeat(auto-fit, minmax(200px, 1fr)); gap: 0 24px; }\n' +
      '.sim-app .experience-summary dl > div { font: 400 14px/1.5 var(--sim-font); }\n' +
      '.sim-app .experience-summary dd { font-variant-numeric: tabular-nums; }\n' +
      '.sim-app .experience-story { grid-template-columns: repeat(2, minmax(0, 1fr)); }\n' +
      '.sim-app .experience-story > div { display: grid; grid-template-columns: 1fr; gap: 4px; }\n' +
      '.sim-app #plugin-map-ui { position: static; width: 100%; max-height: none; pointer-events: auto; overflow: visible; }\n' +
      '.sim-app #plugin-map-ui:empty { display: none; }\n' +
      '.sim-app .plugin-map-card { border: 0; box-shadow: none; background: transparent; }\n' +
      '.sim-app #scene-actions:not(:has(#plugin-map-ui > *)) { display: none; }\n' +
      '.sim-app .evidence-panel { width: min(520px, calc(100vw - 24px)); }\n' +
      '.sim-app .evidence-heading { border-width: 0 0 1px; }\n' +
      '.sim-app .evidence-heading strong { font-size: 22px; }\n' +
      '.sim-app .evidence-heading p { color: var(--sim-ink-soft); font-size: 14px; }\n' +
      '.sim-app .plugin-controls label { font-size: 14px; }\n' +
      '.sim-app :is(.sim-field, .sim-program-editor, .plugin-controls input, .plugin-controls select, .mission-field textarea, .data-workbench-page .sim-input) {\n' +
      '  background: #fff;\n' +
      '  color: var(--sim-ink);\n' +
      '  border: 1px solid var(--sim-line-strong);\n' +
      '  border-radius: 2px;\n' +
      '  font: 400 14px/1.5 var(--sim-font);\n' +
      '  min-height: 44px;\n' +
      '  box-shadow: var(--sim-shadow-inset);\n' +
      '}\n' +
      '.sim-app :is(code, pre, .sim-program-editor) { font-family: var(--sim-mono); }\n' +
      '.sim-app .mission-error { grid-column: 1 / -1; font-size: 14px; color: var(--sim-red); }\n' +
      '.sim-app .experience-doc-link { margin: 16px; color: var(--sim-ink); }\n' +
      '.sim-app .loading-screen { background: #f0f1eded; }\n' +
      '.sim-app .loading-status { color: var(--sim-ink); }\n' +
      '.sim-app .loading-progress { background: var(--sim-line); }\n' +
      '.sim-app #loading-progress-bar { width: 50%; background: var(--sim-accent); animation: loading-slide 1.5s ease-in-out infinite alternate; }\n' +
      '@keyframes loading-slide { from { transform: translateX(-50%); } to { transform: translateX(150%); } }\n' +
      '/* Keep the established hexagon chooser, without competing offscreen controls. */\n' +
      '.sim-app #world-tiers-landing-page { background-color: var(--sim-paper); background-image: linear-gradient(var(--sim-lattice) 1px, transparent 1px), linear-gradient(90deg, var(--sim-lattice) 1px, transparent 1px); background-size: 48px 48px; padding-block: 40px 24px; }\n' +
      '.sim-app .landing-header { margin-bottom: 8px; animation: none; }\n' +
      '.sim-app .landing-title { margin: 0 0 8px; color: var(--sim-ink); font: 600 52px/1.1 var(--sim-heading); letter-spacing: -0.035em; }\n' +
      '.sim-app .landing-subtitle, .sim-app .landing-links a { color: var(--s'... 2484 more characters
    
  code: 'ERR_ASSERTION'
  name: 'AssertionError'
  expected:
  actual: |-
    /* World chrome frames the simulation; it never shares the drawing's coordinates. */
    body.sim-app {
      --sim-paper: #f0f1ed;
      --sim-ink: #202924;
      --sim-ink-soft: #4e5b53;
      --sim-ink-faint: #59655d;
      --sim-line: #ccd2ca;
      --sim-line-strong: #939f95;
      --sim-accent: #2d5d46;
      --sim-red: #a12f2f;
      --sim-glass: #fafbf8;
      --sim-glass-soft: #f3f5f0;
      --sim-glass-faint: #e8ede5;
      --sim-highlight: #ffffff;
      --sim-lattice: #dfe4dc;
      --sim-radius: 2px;
      --sim-radius-small: 2px;
      --sim-shadow: 0 2px 5px #1d35200a;
      --sim-shadow-small: 0 1px 2px #1d35200a;
      --sim-shadow-inset: inset 0 1px 2px #1d352008;
      --sim-blur: none;
      height: auto;
      min-height: 100dvh;
      overflow-y: auto;
      overflow-x: hidden;
      font: 400 14px/1.5 var(--sim-font);
      color: var(--sim-ink);
      background: var(--sim-paper);
    }
    .sim-app *, .sim-app *::before, .sim-app *::after { box-sizing: border-box; }
    .sim-app [hidden] { display: none !important; }
    body.sim-app:has(#world-tiers-landing-page:not(.hidden)) .map-workspace { display: none; }
    .sim-app :is(button, a, summary, input, select, textarea, [tabindex]):focus-visible {
      outline: 3px solid var(--sim-accent);
      outline-offset: 3px;
    }
    .sim-app :is(h1, h2, h3, .experience-summary header strong, .evidence-heading strong) {
      font-family: var(--sim-heading);
      font-weight: 600;
      letter-spacing: -0.015em;
    }
    body.sim-app .map-workspace {
      width: min(1440px, 100%);
      height: auto;
      margin-inline: auto;
      padding: 20px 24px 40px;
    }
    body.sim-app .simulation-stage {
      display: grid;
      grid-template-columns: minmax(0, 1fr);
      gap: 12px;
      height: auto;
    }
    body.sim-app .canvas-shell {
      width: 100%;
      height: clamp(320px, 58dvh, 720px);
      min-height: 0;
      overflow: hidden;
      position: relative;
      isolation: isolate;
      background: #060606;
      border: 1px solid var(--sim-line-strong);
    }
    body.sim-app :is(#autonomy-canvas, #overlay-canvas, #semantic-label-canvas) {
      position: absolute;
      inset: 0;
      display: block;
      width: 100%;
      height: 100%;
      margin: 0;
    }
    body.sim-app #follow-minimap { position: absolute; right: 12px; bottom: 12px; width: 180px; height: 130px; }
    body.sim-app .runtime-anchor {
      position: relative;
      inset: auto;
      display: flex;
      flex-wrap: wrap;
      align-items: center;
      justify-content: space-between;
      gap: 12px;
      width: 100%;
      max-width: none;
      padding: 0;
      background: transparent;
      border: 0;
      box-shadow: none;
    }
    .sim-app .runtime-toolbar { display: flex; flex-wrap: wrap; align-items: center; gap: 8px; min-width: 0; }
    .sim-app .sim-product-nav { display: flex; gap: 8px; }
    .sim-app .sim-product-nav a { padding: 10px 12px; min-height: 44px; color: var(--sim-ink); }
    .sim-app .runtime-details { top: calc(100% + 8px); left: auto; right: 0; z-index: 40; max-width: min(440px, calc(100vw - 48px)); }
    .sim-app :is(.sim-surface, .sim-popover, .sim-segmented, .select-options, .evidence-heading) {
      color: var(--sim-ink);
      background: var(--sim-glass);
      border: 1px solid var(--sim-line);
      border-radius: 2px;
      box-shadow: var(--sim-shadow-small);
      backdrop-filter: none;
    }
    .sim-app :is(.sim-action, .drawer-close, .sim-segmented > button, .select-trigger, .status-pill) {
      min-height: 44px;
      padding: 8px 14px;
      font: 500 14px/1.35 var(--sim-font);
      color: var(--sim-ink);
      background: var(--sim-glass);
      border: 1px solid var(--sim-line);
      border-radius: 2px;
      box-shadow: var(--sim-shadow-small);
      text-shadow: none;
      white-space: normal;
    }
    .sim-app :is(.sim-action, .drawer-close, .sim-segmented > button, .select-trigger):hover:not(:disabled) { background: var(--sim-glass-faint); border-color: var(--sim-line-strong); transform: none; }
    .sim-app :is(button, select, input):disabled { opacity: 0.6; cursor: not-allowed; }
    .sim-app .sim-action-primary, .sim-app .sim-action-primary:hover:not(:disabled) {
      background: #25372c;
      color: #fff;
      border-color: #25372c;
      box-shadow: none;
    }
    .sim-app .status-pill { padding-inline: 12px; }
    .sim-app .status-dot { box-shadow: none; animation: none; }
    .sim-app .profile-selector { min-width: 0; max-width: 360px; }
    .sim-app .profile-selector .select-trigger { width: 100%; overflow-wrap: anywhere; }
    .sim-app .profile-selector .select-options { max-height: 55dvh; min-width: 180px; z-index: 50; }
    .sim-app .profile-selector .select-option { min-height: 44px; padding: 10px 14px; color: var(--sim-ink); }
    .sim-app .profile-selector .select-option:is(:hover, .selected, :focus-visible) { background: var(--sim-glass-faint); }
    .sim-app .simulation-viewbar { display: flex; justify-content: space-between; align-items: start; gap: 12px; flex-wrap: wrap; }
    body.sim-app .camera-controls { position: static; display: flex; flex-wrap: wrap; align-items: center; gap: 8px; width: auto; padding: 0; }
    .sim-app .camera-modes { display: flex; flex-wrap: wrap; gap: 4px; max-width: none; padding: 0; overflow: visible; background: transparent; border: 0; box-shadow: none; }
    .sim-app .camera-modes > button { min-width: 96px; flex: 1 0 auto; }
    .sim-app .camera-modes > button.is-active { background: #e0e9df; color: #203326; border-color: #7d947f; box-shadow: none; }
    body.sim-app .decisions-button { position: static; min-width: 148px; }
    body.sim-app #sim-mission-dock {
      position: static;
      inset: auto;
      transform: none;
      width: 100%;
      max-width: none;
      min-width: 0;
      max-height: none;
      display: grid;
      grid-template-columns: minmax(0, 1fr) minmax(240px, 0.8fr);
      gap: 16px;
      padding: 16px;
      overflow: visible;
    }
    body.sim-app #scenario-field { display: grid; padding: 0; min-width: 0; gap: 6px; }
    .sim-app .scenario-picker { display: grid; gap: 5px; color: var(--sim-ink-soft); font-size: 13px; }
    .sim-app #scenario-select { width: 100%; min-width: 0; }
    body.sim-app .scenario-description { display: block; overflow: visible; white-space: normal; text-overflow: clip; font: 400 13px/1.5 var(--sim-font); color: var(--sim-ink-soft); }
    body.sim-app .mission-actions { display: grid; grid-template-columns: repeat(2, minmax(0, 1fr)); align-content: center; gap: 8px; min-width: 0; }
    .sim-app .mission-actions > .sim-action { width: 100%; min-width: 0; justify-content: center; font-size: 14px; }
    .sim-app #start-button, .sim-app #resume-button, .sim-app #pause-button { grid-column: 1; grid-row: 1; }
    .sim-app #reset-button { grid-column: 2; grid-row: 1; }
    .sim-app #shuffle-button, .sim-app #new-mission-button, .sim-app #camera-free { display: none !important; }
    .sim-app .dock-more { display: none; }
    body.sim-app .playback-strip { grid-template-columns: minmax(110px, 0.6fr) minmax(120px, 1.5fr) 90px; gap: 16px; padding-top: 12px; }
    .sim-app .playback-story strong { font-size: 13px; white-space: normal; }
    .sim-app .playback-control { font-size: 13px; }
    .sim-app .playback-timeline-control input { min-height: 44px; }
    body.sim-app .journey-hud { position: static; width: 100%; transform: none; }
    body.sim-app #experience-summary { position: static; width: 100%; max-width: none; max-height: none; overflow: visible; padding: 14px 16px; }
    .sim-app #experience-summary > summary { cursor: pointer; font-weight: 600; }
    .sim-app #experience-summary[open] > header { margin-top: 12px; }
    .sim-app .experience-summary header strong { font-size: 20px; }
    .sim-app .experience-summary :is(p, dt, dd, .experience-story) { font-size: 14px; line-height: 1.5; }
    .sim-app .experience-summary dl { grid-template-columns: repeat(auto-fit, minmax(200px, 1fr)); gap: 0 24px; }
    .sim-app .experience-summary dl > div { font: 400 14px/1.5 var(--sim-font); }
    .sim-app .experience-summary dd { font-variant-numeric: tabular-nums; }
    .sim-app .experience-story { grid-template-columns: repeat(2, minmax(0, 1fr)); }
    .sim-app .experience-story > div { display: grid; grid-template-columns: 1fr; gap: 4px; }
    .sim-app #plugin-map-ui { position: static; width: 100%; max-height: none; pointer-events: auto; overflow: visible; }
    .sim-app #plugin-map-ui:empty { display: none; }
    .sim-app .plugin-map-card { border: 0; box-shadow: none; background: transparent; }
    .sim-app #scene-actions:not(:has(#plugin-map-ui > *)) { display: none; }
    .sim-app .evidence-panel { width: min(520px, calc(100vw - 24px)); }
    .sim-app .evidence-heading { border-width: 0 0 1px; }
    .sim-app .evidence-heading strong { font-size: 22px; }
    .sim-app .evidence-heading p { color: var(--sim-ink-soft); font-size: 14px; }
    .sim-app .plugin-controls label { font-size: 14px; }
    .sim-app :is(.sim-field, .sim-program-editor, .plugin-controls input, .plugin-controls select, .mission-field textarea, .data-workbench-page .sim-input) {
      background: #fff;
      color: var(--sim-ink);
      border: 1px solid var(--sim-line-strong);
      border-radius: 2px;
      font: 400 14px/1.5 var(--sim-font);
      min-height: 44px;
      box-shadow: var(--sim-shadow-inset);
    }
    .sim-app :is(code, pre, .sim-program-editor) { font-family: var(--sim-mono); }
    .sim-app .mission-error { grid-column: 1 / -1; font-size: 14px; color: var(--sim-red); }
    .sim-app .experience-doc-link { margin: 16px; color: var(--sim-ink); }
    .sim-app .loading-screen { background: #f0f1eded; }
    .sim-app .loading-status { color: var(--sim-ink); }
    .sim-app .loading-progress { background: var(--sim-line); }
    .sim-app #loading-progress-bar { width: 50%; background: var(--sim-accent); animation: loading-slide 1.5s ease-in-out infinite alternate; }
    @keyframes loading-slide { from { transform: translateX(-50%); } to { transform: translateX(150%); } }
    /* Keep the established hexagon chooser, without competing offscreen controls. */
    .sim-app #world-tiers-landing-page { background-color: var(--sim-paper); background-image: linear-gradient(var(--sim-lattice) 1px, transparent 1px), linear-gradient(90deg, var(--sim-lattice) 1px, transparent 1px); background-size: 48px 48px; padding-block: 40px 24px; }
    .sim-app .landing-header { margin-bottom: 8px; animation: none; }
    .sim-app .landing-title { margin: 0 0 8px; color: var(--sim-ink); font: 600 52px/1.1 var(--sim-heading); letter-spacing: -0.035em; }
    .sim-app .landing-subtitle, .sim-app .landing-links a { color: var(--sim-ink-soft); }
    .sim-app .landing-links a { display: inline-block; padding: 10px 16px; min-height: 44px; border: 1px solid var(--sim-line); background: var(--sim-glass); }
    .sim-app :is(.hex-hub, .hex-satellite) { background: var(--sim-line-strong); filter: none; }
    .sim-app :is(.hex-hub-inner, .hex-satellite-inner) { background: linear-gradient(145deg, #fff, #e9ede5); }
    .sim-app :is(.hex-hub-inner, .hex-satellite-inner)::before { background: none; }
    .sim-app .hex-satellite:hover .hex-satellite-inner { background: #fff; }
    .sim-app :is(.hex-hub-badge, .hex-badge, .hex-hub-icon, .hex-icon, .hex-hub-action) { color: var(--sim-ink-soft); background: transparent; }
    .sim-app :is(.hex-hub-title, .hex-title) { color: var(--sim-ink); font: 600 20px/1.2 var(--sim-heading); }
    .sim-app :is(.hex-hub-desc, .hex-desc) { color: var(--sim-ink-soft); font-size: 13px; }
    .sim-app .hex-constellation-web { opacity: 0.2; }
    .sim-app .data-workbench-page { color: var(--sim-ink); background: var(--sim-paper); }
    @media (max-width: 700px) {
      body.sim-app .map-workspace { padding: 12px 12px 28px; }
      body.sim-app .runtime-anchor { display: grid; gap: 8px; }
      .sim-app .runtime-toolbar { display: grid; grid-template-columns: auto minmax(0, 1fr); }
      .sim-app #application-profile-control { grid-column: 1 / -1; max-width: none; }
      .sim-app .profile-selector { max-width: none; }
      body.sim-app .canvas-shell { height: clamp(320px, 48dvh, 480px); }
      .sim-app .simulation-viewbar { display: grid; grid-template-columns: minmax(0, 1fr); }
      body.sim-app .camera-controls { display: grid; grid-template-columns: minmax(0, 1fr) auto; }
      .sim-app .camera-modes > button { min-width: 76px; padding-inline: 8px; font-size: 13px; }
      body.sim-app .decisions-button { width: 100%; }
      body.sim-app #sim-mission-dock { grid-template-columns: minmax(0, 1fr); padding: 12px; }
      body.sim-app .playback-strip { grid-template-columns: minmax(0, 1fr) 90px; }
      .sim-app .playback-story { grid-column: 1 / -1; }
      .sim-app .experience-story { grid-template-columns: 1fr; }
      .sim-app :is(.plugin-controls input, .plugin-controls select, .sim-field, .mission-field textarea) { font-size: 16px; }
      body.sim-app #follow-minimap { width: 120px; height: 90px; }
      .sim-app .landing-title { font-size: 42px; }
      .sim-app :is(.hex-hub-title, .hex-title) { font-size: 16px; }
    }
    @media (prefers-reduced-motion: reduce) {
      .sim-app *, .sim-app *::before { animation: none !important; transition: none !important; }
    }
    
  operator: 'match'
  stack: |-
    TestContext.<anonymous> (/home/clocksmith/deco/simulatte/tests/design-system.test.cjs:81:10)
    Test.runInAsyncScope (node:async_hooks:214:14)
    Test.run (node:internal/test_runner/test:1047:25)
    Test.processPendingSubtests (node:internal/test_runner/test:744:18)
    Test.postRun (node:internal/test_runner/test:1173:19)
    Test.run (node:internal/test_runner/test:1101:12)
    async Test.processPendingSubtests (node:internal/test_runner/test:744:7)
  ...
# Subtest: Create shares the World typography and monochrome theme rather than forking its palette
ok 7 - Create shares the World typography and monochrome theme rather than forking its palette
  ---
  duration_ms: 0.21466
  type: 'test'
  ...
# Subtest: plugin runtime activates a least-authority fixture, sequences state, contributes UI, and disposes
ok 8 - plugin runtime activates a least-authority fixture, sequences state, contributes UI, and disposes
  ---
  duration_ms: 58.403185
  type: 'test'
  ...
# Subtest: data catalog lazily loads only declared hash-pinned shards and reuses the verified result
ok 9 - data catalog lazily loads only declared hash-pinned shards and reuses the verified result
  ---
  duration_ms: 0.889877
  type: 'test'
  ...
# Subtest: application interactions expose governed seeds without presenting mission prose as input
ok 10 - application interactions expose governed seeds without presenting mission prose as input
  ---
  duration_ms: 0.813277
  type: 'test'
  ...
# Subtest: plugin runtime forwards scenario changes through the generic lifecycle
ok 11 - plugin runtime forwards scenario changes through the generic lifecycle
  ---
  duration_ms: 10.46578
  type: 'test'
  ...
# Subtest: plugin runtime clones action and capability results before exposing them
ok 12 - plugin runtime clones action and capability results before exposing them
  ---
  duration_ms: 6.358189
  type: 'test'
  ...
# Subtest: plugin runtime disposes activated plugins when a later activation fails
ok 13 - plugin runtime disposes activated plugins when a later activation fails
  ---
  duration_ms: 6.933312
  type: 'test'
  ...
# Subtest: plugin runtime disposes every plugin and reports disposal failures
ok 14 - plugin runtime disposes every plugin and reports disposal failures
  ---
  duration_ms: 6.562242
  type: 'test'
  ...
# Subtest: plugin runtime owns an immutable scenario snapshot
ok 15 - plugin runtime owns an immutable scenario snapshot
  ---
  duration_ms: 7.54437
  type: 'test'
  ...
# Subtest: plugin runtime rolls back applied scenario changes after a plugin rejects one
ok 16 - plugin runtime rolls back applied scenario changes after a plugin rejects one
  ---
  duration_ms: 9.222259
  type: 'test'
  ...
# Subtest: plugin runtime serializes overlapping scenario changes
ok 17 - plugin runtime serializes overlapping scenario changes
  ---
  duration_ms: 10.27841
  type: 'test'
  ...
# Subtest: plugin runtime rejects public work after disposal instead of reading cleared instances
ok 18 - plugin runtime rejects public work after disposal instead of reading cleared instances
  ---
  duration_ms: 7.331011
  type: 'test'
  ...
# Subtest: plugin runtime disposal is idempotent for overlapping callers
ok 19 - plugin runtime disposal is idempotent for overlapping callers
  ---
  duration_ms: 4.46932
  type: 'test'
  ...
# Subtest: plugin runtime completes queued scenario work before disposal closes plugins
ok 20 - plugin runtime completes queued scenario work before disposal closes plugins
  ---
  duration_ms: 6.249555
  type: 'test'
  ...
# Subtest: plugin contracts reject undeclared authority and capability cycles fail before activation
ok 21 - plugin contracts reject undeclared authority and capability cycles fail before activation
  ---
  duration_ms: 4.98122
  type: 'test'
  ...
# Subtest: executable plugin activation fails closed without current trust or after revocation
ok 22 - executable plugin activation fails closed without current trust or after revocation
  ---
  duration_ms: 0.414966
  type: 'test'
  ...
# Subtest: every repository plugin carries current same-realm trust without marketplace claims
ok 23 - every repository plugin carries current same-realm trust without marketplace claims
  ---
  duration_ms: 12.044084
  type: 'test'
  ...
# Subtest: request contributions reject fields outside the versioned host contract
ok 24 - request contributions reject fields outside the versioned host contract
  ---
  duration_ms: 0.306168
  type: 'test'
  ...
# Subtest: plugin UI contract reserves map overlays for interaction and rejects duplicate HUD surfaces
ok 25 - plugin UI contract reserves map overlays for interaction and rejects duplicate HUD surfaces
  ---
  duration_ms: 0.097148
  type: 'test'
  ...
# Subtest: legacy numeric UI fields retain finite bounds for v4 normalization
ok 26 - legacy numeric UI fields retain finite bounds for v4 normalization
  ---
  duration_ms: 0.246008
  type: 'test'
  ...
# Subtest: plugin presentation is validated and compiled into namespaced renderer data
ok 27 - plugin presentation is validated and compiled into namespaced renderer data
  ---
  duration_ms: 1.347048
  type: 'test'
  ...
# Subtest: experience camera configuration targets only an active plugin
ok 28 - experience camera configuration targets only an active plugin
  ---
  duration_ms: 0.292907
  type: 'test'
  ...
# Subtest: application profiles declare when plugin evidence owns the visible world detail
ok 29 - application profiles declare when plugin evidence owns the visible world detail
  ---
  duration_ms: 0.594823
  type: 'test'
  ...
# Subtest: every connected application profile declares an explicit performance budget
ok 30 - every connected application profile declares an explicit performance budget
  ---
  duration_ms: 1.614905
  type: 'test'
  ...
# Subtest: platform bootstrap has no named plugin import
ok 31 - platform bootstrap has no named plugin import
  ---
  duration_ms: 0.264707
  type: 'test'
  ...
# Subtest: Main exposes governed profile selection and disposes plugins on teardown
ok 32 - Main exposes governed profile selection and disposes plugins on teardown
  ---
  duration_ms: 1.90611
  type: 'test'
  ...
1..32
# tests 32
# suites 0
# pass 30
# fail 2
# cancelled 0
# skipped 0
# todo 0
# duration_ms 237.824564
