{
  "ok": true,
  "report": "/home/clocksmith/deco/simulatte/artifacts/create-rearchitecture-baseline/browser-normalization-desktop/1440x1000.json",
  "screenshot": "/home/clocksmith/deco/simulatte/artifacts/create-rearchitecture-baseline/browser-normalization-desktop/1440x1000.png",
  "receipt": {
    "schema": "simulatte.worldSpecEditorBrowserAudit.v1",
    "buildId": "96f2786134295b6d36257f272d78ebb11b8411f0-5b754ed3ad19",
    "boundarySetId": "simulatte-public-boundary-v1",
    "boundaryRowId": "unsupported-neologism-edit-replay",
    "boundaryKind": "unsupported-edit-replay",
    "boundaryContractSha256": "ec03f020d14b5fb4af51eed04c7b4b04f0a1fa38ebb292f0588acff4f854e9f0",
    "adHocPromptOverride": false,
    "viewport": {
      "width": 1440,
      "height": 1000
    },
    "prompt": "a red ball beside a qzxwplk",
    "supportedEntityType": "ball",
    "unsupportedLabel": "qzxwplk",
    "unsupportedNodeId": "unresolved-span3",
    "initialUnsupportedRequirements": [
      {
        "id": "span3",
        "label": "qzxwplk",
        "reason": "no grounded concept or primitive support"
      },
      {
        "canonicalId": "unresolved.qzxwplk",
        "id": "unresolved-span3",
        "label": "Qzxwplk",
        "reason": "semantic node has no simulator primitive mapping"
      }
    ],
    "editedUnsupportedRequirements": [
      {
        "id": "span3",
        "label": "qzxwplk",
        "reason": "no grounded concept or primitive support"
      },
      {
        "canonicalId": "unresolved.qzxwplk",
        "id": "unresolved-span3",
        "label": "Qzxwplk",
        "reason": "semantic node has no simulator primitive mapping"
      }
    ],
    "unsupportedNodeRemoved": true,
    "initialSceneProofVerdict": "fail",
    "initialRequiredFailures": [
      {
        "schema": "simulatte.sceneProofObligation.v1",
        "obligationId": "entity:qzxwplk",
        "kind": "object",
        "target": "qzxwplk",
        "required": true,
        "sourceStatus": "unsupported",
        "evidence": [],
        "status": "unsupported",
        "reason": "carried unsupported status"
      },
      {
        "schema": "simulatte.sceneProofObligation.v1",
        "obligationId": "relation:entity-ball:spatial-constraint:entity-qzxwplk",
        "kind": "relation",
        "target": "entity-ball:spatial-constraint:entity-qzxwplk",
        "required": true,
        "sourceStatus": "unsupported",
        "evidence": [],
        "status": "unsupported",
        "reason": "carried unsupported status"
      },
      {
        "schema": "simulatte.sceneProofObligation.v1",
        "obligationId": "relation:spatial:entity-ball:beside:entity-qzxwplk",
        "kind": "relation",
        "target": "spatial:entity-ball:beside:entity-qzxwplk",
        "required": true,
        "sourceStatus": "unsupported",
        "evidence": [],
        "status": "unsupported",
        "reason": "carried unsupported status"
      }
    ],
    "originalColor": "#ef3340",
    "editedColor": "#00aa44",
    "visualColor": "#00aa44",
    "replacementColorGeometryPartCount": 1,
    "constructionTopologyId": "spherical-body",
    "constructionTopologyTargetFit": true,
    "constructionPartIds": [
      "sphere-body",
      "specular-highlight"
    ],
    "propertyObligationIds": [
      "visual:user-override-property-ball-color-#00aa44"
    ],
    "propertyObligationValues": [
      "#00aa44"
    ],
    "propertyObligationStatuses": [
      "preserved"
    ],
    "propertyObligationAuthorities": [
      "userOverride"
    ],
    "patchAuthority": "userOverride",
    "propertyPatchId": "patch:1:1c073065",
    "patchAffectedObligationIds": [
      "entity:ball",
      "relation:entity-ball:spatial-constraint:entity-qzxwplk",
      "relation:spatial:entity-ball:beside:entity-qzxwplk",
      "visual:prompt-property-ball-color-#ef3340"
    ],
    "semanticPropertyAuthority": "userOverride",
    "semanticPropertyPatchIds": [
      "patch:1:1c073065"
    ],
    "improvementRecord": {
      "schema": "simulatte.worldImprovementRecord.v1",
      "contentHash": "fnv1a32:107d5bd9",
      "status": "successful-replay",
      "promptHash": "fnv1a32:189b70b6",
      "failureWorldSpecContentHash": "fnv1a32:d77a3386",
      "failureWorldProofContentHash": "fnv1a32:7ea551a3",
      "failureWorldProofVerdict": "fail",
      "failurePhaseCount": 6,
      "failurePhaseSchemas": [
        "simulatte.phase1.output.v1",
        "simulatte.phase2.output.v1",
        "simulatte.phase3.output.v2",
        "simulatte.phase4.output.v2",
        "simulatte.phase5.output.v2",
        "simulatte.phase6.output.v2"
      ],
      "patchIds": [
        "patch:1:ee981e07",
        "patch:1:0d53d7e7",
        "patch:1:1c073065",
        "patch:1:7f66c7f5"
      ],
      "affectedObligationIds": [
        "entity:ball",
        "entity:qzxwplk",
        "relation:entity-ball:spatial-constraint:entity-qzxwplk",
        "relation:spatial:entity-ball:beside:entity-qzxwplk",
        "visual:prompt-property-ball-color-#ef3340"
      ],
      "successWorldSpecContentHash": "fnv1a32:5b8e4d76",
      "successWorldProofContentHash": "fnv1a32:29917475",
      "successWorldProofVerdict": "pass",
      "successReplayStatus": "pass",
      "successPhaseCount": 6,
      "earliestObservableDivergence": {
        "schema": "simulatte.worldImprovementDivergence.v1",
        "phase": 8,
        "proofClass": "visual",
        "status": "fail",
        "failure": "required visible obligations did not all pass"
      },
      "causalAttributionStatus": "not-attributed",
      "adjudicationStatus": "pending",
      "populationPartition": "unassigned",
      "generalizationStatus": "not-evaluated",
      "corpusDisposition": "diagnostic-only",
      "exportInitiallyDisabled": true,
      "exportEnabled": true,
      "exportStatus": "ready",
      "exportedBytes": 10547407,
      "exportedSchema": "simulatte.worldImprovementRecord.v1",
      "exportedContentHash": "fnv1a32:107d5bd9"
    },
    "exchange": {
      "schema": "simulatte.worldSpecBrowserExchange.v1",
      "exportedContentHash": "fnv1a32:5b8e4d76",
      "exportedRevision": 1,
      "exportedBytes": 729327,
      "compilerEvidenceOmitted": true,
      "importedContentHash": "fnv1a32:5b8e4d76",
      "importedRevision": 1,
      "importedPhaseSchemas": [
        "simulatte.phase1.output.v1",
        "simulatte.phase2.output.v1",
        "simulatte.phase3.output.v2",
        "simulatte.phase4.output.v2",
        "simulatte.phase5.output.v2",
        "simulatte.phase6.output.v2"
      ],
      "importAuthority": "world-spec",
      "sourcePrompt": "a red ball beside a qzxwplk",
      "beforeRenderInputSerial": 2,
      "renderInputSerial": 3,
      "beforeRenderCount": 10,
      "renderCount": 13
    },
    "reconciliation": {
      "pendingPlanId": "reconciliation-plan:623ba29f",
      "pendingWorldSpecContentHash": "fnv1a32:5b8e4d76",
      "acceptedPatchCount": 4,
      "fieldCount": 4,
      "preserveControlEnabled": true,
      "controlsFitViewport": true,
      "receipt": {
        "schema": "simulatte.worldSpecReconciliationReceipt.v1",
        "id": "reconciliation:1bf77578",
        "planId": "reconciliation-plan:623ba29f",
        "decision": "preserve-overrides",
        "decidedBy": "local-user",
        "previousWorldSpecContentHash": "fnv1a32:5b8e4d76",
        "compiledWorldSpecContentHash": "fnv1a32:d77a3386",
        "resultWorldSpecContentHash": "fnv1a32:845934cc",
        "acceptedPatchIds": [
          "patch:1:ee981e07",
          "patch:1:0d53d7e7",
          "patch:1:1c073065",
          "patch:1:7f66c7f5"
        ],
        "effectiveOverrideCount": 4,
        "conflictCount": 0,
        "unavailableCount": 0,
        "preservedTargetPaths": [
          "/safety/rules/0",
          "/safety/status",
          "/universeGraph/nodes/0/properties/0/value",
          "/universeGraph/nodes/1"
        ]
      },
      "record": {
        "compiledWorldSpec": {
          "contentHash": "fnv1a32:d77a3386",
          "id": "red-ball-beside-qzxwplk-1fbnvv7",
          "revision": 0
        },
        "decidedBy": "local-user",
        "decision": "preserve-overrides",
        "effectiveOverrides": [
          {
            "acceptedValue": {
              "description": "Keep the proof trajectory within one simulated second",
              "expected": null,
              "id": "safety:elapsed-time-bound",
              "maximum": 1,
              "minimum": 0,
              "operator": "between",
              "schema": "simulatte.worldSpecSafetyRule.v1",
              "severity": "block",
              "statePath": "/t",
              "tolerance": 1e-12
            },
            "priorCompilerValue": {
              "schema": "simulatte.absentValue.v1"
            },
            "recompiledValue": {
              "schema": "simulatte.absentValue.v1"
            },
            "status": "unchanged-baseline",
            "targetPath": "/safety/rules/0"
          },
          {
            "acceptedValue": "declared",
            "priorCompilerValue": "not-declared",
            "recompiledValue": "not-declared",
            "status": "unchanged-baseline",
            "targetPath": "/safety/status"
          },
          {
            "acceptedValue": "#00aa44",
            "priorCompilerValue": "#ef3340",
            "recompiledValue": "#ef3340",
            "status": "unchanged-baseline",
            "targetPath": "/universeGraph/nodes/0/properties/0/value"
          },
          {
            "acceptedValue": {
              "schema": "simulatte.absentValue.v1"
            },
            "priorCompilerValue": {
              "canonicalId": "unresolved.qzxwplk",
              "directlyGrounded": false,
              "domains": [],
              "evidence": [
                "prompt-span:span3"
              ],
              "id": "unresolved-span3",
              "label": "Qzxwplk",
              "operatorHints": [],
              "operatorTypes": [],
              "primitiveHints": [],
              "semanticClass": "",
              "semanticRole": "",
              "semanticType": "concept",
              "sourceLabel": "qzxwplk",
              "spanId": "span3",
              "supportOnly": true,
              "unresolved": true
            },
            "recompiledValue": {
              "canonicalId": "unresolved.qzxwplk",
              "directlyGrounded": false,
              "domains": [],
              "evidence": [
                "prompt-span:span3"
              ],
              "id": "unresolved-span3",
              "label": "Qzxwplk",
              "operatorHints": [],
              "operatorTypes": [],
              "primitiveHints": [],
              "semanticClass": "",
              "semanticRole": "",
              "semanticType": "concept",
              "sourceLabel": "qzxwplk",
              "spanId": "span3",
              "supportOnly": true,
              "unresolved": true
            },
            "status": "unchanged-baseline",
            "targetPath": "/universeGraph/nodes/1"
          }
        ],
        "id": "reconciliation:1bf77578",
        "previousWorldSpec": {
          "contentHash": "fnv1a32:5b8e4d76",
          "id": "red-ball-beside-qzxwplk-1fbnvv7",
          "patchIds": [
            "patch:1:ee981e07",
            "patch:1:0d53d7e7",
            "patch:1:1c073065",
            "patch:1:7f66c7f5"
          ],
          "revision": 1
        },
        "schema": "simulatte.worldSpecReconciliation.v1"
      },
      "resultContentHash": "fnv1a32:845934cc",
      "resultRevision": 1,
      "resultColor": "#00aa44",
      "unsupportedNodeRemoved": true,
      "beforeRenderInputSerial": 5,
      "renderInputSerial": 6,
      "dialogState": "preserve-overrides",
      "dialogOpen": false
    },
    "before": {
      "contentHash": "fnv1a32:d77a3386",
      "revision": 0,
      "renderCount": 6,
      "renderInputSerial": 1,
      "sceneProofVerdict": "fail",
      "requiredFailures": [
        {
          "schema": "simulatte.sceneProofObligation.v1",
          "obligationId": "entity:qzxwplk",
          "kind": "object",
          "target": "qzxwplk",
          "required": true,
          "sourceStatus": "unsupported",
          "evidence": [],
          "status": "unsupported",
          "reason": "carried unsupported status"
        },
        {
          "schema": "simulatte.sceneProofObligation.v1",
          "obligationId": "relation:entity-ball:spatial-constraint:entity-qzxwplk",
          "kind": "relation",
          "target": "entity-ball:spatial-constraint:entity-qzxwplk",
          "required": true,
          "sourceStatus": "unsupported",
          "evidence": [],
          "status": "unsupported",
          "reason": "carried unsupported status"
        },
        {
          "schema": "simulatte.sceneProofObligation.v1",
          "obligationId": "relation:spatial:entity-ball:beside:entity-qzxwplk",
          "kind": "relation",
          "target": "spatial:entity-ball:beside:entity-qzxwplk",
          "required": true,
          "sourceStatus": "unsupported",
          "evidence": [],
          "status": "unsupported",
          "reason": "carried unsupported status"
        }
      ]
    },
    "after": {
      "contentHash": "fnv1a32:5b8e4d76",
      "revision": 1,
      "renderCount": 97,
      "renderInputSerial": 5
    },
    "editorStatus": "ready",
    "sceneVisible": "true",
    "renderer": "webgpu",
    "rendererStatus": "WebGPU renderer ready",
    "sceneProofVerdict": "pass",
    "sceneProofRequiredFailures": [],
    "worldProofVerdict": "pass",
    "worldProofContentHash": "fnv1a32:29917475",
    "worldProofWorldSpecHash": "fnv1a32:5b8e4d76",
    "worldProofCriticalFailures": [],
    "worldProofClassStatuses": {
      "intent": "pass",
      "semantic": "pass",
      "compilation": "pass",
      "simulation": "pass",
      "interaction": "pass",
      "safety": "pass",
      "visual": "pass",
      "replay": "pass"
    },
    "intentProofStatus": "pass",
    "intentProofRequirementHash": "fnv1a32:977ad4d5",
    "intentProofSettlementHash": "fnv1a32:1ce33e43",
    "intentProofAcceptedCount": 2,
    "intentProofRefusalCount": 2,
    "intentProofUnresolvedCount": 0,
    "intentProofLostCount": 0,
    "semanticProofStatus": "pass",
    "semanticProofLedgerHash": "fnv1a32:797ff7f1",
    "semanticProofGraphHash": "fnv1a32:b251c341",
    "semanticProofBindingCount": 2,
    "semanticProofProvenCount": 2,
    "semanticProofMissingCount": 0,
    "compilerDeterminismStatus": "pass",
    "compilerDeterminismInputHash": "fnv1a32:685ddf1e",
    "compilerDeterminismBaselineHash": "fnv1a32:d77a3386",
    "compilerDeterminismRecompiledHash": "fnv1a32:d77a3386",
    "compilerDeterminismLane": "pipeline-worker",
    "simulationReproducibilityStatus": "pass",
    "simulationReproducibilityBaselineHash": "fnv1a32:6eb38e40",
    "simulationReproducibilityReplayHash": "fnv1a32:6eb38e40",
    "simulationReproducibilityMaxDelta": 0,
    "interactionProofStatus": "pass",
    "interactionProofContentHash": "fnv1a32:c694c523",
    "interactionProofProgramHash": "fnv1a32:9160b87e",
    "interactionProofTransitionHash": "fnv1a32:4b1492d1",
    "interactionProofProvenTransitionCount": 4,
    "interactionProofInvalidTransitionCount": 0,
    "interactionProofChangedChannelCount": 2,
    "safetyProofStatus": "pass",
    "safetyProofDecision": "allow",
    "safetyProofRulesHash": "fnv1a32:7f74947a",
    "safetyProofBaselineHash": "fnv1a32:411c8480",
    "safetyProofReplayHash": "fnv1a32:411c8480",
    "auditTiming": {
      "schema": "simulatte.worldSpecEditorAuditTiming.v1",
      "durationMs": 10276
    },
    "documentFitsViewport": true,
    "controlsFitViewport": true,
    "browserMemory": {
      "schema": "simulatte.browserMemoryReceipt.v1",
      "status": "pass",
      "basis": "single-prompt-browser-execution-window",
      "measurementMode": "forced-gc-retained-heap-plus-periodic-observed-peak",
      "sampleIntervalMs": 25,
      "sampleCount": 169,
      "initialUsedJsHeapBytes": 12250366,
      "finalUsedJsHeapBytes": 28187697,
      "finalBeforeGcUsedJsHeapBytes": 71790833,
      "retainedDeltaBytes": 15937331,
      "observedPeakUsedJsHeapBytes": 156812508,
      "observedPeakAtMs": 8515.4,
      "maximumTotalJsHeapBytes": 196033208,
      "boundarySamples": [
        {
          "atMs": 0.1,
          "boundary": "window-start",
          "usedJsHeapBytes": 12250366,
          "totalJsHeapBytes": 12750002
        },
        {
          "atMs": 10317.1,
          "boundary": "window-end-before-gc",
          "usedJsHeapBytes": 71790833,
          "totalJsHeapBytes": 132867641
        },
        {
          "atMs": 10697.6,
          "boundary": "window-end",
          "usedJsHeapBytes": 28187697,
          "totalJsHeapBytes": 29736209
        }
      ],
      "physicalGpuMemory": {
        "status": "not-measured",
        "reason": "WebGPU does not expose physical driver allocation telemetry"
      }
    }
  }
}
