
> folder-contracts:update
> node tools/sync-folder-contracts.mjs --write --catalog-root=../ouroboros

Wrote docs/simulatte/folder-contract.json.
Folder-contract mirrors synchronized from /home/clocksmith/deco/ouroboros.

> catscan:sync
> node tools/check-catscan.mjs --write

CATSCAN index wrote docs/component-index.md with 39 components.

> sync:artifacts
> node tools/sync-generated-artifact-inventory.mjs --write

Wrote public/data/generated-artifact-inventory.json.

> sync:artifacts
> node tools/sync-generated-artifact-inventory.mjs --write

Wrote public/data/generated-artifact-inventory.json.

> folder-contracts:update
> node tools/sync-folder-contracts.mjs --write --catalog-root=../ouroboros

Wrote docs/simulatte/folder-contract.json.
Folder-contract mirrors synchronized from /home/clocksmith/deco/ouroboros.

> sync:artifacts
> node tools/sync-generated-artifact-inventory.mjs --write

Wrote public/data/generated-artifact-inventory.json.
