{
  "ok": true,
  "report": "/home/clocksmith/deco/simulatte/artifacts/create-rearchitecture-baseline/managed-render-editor-compatibility/1440x1000.json",
  "screenshot": "/home/clocksmith/deco/simulatte/artifacts/create-rearchitecture-baseline/managed-render-editor-compatibility/1440x1000.png",
  "receipt": {
    "schema": "simulatte.worldSpecEditorBrowserAudit.v1",
    "buildId": "96f2786134295b6d36257f272d78ebb11b8411f0-5b754ed3ad19",
    "boundarySetId": "simulatte-public-boundary-v1",
    "boundaryRowId": "unsupported-neologism-edit-replay",
    "boundaryKind": "unsupported-edit-replay",
    "boundaryContractSha256": "ec03f020d14b5fb4af51eed04c7b4b04f0a1fa38ebb292f0588acff4f854e9f0",
    "adHocPromptOverride": false,
    "viewport": {
      "width": 1440,
      "height": 1000
    },
    "frameEvidence": {
      "schema": "simulatte.renderFrameEvidence.v1",
      "renderCount": 147,
      "readbackSerial": 28,
      "viewport": {
        "height": 326,
        "width": 326
      },
      "simulationReceiptMatches": true,
      "viewportMatches": true,
      "frameMatches": true,
      "pixelReadbackMatches": true
    },
    "prompt": "a red ball beside a qzxwplk",
    "supportedEntityType": "ball",
    "unsupportedLabel": "qzxwplk",
    "unsupportedNodeId": "unresolved-span3",
    "initialUnsupportedRequirements": [
      {
        "id": "span3",
        "label": "qzxwplk",
        "reason": "no grounded concept or primitive support"
      },
      {
        "canonicalId": "unresolved.qzxwplk",
        "id": "unresolved-span3",
        "label": "Qzxwplk",
        "reason": "semantic node has no simulator primitive mapping"
      }
    ],
    "editedUnsupportedRequirements": [
      {
        "id": "span3",
        "label": "qzxwplk",
        "reason": "no grounded concept or primitive support"
      },
      {
        "canonicalId": "unresolved.qzxwplk",
        "id": "unresolved-span3",
        "label": "Qzxwplk",
        "reason": "semantic node has no simulator primitive mapping"
      }
    ],
    "unsupportedNodeRemoved": true,
    "initialSceneProofVerdict": "fail",
    "initialRequiredFailures": [
      {
        "schema": "simulatte.sceneProofObligation.v1",
        "obligationId": "entity:qzxwplk",
        "kind": "object",
        "target": "qzxwplk",
        "required": true,
        "sourceStatus": "unsupported",
        "evidence": [],
        "status": "unsupported",
        "reason": "carried unsupported status"
      },
      {
        "schema": "simulatte.sceneProofObligation.v1",
        "obligationId": "relation:entity-ball:spatial-constraint:entity-qzxwplk",
        "kind": "relation",
        "target": "entity-ball:spatial-constraint:entity-qzxwplk",
        "required": true,
        "sourceStatus": "unsupported",
        "evidence": [],
        "status": "unsupported",
        "reason": "carried unsupported status"
      },
      {
        "schema": "simulatte.sceneProofObligation.v1",
        "obligationId": "relation:spatial:entity-ball:beside:entity-qzxwplk",
        "kind": "relation",
        "target": "spatial:entity-ball:beside:entity-qzxwplk",
        "required": true,
        "sourceStatus": "unsupported",
        "evidence": [],
        "status": "unsupported",
        "reason": "carried unsupported status"
      }
    ],
    "originalColor": "#ef3340",
    "editedColor": "#00aa44",
    "visualColor": "#00aa44",
    "replacementColorGeometryPartCount": 1,
    "constructionTopologyId": "spherical-body",
    "constructionTopologyTargetFit": true,
    "constructionPartIds": [
      "sphere-body",
      "specular-highlight"
    ],
    "propertyObligationIds": [
      "visual:user-override-property-ball-color-#00aa44"
    ],
    "propertyObligationValues": [
      "#00aa44"
    ],
    "propertyObligationStatuses": [
      "preserved"
    ],
    "propertyObligationAuthorities": [
      "userOverride"
    ],
    "patchAuthority": "userOverride",
    "propertyPatchId": "patch:1:05db82e0",
    "patchAffectedObligationIds": [
      "entity:ball",
      "relation:entity-ball:spatial-constraint:entity-qzxwplk",
      "relation:spatial:entity-ball:beside:entity-qzxwplk",
      "visual:prompt-property-ball-color-#ef3340"
    ],
    "semanticPropertyAuthority": "userOverride",
    "semanticPropertyPatchIds": [
      "patch:1:05db82e0"
    ],
    "improvementRecord": {
      "schema": "simulatte.worldImprovementRecord.v1",
      "contentHash": "fnv1a32:b29cb01e",
      "status": "successful-replay",
      "promptHash": "fnv1a32:189b70b6",
      "failureWorldSpecContentHash": "fnv1a32:dc2d31d7",
      "failureWorldProofContentHash": "fnv1a32:618405f8",
      "failureWorldProofVerdict": "fail",
      "failurePhaseCount": 6,
      "failurePhaseSchemas": [
        "simulatte.phase1.output.v1",
        "simulatte.phase2.output.v1",
        "simulatte.phase3.output.v2",
        "simulatte.phase4.output.v2",
        "simulatte.phase5.output.v2",
        "simulatte.phase6.output.v2"
      ],
      "patchIds": [
        "patch:1:1536797e",
        "patch:1:eea24d5e",
        "patch:1:05db82e0",
        "patch:1:481c90d0"
      ],
      "affectedObligationIds": [
        "entity:ball",
        "entity:qzxwplk",
        "relation:entity-ball:spatial-constraint:entity-qzxwplk",
        "relation:spatial:entity-ball:beside:entity-qzxwplk",
        "visual:prompt-property-ball-color-#ef3340"
      ],
      "successWorldSpecContentHash": "fnv1a32:f00a600c",
      "successWorldProofContentHash": "fnv1a32:b49dd990",
      "successWorldProofVerdict": "pass",
      "successReplayStatus": "pass",
      "successPhaseCount": 6,
      "earliestObservableDivergence": {
        "schema": "simulatte.worldImprovementDivergence.v1",
        "phase": 8,
        "proofClass": "visual",
        "status": "fail",
        "failure": "required visible obligations did not all pass"
      },
      "causalAttributionStatus": "not-attributed",
      "adjudicationStatus": "pending",
      "populationPartition": "unassigned",
      "generalizationStatus": "not-evaluated",
      "corpusDisposition": "diagnostic-only",
      "exportInitiallyDisabled": true,
      "exportEnabled": true,
      "exportStatus": "ready",
      "exportedBytes": 12268218,
      "exportedSchema": "simulatte.worldImprovementRecord.v1",
      "exportedContentHash": "fnv1a32:b29cb01e"
    },
    "exchange": {
      "schema": "simulatte.worldSpecBrowserExchange.v1",
      "exportedContentHash": "fnv1a32:f00a600c",
      "exportedRevision": 1,
      "exportedBytes": 714875,
      "compilerEvidenceOmitted": true,
      "importedContentHash": "fnv1a32:f00a600c",
      "importedRevision": 1,
      "importedPhaseSchemas": [
        "simulatte.phase1.output.v1",
        "simulatte.phase2.output.v1",
        "simulatte.phase3.output.v2",
        "simulatte.phase4.output.v2",
        "simulatte.phase5.output.v2",
        "simulatte.phase6.output.v2"
      ],
      "importAuthority": "world-spec",
      "sourcePrompt": "a red ball beside a qzxwplk",
      "beforeRenderInputSerial": 2,
      "renderInputSerial": 3,
      "beforeRenderCount": 12,
      "renderCount": 15
    },
    "reconciliation": {
      "pendingPlanId": "reconciliation-plan:1f3c0b6e",
      "pendingWorldSpecContentHash": "fnv1a32:f00a600c",
      "acceptedPatchCount": 4,
      "fieldCount": 4,
      "preserveControlEnabled": true,
      "controlsFitViewport": true,
      "receipt": {
        "schema": "simulatte.worldSpecReconciliationReceipt.v1",
        "id": "reconciliation:f964ff35",
        "planId": "reconciliation-plan:1f3c0b6e",
        "decision": "preserve-overrides",
        "decidedBy": "local-user",
        "previousWorldSpecContentHash": "fnv1a32:f00a600c",
        "compiledWorldSpecContentHash": "fnv1a32:dc2d31d7",
        "resultWorldSpecContentHash": "fnv1a32:e793d925",
        "acceptedPatchIds": [
          "patch:1:1536797e",
          "patch:1:eea24d5e",
          "patch:1:05db82e0",
          "patch:1:481c90d0"
        ],
        "effectiveOverrideCount": 4,
        "conflictCount": 0,
        "unavailableCount": 0,
        "preservedTargetPaths": [
          "/safety/rules/0",
          "/safety/status",
          "/universeGraph/nodes/0/properties/0/value",
          "/universeGraph/nodes/1"
        ],
        "authoredResultWorldSpecContentHash": "fnv1a32:3495838c"
      },
      "record": {
        "compiledWorldSpec": {
          "contentHash": "fnv1a32:dc2d31d7",
          "id": "red-ball-beside-qzxwplk-1k3pyk0",
          "revision": 0
        },
        "decidedBy": "local-user",
        "decision": "preserve-overrides",
        "effectiveOverrides": [
          {
            "acceptedValue": {
              "description": "Keep the proof trajectory within one simulated second",
              "expected": null,
              "id": "safety:elapsed-time-bound",
              "maximum": 1,
              "minimum": 0,
              "operator": "between",
              "schema": "simulatte.worldSpecSafetyRule.v1",
              "severity": "block",
              "statePath": "/t",
              "tolerance": 1e-12
            },
            "priorCompilerValue": {
              "schema": "simulatte.absentValue.v1"
            },
            "recompiledValue": {
              "schema": "simulatte.absentValue.v1"
            },
            "status": "unchanged-baseline",
            "targetPath": "/safety/rules/0"
          },
          {
            "acceptedValue": "declared",
            "priorCompilerValue": "not-declared",
            "recompiledValue": "not-declared",
            "status": "unchanged-baseline",
            "targetPath": "/safety/status"
          },
          {
            "acceptedValue": "#00aa44",
            "priorCompilerValue": "#ef3340",
            "recompiledValue": "#ef3340",
            "status": "unchanged-baseline",
            "targetPath": "/universeGraph/nodes/0/properties/0/value"
          },
          {
            "acceptedValue": {
              "schema": "simulatte.absentValue.v1"
            },
            "priorCompilerValue": {
              "canonicalId": "unresolved.qzxwplk",
              "directlyGrounded": false,
              "domains": [],
              "evidence": [
                "prompt-span:span3"
              ],
              "id": "unresolved-span3",
              "label": "Qzxwplk",
              "operatorHints": [],
              "operatorTypes": [],
              "primitiveHints": [],
              "semanticClass": "",
              "semanticRole": "",
              "semanticType": "concept",
              "sourceLabel": "qzxwplk",
              "spanId": "span3",
              "supportOnly": true,
              "unresolved": true
            },
            "recompiledValue": {
              "canonicalId": "unresolved.qzxwplk",
              "directlyGrounded": false,
              "domains": [],
              "evidence": [
                "prompt-span:span3"
              ],
              "id": "unresolved-span3",
              "label": "Qzxwplk",
              "operatorHints": [],
              "operatorTypes": [],
              "primitiveHints": [],
              "semanticClass": "",
              "semanticRole": "",
              "semanticType": "concept",
              "sourceLabel": "qzxwplk",
              "spanId": "span3",
              "supportOnly": true,
              "unresolved": true
            },
            "status": "unchanged-baseline",
            "targetPath": "/universeGraph/nodes/1"
          }
        ],
        "id": "reconciliation:f964ff35",
        "previousWorldSpec": {
          "contentHash": "fnv1a32:f00a600c",
          "id": "red-ball-beside-qzxwplk-1k3pyk0",
          "patchIds": [
            "patch:1:1536797e",
            "patch:1:eea24d5e",
            "patch:1:05db82e0",
            "patch:1:481c90d0"
          ],
          "revision": 1
        },
        "schema": "simulatte.worldSpecReconciliation.v1"
      },
      "resultContentHash": "fnv1a32:e793d925",
      "resultRevision": 1,
      "resultColor": "#00aa44",
      "groundedColor": "#00aa44",
      "replacementColorPartCount": 1,
      "sceneProofVerdict": "pass",
      "semanticProofStatus": "pass",
      "worldProofWorldSpecHash": "fnv1a32:e793d925",
      "unsupportedNodeRemoved": true,
      "beforeRenderInputSerial": 5,
      "renderInputSerial": 6,
      "dialogState": "preserve-overrides",
      "dialogOpen": false
    },
    "before": {
      "contentHash": "fnv1a32:dc2d31d7",
      "revision": 0,
      "renderCount": 8,
      "renderInputSerial": 1,
      "sceneProofVerdict": "fail",
      "requiredFailures": [
        {
          "schema": "simulatte.sceneProofObligation.v1",
          "obligationId": "entity:qzxwplk",
          "kind": "object",
          "target": "qzxwplk",
          "required": true,
          "sourceStatus": "unsupported",
          "evidence": [],
          "status": "unsupported",
          "reason": "carried unsupported status"
        },
        {
          "schema": "simulatte.sceneProofObligation.v1",
          "obligationId": "relation:entity-ball:spatial-constraint:entity-qzxwplk",
          "kind": "relation",
          "target": "entity-ball:spatial-constraint:entity-qzxwplk",
          "required": true,
          "sourceStatus": "unsupported",
          "evidence": [],
          "status": "unsupported",
          "reason": "carried unsupported status"
        },
        {
          "schema": "simulatte.sceneProofObligation.v1",
          "obligationId": "relation:spatial:entity-ball:beside:entity-qzxwplk",
          "kind": "relation",
          "target": "spatial:entity-ball:beside:entity-qzxwplk",
          "required": true,
          "sourceStatus": "unsupported",
          "evidence": [],
          "status": "unsupported",
          "reason": "carried unsupported status"
        }
      ]
    },
    "after": {
      "contentHash": "fnv1a32:f00a600c",
      "revision": 1,
      "renderCount": 135,
      "renderInputSerial": 5
    },
    "editorStatus": "ready",
    "sceneVisible": "true",
    "renderer": "webgpu",
    "rendererStatus": "WebGPU renderer ready",
    "sceneProofVerdict": "pass",
    "sceneProofRequiredFailures": [],
    "worldProofVerdict": "pass",
    "worldProofContentHash": "fnv1a32:b49dd990",
    "worldProofWorldSpecHash": "fnv1a32:f00a600c",
    "worldProofCriticalFailures": [],
    "worldProofClassStatuses": {
      "intent": "pass",
      "semantic": "pass",
      "compilation": "pass",
      "simulation": "pass",
      "interaction": "pass",
      "safety": "pass",
      "visual": "pass",
      "replay": "pass"
    },
    "intentProofStatus": "pass",
    "intentProofRequirementHash": "fnv1a32:977ad4d5",
    "intentProofSettlementHash": "fnv1a32:1ce33e43",
    "intentProofAcceptedCount": 2,
    "intentProofRefusalCount": 2,
    "intentProofUnresolvedCount": 0,
    "intentProofLostCount": 0,
    "semanticProofStatus": "pass",
    "semanticProofLedgerHash": "fnv1a32:babedbfc",
    "semanticProofGraphHash": "fnv1a32:b251c341",
    "semanticProofBindingCount": 2,
    "semanticProofProvenCount": 2,
    "semanticProofMissingCount": 0,
    "compilerDeterminismStatus": "pass",
    "compilerDeterminismInputHash": "fnv1a32:685ddf1e",
    "compilerDeterminismBaselineHash": "fnv1a32:dc2d31d7",
    "compilerDeterminismRecompiledHash": "fnv1a32:dc2d31d7",
    "compilerDeterminismLane": "pipeline-worker",
    "simulationReproducibilityStatus": "pass",
    "simulationReproducibilityBaselineHash": "fnv1a32:69b47a79",
    "simulationReproducibilityReplayHash": "fnv1a32:69b47a79",
    "simulationReproducibilityMaxDelta": 0,
    "interactionProofStatus": "pass",
    "interactionProofContentHash": "fnv1a32:25cfeeb0",
    "interactionProofProgramHash": "fnv1a32:9160b87e",
    "interactionProofTransitionHash": "fnv1a32:4b1492d1",
    "interactionProofProvenTransitionCount": 4,
    "interactionProofInvalidTransitionCount": 0,
    "interactionProofChangedChannelCount": 2,
    "safetyProofStatus": "pass",
    "safetyProofDecision": "allow",
    "safetyProofRulesHash": "fnv1a32:7f74947a",
    "safetyProofBaselineHash": "fnv1a32:411c8480",
    "safetyProofReplayHash": "fnv1a32:411c8480",
    "auditTiming": {
      "schema": "simulatte.worldSpecEditorAuditTiming.v1",
      "durationMs": 18512,
      "boundaries": [
        {
          "label": "Create lab",
          "startedAtMs": 0,
          "settledAtMs": 0
        },
        {
          "label": "compiled WorldSpec",
          "startedAtMs": 2.5999999046325684,
          "settledAtMs": 1722.5999999046326
        },
        {
          "label": "initial Phase 7 frame",
          "startedAtMs": 1722.5999999046326,
          "settledAtMs": 1722.6999998092651
        },
        {
          "label": "initial critical proof failure",
          "startedAtMs": 1722.6999998092651,
          "settledAtMs": 2218.8999996185303
        },
        {
          "label": "serialized WorldSpec editor value",
          "startedAtMs": 2219,
          "settledAtMs": 3104.699999809265
        },
        {
          "label": "edited WorldSpec replay",
          "startedAtMs": 3926.699999809265,
          "settledAtMs": 3926.7999997138977
        },
        {
          "label": "edited Phase 7 frame",
          "startedAtMs": 3927.0999999046326,
          "settledAtMs": 3927.199999809265
        },
        {
          "label": "WorldSpec export blob",
          "startedAtMs": 3951.0999999046326,
          "settledAtMs": 3951.0999999046326
        },
        {
          "label": "imported executable WorldSpec",
          "startedAtMs": 4523.099999904633,
          "settledAtMs": 5124.099999904633
        },
        {
          "label": "imported Phase 7 frame",
          "startedAtMs": 5124.099999904633,
          "settledAtMs": 5124.199999809265
        },
        {
          "label": "interaction state proof",
          "startedAtMs": 5128,
          "settledAtMs": 5195.599999904633
        },
        {
          "label": "independent compiler determinism proof",
          "startedAtMs": 5195.599999904633,
          "settledAtMs": 8323.599999904633
        },
        {
          "label": "bound intent proof",
          "startedAtMs": 8323.599999904633,
          "settledAtMs": 8323.799999713898
        },
        {
          "label": "bound semantic provenance proof",
          "startedAtMs": 8323.799999713898,
          "settledAtMs": 8323.89999961853
        },
        {
          "label": "fixed-step simulation reproducibility proof",
          "startedAtMs": 8323.89999961853,
          "settledAtMs": 8323.89999961853
        },
        {
          "label": "reproducible safety-gate proof",
          "startedAtMs": 8323.89999961853,
          "settledAtMs": 8323.89999961853
        },
        {
          "label": "enabled exact replay control",
          "startedAtMs": 8323.89999961853,
          "settledAtMs": 8381.299999713898
        },
        {
          "label": "bound WorldProof replay",
          "startedAtMs": 8469.89999961853,
          "settledAtMs": 10001
        },
        {
          "label": "governed improvement record",
          "startedAtMs": 10001.89999961853,
          "settledAtMs": 10002
        },
        {
          "label": "improvement record export blob",
          "startedAtMs": 10905.199999809265,
          "settledAtMs": 10905.199999809265
        },
        {
          "label": "explicit reconciliation decision",
          "startedAtMs": 11340,
          "settledAtMs": 15639.299999713898
        },
        {
          "label": "reconciled WorldSpec execution",
          "startedAtMs": 16510.599999904633,
          "settledAtMs": 18049.199999809265
        },
        {
          "label": "reconciled Phase 7 frame",
          "startedAtMs": 18049.199999809265,
          "settledAtMs": 18326.89999961853
        }
      ]
    },
    "documentFitsViewport": true,
    "controlsFitViewport": true,
    "browserMemory": {
      "schema": "simulatte.browserMemoryReceipt.v1",
      "status": "pass",
      "basis": "single-prompt-browser-execution-window",
      "measurementMode": "forced-gc-retained-heap-plus-periodic-observed-peak",
      "sampleIntervalMs": 25,
      "sampleCount": 291,
      "initialUsedJsHeapBytes": 12368055,
      "finalUsedJsHeapBytes": 27056999,
      "finalBeforeGcUsedJsHeapBytes": 180753904,
      "retainedDeltaBytes": 14688944,
      "observedPeakUsedJsHeapBytes": 185495909,
      "observedPeakAtMs": 18064.5,
      "maximumTotalJsHeapBytes": 235670117,
      "boundarySamples": [
        {
          "atMs": 0.1,
          "boundary": "window-start",
          "usedJsHeapBytes": 12368055,
          "totalJsHeapBytes": 13086423
        },
        {
          "atMs": 18570.5,
          "boundary": "window-end-before-gc",
          "usedJsHeapBytes": 180753904,
          "totalJsHeapBytes": 232914528
        },
        {
          "atMs": 19325.4,
          "boundary": "window-end",
          "usedJsHeapBytes": 27056999,
          "totalJsHeapBytes": 28049955
        }
      ],
      "physicalGpuMemory": {
        "status": "not-measured",
        "reason": "WebGPU does not expose physical driver allocation telemetry"
      }
    }
  }
}
