TAP version 13
# Subtest: managed Phase 7 consumes explicit state and viewport and waits for both GPU and mapping completion
ok 1 - managed Phase 7 consumes explicit state and viewport and waits for both GPU and mapping completion
  ---
  duration_ms: 2112.52315
  type: 'test'
  ...
# Subtest: cancellation clears evidence but retains ownership until in-flight GPU work settles
ok 2 - cancellation clears evidence but retains ownership until in-flight GPU work settles
  ---
  duration_ms: 13.533316
  type: 'test'
  ...
# Subtest: invalid predecessor, malformed invocation, contradictory time and texture exhaustion submit no work
ok 3 - invalid predecessor, malformed invocation, contradictory time and texture exhaustion submit no work
  ---
  duration_ms: 2.837981
  type: 'test'
  ...
# Subtest: device loss and viewport corruption cannot produce a completed phase
ok 4 - device loss and viewport corruption cannot produce a completed phase
  ---
  duration_ms: 37.05159
  type: 'test'
  ...
1..4
# tests 4
# suites 0
# pass 4
# fail 0
# cancelled 0
# skipped 0
# todo 0
# duration_ms 2616.580615
