TAP version 13
# Subtest: canonical integrity uses UTF-8 SHA-256 and rejects lossy serialization and handles
ok 1 - canonical integrity uses UTF-8 SHA-256 and rejects lossy serialization and handles
  ---
  duration_ms: 24.088902
  type: 'test'
  ...
# Subtest: all eight outputs bind exact predecessors, invocation, dependencies, producer and revision
ok 2 - all eight outputs bind exact predecessors, invocation, dependencies, producer and revision
  ---
  duration_ms: 143.870844
  type: 'test'
  ...
# Subtest: superseded work cannot publish and releases a resource only after actual completion
ok 3 - superseded work cannot publish and releases a resource only after actual completion
  ---
  duration_ms: 20.932982
  type: 'test'
  ...
# Subtest: budgets, invalid phase order and undeclared invocation fail before publication
ok 4 - budgets, invalid phase order and undeclared invocation fail before publication
  ---
  duration_ms: 9.28326
  type: 'test'
  ...
# Subtest: a timed-out attempt cannot publish after a successful retry
ok 5 - a timed-out attempt cannot publish after a successful retry
  ---
  duration_ms: 70.306442
  type: 'test'
  ...
# Subtest: disposed and externally cancelled runs never execute phases
ok 6 - disposed and externally cancelled runs never execute phases
  ---
  duration_ms: 0.808713
  type: 'test'
  ...
# Subtest: invalid dependencies fail before acquisition or model execution
ok 7 - invalid dependencies fail before acquisition or model execution
  ---
  duration_ms: 0.623252
  type: 'test'
  ...
# Subtest: current local compilation has immutable serializable phase artifacts without runtime retrieval feedback
ok 8 - current local compilation has immutable serializable phase artifacts without runtime retrieval feedback
  ---
  duration_ms: 4466.343328
  type: 'test'
  ...
# Subtest: local adapters execute actual transformations in order and retain missing pixel evidence as unproven
ok 9 - local adapters execute actual transformations in order and retain missing pixel evidence as unproven
  ---
  duration_ms: 3854.699391
  type: 'test'
  ...
# Subtest: WorldSpec normalization preserves the accepted bound visual artifact across worker transfer
ok 10 - WorldSpec normalization preserves the accepted bound visual artifact across worker transfer
  ---
  duration_ms: 2554.721087
  type: 'test'
  ...
# Subtest: WorldSpec normalization refuses contradictory accepted visual artifacts instead of recompiling them
ok 11 - WorldSpec normalization refuses contradictory accepted visual artifacts instead of recompiling them
  ---
  duration_ms: 997.556714
  type: 'test'
  ...
# Subtest: synchronous compatibility assembly consumes the same Phase 4 and Phase 5 outputs as forward execution
ok 12 - synchronous compatibility assembly consumes the same Phase 4 and Phase 5 outputs as forward execution
  ---
  duration_ms: 1851.706435
  type: 'test'
  ...
# Subtest: compiled water state channels retain their entity owner through serializable phase artifacts
ok 13 - compiled water state channels retain their entity owner through serializable phase artifacts
  ---
  duration_ms: 1975.470624
  type: 'test'
  ...
# Subtest: invocation acquisition obeys cancellation and the phase deadline
ok 14 - invocation acquisition obeys cancellation and the phase deadline
  ---
  duration_ms: 32.850766
  type: 'test'
  ...
# Subtest: resource selection and immutable assets cannot change while a run waits
ok 15 - resource selection and immutable assets cannot change while a run waits
  ---
  duration_ms: 12.453817
  type: 'test'
  ...
# Subtest: integrity rejects array metadata and non-enumerable artifact fields
ok 16 - integrity rejects array metadata and non-enumerable artifact fields
  ---
  duration_ms: 0.273941
  type: 'test'
  ...
# Subtest: binding snapshots receipts and metadata and detects tampering outside artifact payloads
ok 17 - binding snapshots receipts and metadata and detects tampering outside artifact payloads
  ---
  duration_ms: 3.461699
  type: 'test'
  ...
# Subtest: published Phase 7 evidence cannot change when live state or frame counters advance
ok 18 - published Phase 7 evidence cannot change when live state or frame counters advance
  ---
  duration_ms: 2575.748614
  type: 'test'
  ...
# Subtest: replacing input with the same packet invalidates its pending pixels and published evidence
ok 19 - replacing input with the same packet invalidates its pending pixels and published evidence
  ---
  duration_ms: 1520.404528
  type: 'test'
  ...
# Subtest: delayed texture readback proves the submitted state and viewport, not newer mutable inputs
ok 20 - delayed texture readback proves the submitted state and viewport, not newer mutable inputs
  ---
  duration_ms: 1440.804799
  type: 'test'
  ...
# Subtest: replacement, resize and disposal prevent late texture readback publication
ok 21 - replacement, resize and disposal prevent late texture readback publication
  ---
  duration_ms: 4229.027777
  type: 'test'
  ...
# Subtest: frame snapshots separate typed numeric state from runtime canvas handles
ok 22 - frame snapshots separate typed numeric state from runtime canvas handles
  ---
  duration_ms: 1369.045144
  type: 'test'
  ...
1..22
# tests 22
# suites 0
# pass 22
# fail 0
# cancelled 0
# skipped 0
# todo 0
# duration_ms 16109.978344
