TAP version 13
# Subtest: published Phase 7 evidence cannot change when live state or frame counters advance
ok 1 - published Phase 7 evidence cannot change when live state or frame counters advance
  ---
  duration_ms: 1813.34079
  type: 'test'
  ...
# Subtest: replacing input with the same packet invalidates its pending pixels and published evidence
ok 2 - replacing input with the same packet invalidates its pending pixels and published evidence
  ---
  duration_ms: 1152.119784
  type: 'test'
  ...
# Subtest: delayed texture readback proves the submitted state and viewport, not newer mutable inputs
ok 3 - delayed texture readback proves the submitted state and viewport, not newer mutable inputs
  ---
  duration_ms: 1195.513978
  type: 'test'
  ...
1..3
# tests 3
# suites 0
# pass 3
# fail 0
# cancelled 0
# skipped 0
# todo 0
# duration_ms 4592.53908
