TAP version 13
# Subtest: compiled water state channels retain their entity owner through serializable phase artifacts
not ok 1 - compiled water state channels retain their entity owner through serializable phase artifacts
  ---
  duration_ms: 2061.582922
  type: 'test'
  location: '/home/clocksmith/deco/simulatte/tests/create-phase-runner.test.cjs:207:1'
  failureType: 'testCodeFailure'
  error: |-
    Expected values to be strictly equal:
    + actual - expected
    
    + undefined
    - 'prompt-material-water'
    
  code: 'ERR_ASSERTION'
  name: 'AssertionError'
  expected: 'prompt-material-water'
  operator: 'strictEqual'
  stack: |-
    TestContext.<anonymous> (/home/clocksmith/deco/simulatte/tests/create-phase-runner.test.cjs:213:12)
    Test.runInAsyncScope (node:async_hooks:214:14)
    Test.run (node:internal/test_runner/test:1047:25)
    Test.start (node:internal/test_runner/test:944:17)
    startSubtestAfterBootstrap (node:internal/test_runner/harness:296:17)
  ...
1..1
# tests 1
# suites 0
# pass 0
# fail 1
# cancelled 0
# skipped 0
# todo 0
# duration_ms 2191.259139
