TAP version 13
# Subtest: canonical integrity uses UTF-8 SHA-256 and rejects lossy serialization and handles
ok 1 - canonical integrity uses UTF-8 SHA-256 and rejects lossy serialization and handles
  ---
  duration_ms: 19.376825
  type: 'test'
  ...
# Subtest: all eight outputs bind exact predecessors, invocation, dependencies, producer and revision
ok 2 - all eight outputs bind exact predecessors, invocation, dependencies, producer and revision
  ---
  duration_ms: 102.652392
  type: 'test'
  ...
# Subtest: superseded work cannot publish and releases a resource only after actual completion
ok 3 - superseded work cannot publish and releases a resource only after actual completion
  ---
  duration_ms: 20.586247
  type: 'test'
  ...
# Subtest: budgets, invalid phase order and undeclared invocation fail before publication
ok 4 - budgets, invalid phase order and undeclared invocation fail before publication
  ---
  duration_ms: 8.928784
  type: 'test'
  ...
# Subtest: a timed-out attempt cannot publish after a successful retry
ok 5 - a timed-out attempt cannot publish after a successful retry
  ---
  duration_ms: 62.199094
  type: 'test'
  ...
# Subtest: disposed and externally cancelled runs never execute phases
ok 6 - disposed and externally cancelled runs never execute phases
  ---
  duration_ms: 0.803447
  type: 'test'
  ...
# Subtest: invalid dependencies fail before acquisition or model execution
ok 7 - invalid dependencies fail before acquisition or model execution
  ---
  duration_ms: 0.584551
  type: 'test'
  ...
# Subtest: current local compilation has immutable serializable phase artifacts without runtime retrieval feedback
ok 8 - current local compilation has immutable serializable phase artifacts without runtime retrieval feedback
  ---
  duration_ms: 4705.098475
  type: 'test'
  ...
# Subtest: local adapters execute actual transformations in order and retain missing pixel evidence as unproven
ok 9 - local adapters execute actual transformations in order and retain missing pixel evidence as unproven
  ---
  duration_ms: 4057.434558
  type: 'test'
  ...
# Subtest: WorldSpec normalization preserves the accepted bound visual artifact across worker transfer
ok 10 - WorldSpec normalization preserves the accepted bound visual artifact across worker transfer
  ---
  duration_ms: 2625.848329
  type: 'test'
  ...
# Subtest: WorldSpec normalization refuses contradictory accepted visual artifacts instead of recompiling them
ok 11 - WorldSpec normalization refuses contradictory accepted visual artifacts instead of recompiling them
  ---
  duration_ms: 1248.941439
  type: 'test'
  ...
# Subtest: synchronous compatibility assembly consumes the same Phase 4 and Phase 5 outputs as forward execution
ok 12 - synchronous compatibility assembly consumes the same Phase 4 and Phase 5 outputs as forward execution
  ---
  duration_ms: 2339.39243
  type: 'test'
  ...
# Subtest: compiled water state channels retain their entity owner through serializable phase artifacts
ok 13 - compiled water state channels retain their entity owner through serializable phase artifacts
  ---
  duration_ms: 4092.629112
  type: 'test'
  ...
# Subtest: invocation acquisition obeys cancellation and the phase deadline
ok 14 - invocation acquisition obeys cancellation and the phase deadline
  ---
  duration_ms: 38.248182
  type: 'test'
  ...
# Subtest: resource selection and immutable assets cannot change while a run waits
ok 15 - resource selection and immutable assets cannot change while a run waits
  ---
  duration_ms: 22.622466
  type: 'test'
  ...
# Subtest: integrity rejects array metadata and non-enumerable artifact fields
ok 16 - integrity rejects array metadata and non-enumerable artifact fields
  ---
  duration_ms: 0.624073
  type: 'test'
  ...
# Subtest: binding snapshots receipts and metadata and detects tampering outside artifact payloads
ok 17 - binding snapshots receipts and metadata and detects tampering outside artifact payloads
  ---
  duration_ms: 4.837503
  type: 'test'
  ...
# Subtest: Phase 4 carries causal rule identity into connected lava heat and ice phase inference
ok 18 - Phase 4 carries causal rule identity into connected lava heat and ice phase inference
  ---
  duration_ms: 5209.448321
  type: 'test'
  ...
# Subtest: Phase 2 marks typed relations as local evidence instead of requesting model identity work
ok 19 - Phase 2 marks typed relations as local evidence instead of requesting model identity work
  ---
  duration_ms: 1883.694256
  type: 'test'
  ...
# Subtest: cryosphere identities select exact recognizable construction topologies
ok 20 - cryosphere identities select exact recognizable construction topologies
  ---
  duration_ms: 1996.850557
  type: 'test'
  ...
# Subtest: Phase 6 renders laboratories as workspaces rather than exterior buildings
ok 21 - Phase 6 renders laboratories as workspaces rather than exterior buildings
  ---
  duration_ms: 1567.654664
  type: 'test'
  ...
# Subtest: Phase 6 solved boxes govern packet placement even when an object also owns a motion path
ok 22 - Phase 6 solved boxes govern packet placement even when an object also owns a motion path
  ---
  duration_ms: 2177.685665
  type: 'test'
  ...
# Subtest: Phase 3 treats a synthesized context phrase as support, not object identity
ok 23 - Phase 3 treats a synthesized context phrase as support, not object identity
  ---
  duration_ms: 0.799911
  type: 'test'
  ...
# Subtest: Phase 6 applies accepted orbital process motion to every affected prompt entity
ok 24 - Phase 6 applies accepted orbital process motion to every affected prompt entity
  ---
  duration_ms: 2222.696585
  type: 'test'
  ...
# Subtest: Phase 5 physics obligations prove operators beyond the swimming vertical
ok 25 - Phase 5 physics obligations prove operators beyond the swimming vertical
  ---
  duration_ms: 4278.745484
  type: 'test'
  ...
# Subtest: Phase 5 and 7 lower swimming into behavior physics and preserve dog cat identities
ok 26 - Phase 5 and 7 lower swimming into behavior physics and preserve dog cat identities
  ---
  duration_ms: 1028.987822
  type: 'test'
  ...
# Subtest: particle instrument VisualIR preserves causal affordance rows
ok 27 - particle instrument VisualIR preserves causal affordance rows
  ---
  duration_ms: 1342.036142
  type: 'test'
  ...
# Subtest: Phase 4 exact construction evidence outranks unrelated reranker confidence
ok 28 - Phase 4 exact construction evidence outranks unrelated reranker confidence
  ---
  duration_ms: 0.443796
  type: 'test'
  ...
# Subtest: exact construction families exclude unrelated embedding neighbours through Phase 6
ok 29 - exact construction families exclude unrelated embedding neighbours through Phase 6
  ---
  duration_ms: 8.854917
  type: 'test'
  ...
# Subtest: ball construction selects spherical geometry instead of an unrelated instrument topology
ok 30 - ball construction selects spherical geometry instead of an unrelated instrument topology
  ---
  duration_ms: 921.505455
  type: 'test'
  ...
# Subtest: data-owned target labels bind compound nouns before analogous construction reranking
ok 31 - data-owned target labels bind compound nouns before analogous construction reranking
  ---
  duration_ms: 3.19682
  type: 'test'
  ...
# Subtest: abstract control entities do not acquire unrelated physical construction graphs
ok 32 - abstract control entities do not acquire unrelated physical construction graphs
  ---
  duration_ms: 1087.872329
  type: 'test'
  ...
# Subtest: fields skip part graphs while protein chains and plumes use data-owned topology
ok 33 - fields skip part graphs while protein chains and plumes use data-owned topology
  ---
  duration_ms: 2752.002448
  type: 'test'
  ...
# Subtest: unknown object retrieval reserves an embedding-ranked construction topology inside the fixed card budget
ok 34 - unknown object retrieval reserves an embedding-ranked construction topology inside the fixed card budget
  ---
  duration_ms: 2.813366
  type: 'test'
  ...
# Subtest: construction retrieval admits physical part graphs and rejects process or visual-effect rows
ok 35 - construction retrieval admits physical part graphs and rejects process or visual-effect rows
  ---
  duration_ms: 0.33422
  type: 'test'
  ...
# Subtest: Phase 4 attaches construction to the slot target instead of a material context span
ok 36 - Phase 4 attaches construction to the slot target instead of a material context span
  ---
  duration_ms: 0.248302
  type: 'test'
  ...
# Subtest: Phase 4 construction target selection prefers a direct label over a shared canonical tail
ok 37 - Phase 4 construction target selection prefers a direct label over a shared canonical tail
  ---
  duration_ms: 0.176648
  type: 'test'
  ...
# Subtest: Phase 6 lowers unmatched typed physics entities for expanded scene kinds
ok 38 - Phase 6 lowers unmatched typed physics entities for expanded scene kinds
  ---
  duration_ms: 1314.428334
  type: 'test'
  ...
# Subtest: common-world and celestial nouns survive grounding as literal object geometry
ok 39 - common-world and celestial nouns survive grounding as literal object geometry
  ---
  duration_ms: 4892.88002
  type: 'test'
  ...
# Subtest: part-scoped properties bind robot eyes and articulated straw arms into one object graph
ok 40 - part-scoped properties bind robot eyes and articulated straw arms into one object graph
  ---
  duration_ms: 942.570131
  type: 'test'
  ...
# Subtest: cardinality pose spatial color and environment contracts lower into one rendered scene
ok 41 - cardinality pose spatial color and environment contracts lower into one rendered scene
  ---
  duration_ms: 936.43041
  type: 'test'
  ...
# Subtest: Phase 6 solves typed spatial constraints and canonicalizes visual concepts
ok 42 - Phase 6 solves typed spatial constraints and canonicalizes visual concepts
  ---
  duration_ms: 1.768973
  type: 'test'
  ...
# Subtest: Phase 6 takes typed identity and relation authority only from RenderIR
ok 43 - Phase 6 takes typed identity and relation authority only from RenderIR
  ---
  duration_ms: 764.106118
  type: 'test'
  ...
# Subtest: prompt-owned identities override an incorrect network render layer
ok 44 - prompt-owned identities override an incorrect network render layer
  ---
  duration_ms: 0.380044
  type: 'test'
  ...
# Subtest: prompt-owned scientific identities require construction evidence before claiming literal geometry
ok 45 - prompt-owned scientific identities require construction evidence before claiming literal geometry
  ---
  duration_ms: 4.616223
  type: 'test'
  ...
# Subtest: construction support failures apply only to required identities without a literal representative
ok 46 - construction support failures apply only to required identities without a literal representative
  ---
  duration_ms: 0.466501
  type: 'test'
  ...
# Subtest: scene framing makes literal objects readable without changing relation geometry
ok 47 - scene framing makes literal objects readable without changing relation geometry
  ---
  duration_ms: 2421.263978
  type: 'test'
  ...
# Subtest: typed RenderIR scene fallback routes identity without inventing executable fields
ok 48 - typed RenderIR scene fallback routes identity without inventing executable fields
  ---
  duration_ms: 19.261946
  type: 'test'
  ...
# Subtest: part candidates preserve optional quantities without publishing undefined fields
ok 49 - part candidates preserve optional quantities without publishing undefined fields
  ---
  duration_ms: 3674.77637
  type: 'test'
  ...
# Subtest: explicit local intent resolution applies new parameter overrides without mutating the accepted intent
ok 50 - explicit local intent resolution applies new parameter overrides without mutating the accepted intent
  ---
  duration_ms: 1918.226598
  type: 'test'
  ...
# Subtest: WorldSpec projection preserves blank and composed authoring fields, accepted physics and visuals
ok 51 - WorldSpec projection preserves blank and composed authoring fields, accepted physics and visuals
  ---
  duration_ms: 5307.343894
  type: 'test'
  ...
# Subtest: actual runner outputs project a WorldSpec without changing accepted bindings
ok 52 - actual runner outputs project a WorldSpec without changing accepted bindings
  ---
  duration_ms: 6332.508077
  type: 'test'
  ...
# Subtest: WorldSpec projection rejects mixed requests and incomplete or contradictory authoring inputs
ok 53 - WorldSpec projection rejects mixed requests and incomplete or contradictory authoring inputs
  ---
  duration_ms: 3084.481409
  type: 'test'
  ...
1..53
# tests 53
# suites 0
# pass 53
# fail 0
# cancelled 0
# skipped 0
# todo 0
# duration_ms 38360.401936
