TAP version 13
# Subtest: part candidates preserve optional quantities without publishing undefined fields
ok 1 - part candidates preserve optional quantities without publishing undefined fields
  ---
  duration_ms: 1185.643663
  type: 'test'
  ...
# Subtest: explicit local intent resolution applies new parameter overrides without mutating the accepted intent
ok 2 - explicit local intent resolution applies new parameter overrides without mutating the accepted intent
  ---
  duration_ms: 554.555661
  type: 'test'
  ...
# Subtest: WorldSpec projection preserves blank and composed authoring fields, accepted physics and visuals
not ok 3 - WorldSpec projection preserves blank and composed authoring fields, accepted physics and visuals
  ---
  duration_ms: 1777.330047
  type: 'test'
  location: '/home/clocksmith/deco/simulatte/tests/world-spec-phase-projection.test.cjs:32:1'
  failureType: 'testCodeFailure'
  error: |-
    Expected values to be strictly equal:
    + actual - expected
    
    + 'fnv1a32:c7c28a6b'
    - 'fnv1a32:14563258'
               ^
    
  code: 'ERR_ASSERTION'
  name: 'AssertionError'
  expected: 'fnv1a32:14563258'
  actual: 'fnv1a32:c7c28a6b'
  operator: 'strictEqual'
  stack: |-
    TestContext.<anonymous> (/home/clocksmith/deco/simulatte/tests/world-spec-phase-projection.test.cjs:37:12)
    Test.runInAsyncScope (node:async_hooks:214:14)
    Test.run (node:internal/test_runner/test:1047:25)
    Test.processPendingSubtests (node:internal/test_runner/test:744:18)
    Test.postRun (node:internal/test_runner/test:1173:19)
    Test.run (node:internal/test_runner/test:1101:12)
    async Test.processPendingSubtests (node:internal/test_runner/test:744:7)
  ...
# Subtest: actual runner outputs project a WorldSpec without changing accepted bindings
ok 4 - actual runner outputs project a WorldSpec without changing accepted bindings
  ---
  duration_ms: 2029.535669
  type: 'test'
  ...
1..4
# tests 4
# suites 0
# pass 3
# fail 1
# cancelled 0
# skipped 0
# todo 0
# duration_ms 5746.398524
