TAP version 13
# Subtest: WorldSpec normalization preserves the accepted bound visual artifact across worker transfer
not ok 1 - WorldSpec normalization preserves the accepted bound visual artifact across worker transfer
  ---
  duration_ms: 1151.999517
  type: 'test'
  location: '/home/clocksmith/deco/simulatte/tests/create-phase-runner.test.cjs:161:1'
  failureType: 'testCodeFailure'
  error: 'Bound predecessor required'
  code: 'ERR_TEST_FAILURE'
  stack: |-
    Object.bindPhaseOutput (/home/clocksmith/deco/simulatte/public/blank/pipeline/simulatte-phase-contracts.js:456:82)
    TestContext.<anonymous> (/home/clocksmith/deco/simulatte/tests/create-phase-runner.test.cjs:167:48)
    Test.runInAsyncScope (node:async_hooks:214:14)
    Test.run (node:internal/test_runner/test:1047:25)
    Test.start (node:internal/test_runner/test:944:17)
    startSubtestAfterBootstrap (node:internal/test_runner/harness:296:17)
  ...
# Subtest: WorldSpec normalization refuses contradictory accepted visual artifacts instead of recompiling them
not ok 2 - WorldSpec normalization refuses contradictory accepted visual artifacts instead of recompiling them
  ---
  duration_ms: 655.145358
  type: 'test'
  location: '/home/clocksmith/deco/simulatte/tests/create-phase-runner.test.cjs:178:1'
  failureType: 'testCodeFailure'
  error: 'Missing expected exception.'
  code: 'ERR_ASSERTION'
  name: 'AssertionError'
  expected:
  operator: 'throws'
  stack: |-
    TestContext.<anonymous> (/home/clocksmith/deco/simulatte/tests/create-phase-runner.test.cjs:184:10)
    Test.runInAsyncScope (node:async_hooks:214:14)
    Test.run (node:internal/test_runner/test:1047:25)
    Test.processPendingSubtests (node:internal/test_runner/test:744:18)
    Test.postRun (node:internal/test_runner/test:1173:19)
    Test.run (node:internal/test_runner/test:1101:12)
    async startSubtestAfterBootstrap (node:internal/test_runner/harness:296:3)
  ...
1..2
# tests 2
# suites 0
# pass 0
# fail 2
# cancelled 0
# skipped 0
# todo 0
# duration_ms 1887.505154
