TAP version 13
# Subtest: canonical integrity uses UTF-8 SHA-256 and rejects lossy serialization and handles
ok 1 - canonical integrity uses UTF-8 SHA-256 and rejects lossy serialization and handles
  ---
  duration_ms: 38.18274
  type: 'test'
  ...
# Subtest: all eight outputs bind exact predecessors, invocation, dependencies, producer and revision
ok 2 - all eight outputs bind exact predecessors, invocation, dependencies, producer and revision
  ---
  duration_ms: 180.401448
  type: 'test'
  ...
# Subtest: superseded work cannot publish and releases a resource only after actual completion
ok 3 - superseded work cannot publish and releases a resource only after actual completion
  ---
  duration_ms: 33.220106
  type: 'test'
  ...
# Subtest: budgets, invalid phase order and undeclared invocation fail before publication
ok 4 - budgets, invalid phase order and undeclared invocation fail before publication
  ---
  duration_ms: 16.138826
  type: 'test'
  ...
# Subtest: a timed-out attempt cannot publish after a successful retry
ok 5 - a timed-out attempt cannot publish after a successful retry
  ---
  duration_ms: 80.406873
  type: 'test'
  ...
# Subtest: disposed and externally cancelled runs never execute phases
ok 6 - disposed and externally cancelled runs never execute phases
  ---
  duration_ms: 0.756319
  type: 'test'
  ...
# Subtest: invalid dependencies fail before acquisition or model execution
ok 7 - invalid dependencies fail before acquisition or model execution
  ---
  duration_ms: 0.579663
  type: 'test'
  ...
# Subtest: current local compilation has immutable serializable phase artifacts without runtime retrieval feedback
ok 8 - current local compilation has immutable serializable phase artifacts without runtime retrieval feedback
  ---
  duration_ms: 6843.277588
  type: 'test'
  ...
# Subtest: local adapters execute actual transformations in order and retain missing pixel evidence as unproven
ok 9 - local adapters execute actual transformations in order and retain missing pixel evidence as unproven
  ---
  duration_ms: 5660.698293
  type: 'test'
  ...
# Subtest: WorldSpec normalization preserves the accepted bound visual artifact across worker transfer
ok 10 - WorldSpec normalization preserves the accepted bound visual artifact across worker transfer
  ---
  duration_ms: 5393.66009
  type: 'test'
  ...
# Subtest: WorldSpec normalization refuses contradictory accepted visual artifacts instead of recompiling them
ok 11 - WorldSpec normalization refuses contradictory accepted visual artifacts instead of recompiling them
  ---
  duration_ms: 2046.384314
  type: 'test'
  ...
# Subtest: synchronous compatibility assembly consumes the same Phase 4 and Phase 5 outputs as forward execution
ok 12 - synchronous compatibility assembly consumes the same Phase 4 and Phase 5 outputs as forward execution
  ---
  duration_ms: 3365.394091
  type: 'test'
  ...
# Subtest: compiled water state channels retain their entity owner through serializable phase artifacts
ok 13 - compiled water state channels retain their entity owner through serializable phase artifacts
  ---
  duration_ms: 3474.788507
  type: 'test'
  ...
# Subtest: invocation acquisition obeys cancellation and the phase deadline
ok 14 - invocation acquisition obeys cancellation and the phase deadline
  ---
  duration_ms: 46.305788
  type: 'test'
  ...
# Subtest: resource selection and immutable assets cannot change while a run waits
ok 15 - resource selection and immutable assets cannot change while a run waits
  ---
  duration_ms: 15.904447
  type: 'test'
  ...
# Subtest: integrity rejects array metadata and non-enumerable artifact fields
ok 16 - integrity rejects array metadata and non-enumerable artifact fields
  ---
  duration_ms: 0.354161
  type: 'test'
  ...
# Subtest: binding snapshots receipts and metadata and detects tampering outside artifact payloads
ok 17 - binding snapshots receipts and metadata and detects tampering outside artifact payloads
  ---
  duration_ms: 5.736344
  type: 'test'
  ...
# Subtest: Phase 4 carries causal rule identity into connected lava heat and ice phase inference
ok 18 - Phase 4 carries causal rule identity into connected lava heat and ice phase inference
  ---
  duration_ms: 7103.837422
  type: 'test'
  ...
# Subtest: Phase 2 marks typed relations as local evidence instead of requesting model identity work
ok 19 - Phase 2 marks typed relations as local evidence instead of requesting model identity work
  ---
  duration_ms: 2639.70095
  type: 'test'
  ...
# Subtest: cryosphere identities select exact recognizable construction topologies
ok 20 - cryosphere identities select exact recognizable construction topologies
  ---
  duration_ms: 3647.912333
  type: 'test'
  ...
# Subtest: Phase 6 renders laboratories as workspaces rather than exterior buildings
ok 21 - Phase 6 renders laboratories as workspaces rather than exterior buildings
  ---
  duration_ms: 2529.234073
  type: 'test'
  ...
# Subtest: Phase 6 solved boxes govern packet placement even when an object also owns a motion path
ok 22 - Phase 6 solved boxes govern packet placement even when an object also owns a motion path
  ---
  duration_ms: 3353.849351
  type: 'test'
  ...
# Subtest: Phase 3 treats a synthesized context phrase as support, not object identity
ok 23 - Phase 3 treats a synthesized context phrase as support, not object identity
  ---
  duration_ms: 0.837891
  type: 'test'
  ...
# Subtest: Phase 6 applies accepted orbital process motion to every affected prompt entity
ok 24 - Phase 6 applies accepted orbital process motion to every affected prompt entity
  ---
  duration_ms: 2663.626314
  type: 'test'
  ...
# Subtest: Phase 5 physics obligations prove operators beyond the swimming vertical
ok 25 - Phase 5 physics obligations prove operators beyond the swimming vertical
  ---
  duration_ms: 5388.945084
  type: 'test'
  ...
# Subtest: Phase 5 and 7 lower swimming into behavior physics and preserve dog cat identities
ok 26 - Phase 5 and 7 lower swimming into behavior physics and preserve dog cat identities
  ---
  duration_ms: 2842.684235
  type: 'test'
  ...
# Subtest: particle instrument VisualIR preserves causal affordance rows
ok 27 - particle instrument VisualIR preserves causal affordance rows
  ---
  duration_ms: 3241.228028
  type: 'test'
  ...
# Subtest: Phase 4 exact construction evidence outranks unrelated reranker confidence
ok 28 - Phase 4 exact construction evidence outranks unrelated reranker confidence
  ---
  duration_ms: 0.575555
  type: 'test'
  ...
# Subtest: exact construction families exclude unrelated embedding neighbours through Phase 6
ok 29 - exact construction families exclude unrelated embedding neighbours through Phase 6
  ---
  duration_ms: 11.482091
  type: 'test'
  ...
# Subtest: ball construction selects spherical geometry instead of an unrelated instrument topology
ok 30 - ball construction selects spherical geometry instead of an unrelated instrument topology
  ---
  duration_ms: 1734.305687
  type: 'test'
  ...
# Subtest: data-owned target labels bind compound nouns before analogous construction reranking
ok 31 - data-owned target labels bind compound nouns before analogous construction reranking
  ---
  duration_ms: 4.355182
  type: 'test'
  ...
# Subtest: abstract control entities do not acquire unrelated physical construction graphs
ok 32 - abstract control entities do not acquire unrelated physical construction graphs
  ---
  duration_ms: 2397.724476
  type: 'test'
  ...
# Subtest: fields skip part graphs while protein chains and plumes use data-owned topology
ok 33 - fields skip part graphs while protein chains and plumes use data-owned topology
  ---
  duration_ms: 6213.921346
  type: 'test'
  ...
# Subtest: unknown object retrieval reserves an embedding-ranked construction topology inside the fixed card budget
ok 34 - unknown object retrieval reserves an embedding-ranked construction topology inside the fixed card budget
  ---
  duration_ms: 9.301803
  type: 'test'
  ...
# Subtest: construction retrieval admits physical part graphs and rejects process or visual-effect rows
ok 35 - construction retrieval admits physical part graphs and rejects process or visual-effect rows
  ---
  duration_ms: 4.62101
  type: 'test'
  ...
# Subtest: Phase 4 attaches construction to the slot target instead of a material context span
ok 36 - Phase 4 attaches construction to the slot target instead of a material context span
  ---
  duration_ms: 0.413939
  type: 'test'
  ...
# Subtest: Phase 4 construction target selection prefers a direct label over a shared canonical tail
ok 37 - Phase 4 construction target selection prefers a direct label over a shared canonical tail
  ---
  duration_ms: 2.342668
  type: 'test'
  ...
# Subtest: Phase 6 lowers unmatched typed physics entities for expanded scene kinds
ok 38 - Phase 6 lowers unmatched typed physics entities for expanded scene kinds
  ---
  duration_ms: 4539.671896
  type: 'test'
  ...
# Subtest: common-world and celestial nouns survive grounding as literal object geometry
ok 39 - common-world and celestial nouns survive grounding as literal object geometry
  ---
  duration_ms: 12370.230157
  type: 'test'
  ...
# Subtest: part-scoped properties bind robot eyes and articulated straw arms into one object graph
ok 40 - part-scoped properties bind robot eyes and articulated straw arms into one object graph
  ---
  duration_ms: 2475.510366
  type: 'test'
  ...
# Subtest: cardinality pose spatial color and environment contracts lower into one rendered scene
ok 41 - cardinality pose spatial color and environment contracts lower into one rendered scene
  ---
  duration_ms: 2650.900107
  type: 'test'
  ...
# Subtest: Phase 6 solves typed spatial constraints and canonicalizes visual concepts
ok 42 - Phase 6 solves typed spatial constraints and canonicalizes visual concepts
  ---
  duration_ms: 6.024928
  type: 'test'
  ...
# Subtest: Phase 6 takes typed identity and relation authority only from RenderIR
ok 43 - Phase 6 takes typed identity and relation authority only from RenderIR
  ---
  duration_ms: 2311.673758
  type: 'test'
  ...
# Subtest: prompt-owned identities override an incorrect network render layer
ok 44 - prompt-owned identities override an incorrect network render layer
  ---
  duration_ms: 0.558287
  type: 'test'
  ...
# Subtest: prompt-owned scientific identities require construction evidence before claiming literal geometry
ok 45 - prompt-owned scientific identities require construction evidence before claiming literal geometry
  ---
  duration_ms: 7.989114
  type: 'test'
  ...
# Subtest: construction support failures apply only to required identities without a literal representative
ok 46 - construction support failures apply only to required identities without a literal representative
  ---
  duration_ms: 0.543399
  type: 'test'
  ...
# Subtest: scene framing makes literal objects readable without changing relation geometry
ok 47 - scene framing makes literal objects readable without changing relation geometry
  ---
  duration_ms: 7387.735693
  type: 'test'
  ...
# Subtest: typed RenderIR scene fallback routes identity without inventing executable fields
ok 48 - typed RenderIR scene fallback routes identity without inventing executable fields
  ---
  duration_ms: 58.275951
  type: 'test'
  ...
# Subtest: part candidates preserve optional quantities without publishing undefined fields
ok 49 - part candidates preserve optional quantities without publishing undefined fields
  ---
  duration_ms: 4676.793943
  type: 'test'
  ...
# Subtest: explicit local intent resolution applies new parameter overrides without mutating the accepted intent
ok 50 - explicit local intent resolution applies new parameter overrides without mutating the accepted intent
  ---
  duration_ms: 2380.01207
  type: 'test'
  ...
# Subtest: WorldSpec projection preserves blank and composed authoring fields, accepted physics and visuals
ok 51 - WorldSpec projection preserves blank and composed authoring fields, accepted physics and visuals
  ---
  duration_ms: 9063.311024
  type: 'test'
  ...
# Subtest: actual runner outputs project a WorldSpec without changing accepted bindings
ok 52 - actual runner outputs project a WorldSpec without changing accepted bindings
  ---
  duration_ms: 8836.73083
  type: 'test'
  ...
# Subtest: WorldSpec projection rejects mixed requests and incomplete or contradictory authoring inputs
ok 53 - WorldSpec projection rejects mixed requests and incomplete or contradictory authoring inputs
  ---
  duration_ms: 4251.064769
  type: 'test'
  ...
# Subtest: preserved color edits reach compiled grounding and geometry without creating another authoring revision
ok 54 - preserved color edits reach compiled grounding and geometry without creating another authoring revision
  ---
  duration_ms: 10149.714374
  type: 'test'
  ...
# Subtest: recompile plans expose every accepted override before execution
ok 55 - recompile plans expose every accepted override before execution
  ---
  duration_ms: 6036.720885
  type: 'test'
  ...
# Subtest: preserving overrides rebases them and appends a reconciliation record
ok 56 - preserving overrides rebases them and appends a reconciliation record
  ---
  duration_ms: 10248.501722
  type: 'test'
  ...
# Subtest: accepting a fresh compilation records the explicit supersession decision
ok 57 - accepting a fresh compilation records the explicit supersession decision
  ---
  duration_ms: 5879.957064
  type: 'test'
  ...
# Subtest: compiler conflicts remain visible and require a named decision
ok 58 - compiler conflicts remain visible and require a named decision
  ---
  duration_ms: 10054.242083
  type: 'test'
  ...
# Subtest: reconciliation history is append-only across repeated recompiles
ok 59 - reconciliation history is append-only across repeated recompiles
  ---
  duration_ms: 10435.144742
  type: 'test'
  ...
# Subtest: WorldSpec 1.1 artifacts migrate into the reconciliation-aware authoring schema
ok 60 - WorldSpec 1.1 artifacts migrate into the reconciliation-aware authoring schema
  ---
  duration_ms: 3017.81389
  type: 'test'
  ...
# Subtest: compiled Create worlds are canonical public WorldSpec artifacts
ok 61 - compiled Create worlds are canonical public WorldSpec artifacts
  ---
  duration_ms: 3720.611233
  type: 'test'
  ...
# Subtest: deterministic compiler lanes declare compiler determinism as a required class
ok 62 - deterministic compiler lanes declare compiler determinism as a required class
  ---
  duration_ms: 2330.860341
  type: 'test'
  ...
# Subtest: WorldSpec rejects unknown, duplicate, and unconfigured pixel determinism classes
ok 63 - WorldSpec rejects unknown, duplicate, and unconfigured pixel determinism classes
  ---
  duration_ms: 2453.250523
  type: 'test'
  ...
# Subtest: WorldSpec safety rules are typed, bounded, and internally consistent
ok 64 - WorldSpec safety rules are typed, bounded, and internally consistent
  ---
  duration_ms: 2707.595502
  type: 'test'
  ...
# Subtest: a user safety edit becomes authored executable WorldSpec intent
ok 65 - a user safety edit becomes authored executable WorldSpec intent
  ---
  duration_ms: 4076.887045
  type: 'test'
  ...
# Subtest: WorldSpec export omits compiler evidence and import reconstructs an executable proof chain
ok 66 - WorldSpec export omits compiler evidence and import reconstructs an executable proof chain
  ---
  duration_ms: 5243.810276
  type: 'test'
  ...
# Subtest: edited WorldSpec import retains user authority and rejects incompatible execution bindings
ok 67 - edited WorldSpec import retains user authority and rejects incompatible execution bindings
  ---
  duration_ms: 5127.543055
  type: 'test'
  ...
# Subtest: WorldSpec import rejects content tampering instead of silently minting a new identity
ok 68 - WorldSpec import rejects content tampering instead of silently minting a new identity
  ---
  duration_ms: 2634.554102
  type: 'test'
  ...
# Subtest: WorldSpec rejects forged authorship references and incoherent patch history
ok 69 - WorldSpec rejects forged authorship references and incoherent patch history
  ---
  duration_ms: 3919.038188
  type: 'test'
  ...
# Subtest: legacy simulation specs migrate to WorldSpec instead of remaining a second public identity
ok 70 - legacy simulation specs migrate to WorldSpec instead of remaining a second public identity
  ---
  duration_ms: 3.616579
  type: 'test'
  ...
# Subtest: WorldSpec 1.0 exports migrate without inventing compiler baselines or reconciliations
ok 71 - WorldSpec 1.0 exports migrate without inventing compiler baselines or reconciliations
  ---
  duration_ms: 3805.113909
  type: 'test'
  ...
# Subtest: user edits append provenance, reject immutable evidence, and change execution identity
ok 72 - user edits append provenance, reject immutable evidence, and change execution identity
  ---
  duration_ms: 3648.516107
  type: 'test'
  ...
# Subtest: user edits cannot forge grounding evidence or rewrite compiler refusals
ok 73 - user edits cannot forge grounding evidence or rewrite compiler refusals
  ---
  duration_ms: 9515.866378
  type: 'test'
  ...
# Subtest: compiler baseline reverses append-only user patches and rejects a false patch chain
ok 74 - compiler baseline reverses append-only user patches and rejects a false patch chain
  ---
  duration_ms: 3868.265885
  type: 'test'
  ...
# Subtest: semantic WorldSpec edits replace Phase 4 input and reach visual execution
ok 75 - semantic WorldSpec edits replace Phase 4 input and reach visual execution
  ---
  duration_ms: 2557.734778
  type: 'test'
  ...
# Subtest: Create exposes editor, import, export, and replay controls in runtime order
ok 76 - Create exposes editor, import, export, and replay controls in runtime order
  ---
  duration_ms: 0.991005
  type: 'test'
  ...
# Subtest: a user may explicitly refuse an unsupported node without retaining stale execution obligations
ok 77 - a user may explicitly refuse an unsupported node without retaining stale execution obligations
  ---
  duration_ms: 2209.467356
  type: 'test'
  ...
1..77
# tests 77
# suites 0
# pass 77
# fail 0
# cancelled 0
# skipped 0
# todo 0
# duration_ms 88418.531921
