TAP version 13
# Subtest: canonical integrity uses UTF-8 SHA-256 and rejects lossy serialization and handles
ok 1 - canonical integrity uses UTF-8 SHA-256 and rejects lossy serialization and handles
  ---
  duration_ms: 14.138772
  type: 'test'
  ...
# Subtest: all eight outputs bind exact predecessors, invocation, dependencies, producer and revision
ok 2 - all eight outputs bind exact predecessors, invocation, dependencies, producer and revision
  ---
  duration_ms: 116.543865
  type: 'test'
  ...
# Subtest: superseded work cannot publish and releases a resource only after actual completion
ok 3 - superseded work cannot publish and releases a resource only after actual completion
  ---
  duration_ms: 33.269453
  type: 'test'
  ...
# Subtest: budgets, invalid phase order and undeclared invocation fail before publication
ok 4 - budgets, invalid phase order and undeclared invocation fail before publication
  ---
  duration_ms: 7.590309
  type: 'test'
  ...
# Subtest: a timed-out attempt cannot publish after a successful retry
ok 5 - a timed-out attempt cannot publish after a successful retry
  ---
  duration_ms: 78.618601
  type: 'test'
  ...
# Subtest: disposed and externally cancelled runs never execute phases
ok 6 - disposed and externally cancelled runs never execute phases
  ---
  duration_ms: 0.780058
  type: 'test'
  ...
# Subtest: invalid dependencies fail before acquisition or model execution
ok 7 - invalid dependencies fail before acquisition or model execution
  ---
  duration_ms: 0.590792
  type: 'test'
  ...
# Subtest: current local compilation has immutable serializable phase artifacts without runtime retrieval feedback
ok 8 - current local compilation has immutable serializable phase artifacts without runtime retrieval feedback
  ---
  duration_ms: 6351.792136
  type: 'test'
  ...
# Subtest: local adapters execute actual transformations in order and retain missing pixel evidence as unproven
ok 9 - local adapters execute actual transformations in order and retain missing pixel evidence as unproven
  ---
  duration_ms: 4173.399405
  type: 'test'
  ...
# Subtest: WorldSpec normalization preserves the accepted bound visual artifact across worker transfer
ok 10 - WorldSpec normalization preserves the accepted bound visual artifact across worker transfer
  ---
  duration_ms: 2756.483287
  type: 'test'
  ...
# Subtest: WorldSpec normalization refuses contradictory accepted visual artifacts instead of recompiling them
ok 11 - WorldSpec normalization refuses contradictory accepted visual artifacts instead of recompiling them
  ---
  duration_ms: 1329.018625
  type: 'test'
  ...
# Subtest: synchronous compatibility assembly consumes the same Phase 4 and Phase 5 outputs as forward execution
ok 12 - synchronous compatibility assembly consumes the same Phase 4 and Phase 5 outputs as forward execution
  ---
  duration_ms: 2641.919803
  type: 'test'
  ...
# Subtest: compiled water state channels retain their entity owner through serializable phase artifacts
ok 13 - compiled water state channels retain their entity owner through serializable phase artifacts
  ---
  duration_ms: 2718.848338
  type: 'test'
  ...
# Subtest: invocation acquisition obeys cancellation and the phase deadline
ok 14 - invocation acquisition obeys cancellation and the phase deadline
  ---
  duration_ms: 36.102254
  type: 'test'
  ...
# Subtest: resource selection and immutable assets cannot change while a run waits
ok 15 - resource selection and immutable assets cannot change while a run waits
  ---
  duration_ms: 35.612948
  type: 'test'
  ...
# Subtest: integrity rejects array metadata and non-enumerable artifact fields
ok 16 - integrity rejects array metadata and non-enumerable artifact fields
  ---
  duration_ms: 0.405907
  type: 'test'
  ...
# Subtest: binding snapshots receipts and metadata and detects tampering outside artifact payloads
ok 17 - binding snapshots receipts and metadata and detects tampering outside artifact payloads
  ---
  duration_ms: 3.998396
  type: 'test'
  ...
# Subtest: Phase 4 carries causal rule identity into connected lava heat and ice phase inference
ok 18 - Phase 4 carries causal rule identity into connected lava heat and ice phase inference
  ---
  duration_ms: 6420.370685
  type: 'test'
  ...
# Subtest: Phase 2 marks typed relations as local evidence instead of requesting model identity work
ok 19 - Phase 2 marks typed relations as local evidence instead of requesting model identity work
  ---
  duration_ms: 2012.653674
  type: 'test'
  ...
# Subtest: cryosphere identities select exact recognizable construction topologies
ok 20 - cryosphere identities select exact recognizable construction topologies
  ---
  duration_ms: 2134.560439
  type: 'test'
  ...
# Subtest: Phase 6 renders laboratories as workspaces rather than exterior buildings
ok 21 - Phase 6 renders laboratories as workspaces rather than exterior buildings
  ---
  duration_ms: 1497.011671
  type: 'test'
  ...
# Subtest: Phase 6 solved boxes govern packet placement even when an object also owns a motion path
ok 22 - Phase 6 solved boxes govern packet placement even when an object also owns a motion path
  ---
  duration_ms: 2190.139354
  type: 'test'
  ...
# Subtest: Phase 3 treats a synthesized context phrase as support, not object identity
ok 23 - Phase 3 treats a synthesized context phrase as support, not object identity
  ---
  duration_ms: 0.790505
  type: 'test'
  ...
# Subtest: Phase 6 applies accepted orbital process motion to every affected prompt entity
ok 24 - Phase 6 applies accepted orbital process motion to every affected prompt entity
  ---
  duration_ms: 2275.435497
  type: 'test'
  ...
# Subtest: Phase 5 physics obligations prove operators beyond the swimming vertical
ok 25 - Phase 5 physics obligations prove operators beyond the swimming vertical
  ---
  duration_ms: 3679.336689
  type: 'test'
  ...
# Subtest: Phase 5 and 7 lower swimming into behavior physics and preserve dog cat identities
ok 26 - Phase 5 and 7 lower swimming into behavior physics and preserve dog cat identities
  ---
  duration_ms: 1707.721261
  type: 'test'
  ...
# Subtest: particle instrument VisualIR preserves causal affordance rows
ok 27 - particle instrument VisualIR preserves causal affordance rows
  ---
  duration_ms: 1631.668859
  type: 'test'
  ...
# Subtest: Phase 4 exact construction evidence outranks unrelated reranker confidence
ok 28 - Phase 4 exact construction evidence outranks unrelated reranker confidence
  ---
  duration_ms: 0.550715
  type: 'test'
  ...
# Subtest: exact construction families exclude unrelated embedding neighbours through Phase 6
ok 29 - exact construction families exclude unrelated embedding neighbours through Phase 6
  ---
  duration_ms: 6.167583
  type: 'test'
  ...
# Subtest: ball construction selects spherical geometry instead of an unrelated instrument topology
ok 30 - ball construction selects spherical geometry instead of an unrelated instrument topology
  ---
  duration_ms: 1244.127767
  type: 'test'
  ...
# Subtest: data-owned target labels bind compound nouns before analogous construction reranking
ok 31 - data-owned target labels bind compound nouns before analogous construction reranking
  ---
  duration_ms: 4.023293
  type: 'test'
  ...
# Subtest: abstract control entities do not acquire unrelated physical construction graphs
ok 32 - abstract control entities do not acquire unrelated physical construction graphs
  ---
  duration_ms: 1413.732668
  type: 'test'
  ...
# Subtest: fields skip part graphs while protein chains and plumes use data-owned topology
ok 33 - fields skip part graphs while protein chains and plumes use data-owned topology
  ---
  duration_ms: 4458.366307
  type: 'test'
  ...
# Subtest: unknown object retrieval reserves an embedding-ranked construction topology inside the fixed card budget
ok 34 - unknown object retrieval reserves an embedding-ranked construction topology inside the fixed card budget
  ---
  duration_ms: 3.573764
  type: 'test'
  ...
# Subtest: construction retrieval admits physical part graphs and rejects process or visual-effect rows
ok 35 - construction retrieval admits physical part graphs and rejects process or visual-effect rows
  ---
  duration_ms: 0.486832
  type: 'test'
  ...
# Subtest: Phase 4 attaches construction to the slot target instead of a material context span
ok 36 - Phase 4 attaches construction to the slot target instead of a material context span
  ---
  duration_ms: 0.40492
  type: 'test'
  ...
# Subtest: Phase 4 construction target selection prefers a direct label over a shared canonical tail
ok 37 - Phase 4 construction target selection prefers a direct label over a shared canonical tail
  ---
  duration_ms: 0.270133
  type: 'test'
  ...
# Subtest: Phase 6 lowers unmatched typed physics entities for expanded scene kinds
ok 38 - Phase 6 lowers unmatched typed physics entities for expanded scene kinds
  ---
  duration_ms: 2024.308452
  type: 'test'
  ...
# Subtest: common-world and celestial nouns survive grounding as literal object geometry
ok 39 - common-world and celestial nouns survive grounding as literal object geometry
  ---
  duration_ms: 8172.977603
  type: 'test'
  ...
# Subtest: part-scoped properties bind robot eyes and articulated straw arms into one object graph
ok 40 - part-scoped properties bind robot eyes and articulated straw arms into one object graph
  ---
  duration_ms: 1647.002476
  type: 'test'
  ...
# Subtest: cardinality pose spatial color and environment contracts lower into one rendered scene
ok 41 - cardinality pose spatial color and environment contracts lower into one rendered scene
  ---
  duration_ms: 1711.377759
  type: 'test'
  ...
# Subtest: Phase 6 solves typed spatial constraints and canonicalizes visual concepts
ok 42 - Phase 6 solves typed spatial constraints and canonicalizes visual concepts
  ---
  duration_ms: 3.132827
  type: 'test'
  ...
# Subtest: Phase 6 takes typed identity and relation authority only from RenderIR
ok 43 - Phase 6 takes typed identity and relation authority only from RenderIR
  ---
  duration_ms: 1860.573445
  type: 'test'
  ...
# Subtest: prompt-owned identities override an incorrect network render layer
ok 44 - prompt-owned identities override an incorrect network render layer
  ---
  duration_ms: 0.573007
  type: 'test'
  ...
# Subtest: prompt-owned scientific identities require construction evidence before claiming literal geometry
ok 45 - prompt-owned scientific identities require construction evidence before claiming literal geometry
  ---
  duration_ms: 10.918278
  type: 'test'
  ...
# Subtest: construction support failures apply only to required identities without a literal representative
ok 46 - construction support failures apply only to required identities without a literal representative
  ---
  duration_ms: 0.5919
  type: 'test'
  ...
# Subtest: scene framing makes literal objects readable without changing relation geometry
ok 47 - scene framing makes literal objects readable without changing relation geometry
  ---
  duration_ms: 7965.71307
  type: 'test'
  ...
# Subtest: typed RenderIR scene fallback routes identity without inventing executable fields
ok 48 - typed RenderIR scene fallback routes identity without inventing executable fields
  ---
  duration_ms: 66.573258
  type: 'test'
  ...
# Subtest: part candidates preserve optional quantities without publishing undefined fields
ok 49 - part candidates preserve optional quantities without publishing undefined fields
  ---
  duration_ms: 4454.247827
  type: 'test'
  ...
# Subtest: explicit local intent resolution applies new parameter overrides without mutating the accepted intent
ok 50 - explicit local intent resolution applies new parameter overrides without mutating the accepted intent
  ---
  duration_ms: 2705.499694
  type: 'test'
  ...
# Subtest: WorldSpec projection preserves blank and composed authoring fields, accepted physics and visuals
ok 51 - WorldSpec projection preserves blank and composed authoring fields, accepted physics and visuals
  ---
  duration_ms: 5502.877443
  type: 'test'
  ...
# Subtest: actual runner outputs project a WorldSpec without changing accepted bindings
not ok 52 - actual runner outputs project a WorldSpec without changing accepted bindings
  ---
  duration_ms: 5416.576561
  type: 'test'
  location: '/home/clocksmith/deco/simulatte/tests/world-spec-phase-projection.test.cjs:55:1'
  failureType: 'testCodeFailure'
  error: |-
    Expected values to be strictly equal:
    + actual - expected
    
    + 'fnv1a32:baa589b2'
    - 'fnv1a32:732fa480'
               ^
    
  code: 'ERR_ASSERTION'
  name: 'AssertionError'
  expected: 'fnv1a32:732fa480'
  actual: 'fnv1a32:baa589b2'
  operator: 'strictEqual'
  stack: |-
    TestContext.<anonymous> (/home/clocksmith/deco/simulatte/tests/world-spec-phase-projection.test.cjs:83:10)
    async Test.run (node:internal/test_runner/test:1054:7)
    async Test.processPendingSubtests (node:internal/test_runner/test:744:7)
  ...
# Subtest: WorldSpec projection rejects mixed requests and incomplete or contradictory authoring inputs
ok 53 - WorldSpec projection rejects mixed requests and incomplete or contradictory authoring inputs
  ---
  duration_ms: 3161.589677
  type: 'test'
  ...
# Subtest: preserved color edits reach compiled grounding and geometry without creating another authoring revision
ok 54 - preserved color edits reach compiled grounding and geometry without creating another authoring revision
  ---
  duration_ms: 6047.416677
  type: 'test'
  ...
# Subtest: recompile plans expose every accepted override before execution
ok 55 - recompile plans expose every accepted override before execution
  ---
  duration_ms: 3102.126915
  type: 'test'
  ...
# Subtest: preserving overrides rebases them and appends a reconciliation record
ok 56 - preserving overrides rebases them and appends a reconciliation record
  ---
  duration_ms: 4164.122621
  type: 'test'
  ...
# Subtest: accepting a fresh compilation records the explicit supersession decision
ok 57 - accepting a fresh compilation records the explicit supersession decision
  ---
  duration_ms: 3936.498495
  type: 'test'
  ...
# Subtest: compiler conflicts remain visible and require a named decision
ok 58 - compiler conflicts remain visible and require a named decision
  ---
  duration_ms: 6944.556374
  type: 'test'
  ...
# Subtest: reconciliation history is append-only across repeated recompiles
ok 59 - reconciliation history is append-only across repeated recompiles
  ---
  duration_ms: 9687.86538
  type: 'test'
  ...
# Subtest: WorldSpec 1.1 artifacts migrate into the reconciliation-aware authoring schema
ok 60 - WorldSpec 1.1 artifacts migrate into the reconciliation-aware authoring schema
  ---
  duration_ms: 1799.769976
  type: 'test'
  ...
1..60
# tests 60
# suites 0
# pass 59
# fail 1
# cancelled 0
# skipped 0
# todo 0
# duration_ms 56713.361584
