TAP version 13
# Subtest: canonical integrity uses UTF-8 SHA-256 and rejects lossy serialization and handles
ok 1 - canonical integrity uses UTF-8 SHA-256 and rejects lossy serialization and handles
  ---
  duration_ms: 9.275493
  type: 'test'
  ...
# Subtest: all eight outputs bind exact predecessors, invocation, dependencies, producer and revision
ok 2 - all eight outputs bind exact predecessors, invocation, dependencies, producer and revision
  ---
  duration_ms: 69.798193
  type: 'test'
  ...
# Subtest: superseded work cannot publish and releases a resource only after actual completion
ok 3 - superseded work cannot publish and releases a resource only after actual completion
  ---
  duration_ms: 21.538495
  type: 'test'
  ...
# Subtest: budgets, invalid phase order and undeclared invocation fail before publication
ok 4 - budgets, invalid phase order and undeclared invocation fail before publication
  ---
  duration_ms: 5.384032
  type: 'test'
  ...
# Subtest: a timed-out attempt cannot publish after a successful retry
ok 5 - a timed-out attempt cannot publish after a successful retry
  ---
  duration_ms: 47.037727
  type: 'test'
  ...
# Subtest: disposed and externally cancelled runs never execute phases
ok 6 - disposed and externally cancelled runs never execute phases
  ---
  duration_ms: 1.004543
  type: 'test'
  ...
# Subtest: invalid dependencies fail before acquisition or model execution
ok 7 - invalid dependencies fail before acquisition or model execution
  ---
  duration_ms: 0.854212
  type: 'test'
  ...
# Subtest: current local compilation has immutable serializable phase artifacts without runtime retrieval feedback
ok 8 - current local compilation has immutable serializable phase artifacts without runtime retrieval feedback
  ---
  duration_ms: 2490.378537
  type: 'test'
  ...
# Subtest: local adapters execute actual transformations in order and retain missing pixel evidence as unproven
ok 9 - local adapters execute actual transformations in order and retain missing pixel evidence as unproven
  ---
  duration_ms: 1890.981048
  type: 'test'
  ...
# Subtest: WorldSpec normalization preserves the accepted bound visual artifact across worker transfer
ok 10 - WorldSpec normalization preserves the accepted bound visual artifact across worker transfer
  ---
  duration_ms: 1326.866307
  type: 'test'
  ...
# Subtest: WorldSpec normalization refuses contradictory accepted visual artifacts instead of recompiling them
ok 11 - WorldSpec normalization refuses contradictory accepted visual artifacts instead of recompiling them
  ---
  duration_ms: 652.702522
  type: 'test'
  ...
# Subtest: invocation acquisition obeys cancellation and the phase deadline
ok 12 - invocation acquisition obeys cancellation and the phase deadline
  ---
  duration_ms: 32.062145
  type: 'test'
  ...
# Subtest: resource selection and immutable assets cannot change while a run waits
ok 13 - resource selection and immutable assets cannot change while a run waits
  ---
  duration_ms: 14.688759
  type: 'test'
  ...
# Subtest: integrity rejects array metadata and non-enumerable artifact fields
ok 14 - integrity rejects array metadata and non-enumerable artifact fields
  ---
  duration_ms: 0.308374
  type: 'test'
  ...
# Subtest: binding snapshots receipts and metadata and detects tampering outside artifact payloads
ok 15 - binding snapshots receipts and metadata and detects tampering outside artifact payloads
  ---
  duration_ms: 3.745486
  type: 'test'
  ...
# Subtest: compiled Create worlds are canonical public WorldSpec artifacts
ok 16 - compiled Create worlds are canonical public WorldSpec artifacts
  ---
  duration_ms: 1601.843149
  type: 'test'
  ...
# Subtest: deterministic compiler lanes declare compiler determinism as a required class
ok 17 - deterministic compiler lanes declare compiler determinism as a required class
  ---
  duration_ms: 936.622775
  type: 'test'
  ...
# Subtest: WorldSpec rejects unknown, duplicate, and unconfigured pixel determinism classes
ok 18 - WorldSpec rejects unknown, duplicate, and unconfigured pixel determinism classes
  ---
  duration_ms: 1076.216358
  type: 'test'
  ...
# Subtest: WorldSpec safety rules are typed, bounded, and internally consistent
ok 19 - WorldSpec safety rules are typed, bounded, and internally consistent
  ---
  duration_ms: 1066.225179
  type: 'test'
  ...
# Subtest: a user safety edit becomes authored executable WorldSpec intent
ok 20 - a user safety edit becomes authored executable WorldSpec intent
  ---
  duration_ms: 1464.862449
  type: 'test'
  ...
# Subtest: WorldSpec export omits compiler evidence and import reconstructs an executable proof chain
ok 21 - WorldSpec export omits compiler evidence and import reconstructs an executable proof chain
  ---
  duration_ms: 985.420582
  type: 'test'
  ...
# Subtest: edited WorldSpec import retains user authority and rejects incompatible execution bindings
ok 22 - edited WorldSpec import retains user authority and rejects incompatible execution bindings
  ---
  duration_ms: 1557.429777
  type: 'test'
  ...
# Subtest: WorldSpec import rejects content tampering instead of silently minting a new identity
ok 23 - WorldSpec import rejects content tampering instead of silently minting a new identity
  ---
  duration_ms: 780.381836
  type: 'test'
  ...
# Subtest: WorldSpec rejects forged authorship references and incoherent patch history
ok 24 - WorldSpec rejects forged authorship references and incoherent patch history
  ---
  duration_ms: 1488.020092
  type: 'test'
  ...
# Subtest: legacy simulation specs migrate to WorldSpec instead of remaining a second public identity
ok 25 - legacy simulation specs migrate to WorldSpec instead of remaining a second public identity
  ---
  duration_ms: 1.004126
  type: 'test'
  ...
# Subtest: WorldSpec 1.0 exports migrate without inventing compiler baselines or reconciliations
ok 26 - WorldSpec 1.0 exports migrate without inventing compiler baselines or reconciliations
  ---
  duration_ms: 1553.031552
  type: 'test'
  ...
# Subtest: user edits append provenance, reject immutable evidence, and change execution identity
ok 27 - user edits append provenance, reject immutable evidence, and change execution identity
  ---
  duration_ms: 1620.7379
  type: 'test'
  ...
# Subtest: user edits cannot forge grounding evidence or rewrite compiler refusals
ok 28 - user edits cannot forge grounding evidence or rewrite compiler refusals
  ---
  duration_ms: 4138.810504
  type: 'test'
  ...
# Subtest: compiler baseline reverses append-only user patches and rejects a false patch chain
ok 29 - compiler baseline reverses append-only user patches and rejects a false patch chain
  ---
  duration_ms: 1945.143799
  type: 'test'
  ...
# Subtest: semantic WorldSpec edits replace Phase 4 input and reach visual execution
ok 30 - semantic WorldSpec edits replace Phase 4 input and reach visual execution
  ---
  duration_ms: 1548.921154
  type: 'test'
  ...
# Subtest: Create exposes editor, import, export, and replay controls in runtime order
ok 31 - Create exposes editor, import, export, and replay controls in runtime order
  ---
  duration_ms: 10.455251
  type: 'test'
  ...
# Subtest: a user may explicitly refuse an unsupported node without retaining stale execution obligations
ok 32 - a user may explicitly refuse an unsupported node without retaining stale execution obligations
  ---
  duration_ms: 1542.718322
  type: 'test'
  ...
1..32
# tests 32
# suites 0
# pass 32
# fail 0
# cancelled 0
# skipped 0
# todo 0
# duration_ms 23680.812218
