TAP version 13
# Subtest: part candidates preserve optional quantities without publishing undefined fields
ok 1 - part candidates preserve optional quantities without publishing undefined fields
  ---
  duration_ms: 4839.061099
  type: 'test'
  ...
# Subtest: explicit local intent resolution applies new parameter overrides without mutating the accepted intent
ok 2 - explicit local intent resolution applies new parameter overrides without mutating the accepted intent
  ---
  duration_ms: 2455.150475
  type: 'test'
  ...
# Subtest: WorldSpec projection preserves blank and composed authoring fields, accepted physics and visuals
ok 3 - WorldSpec projection preserves blank and composed authoring fields, accepted physics and visuals
  ---
  duration_ms: 4436.894803
  type: 'test'
  ...
# Subtest: actual runner outputs project a WorldSpec without changing accepted bindings
ok 4 - actual runner outputs project a WorldSpec without changing accepted bindings
  ---
  duration_ms: 3747.703188
  type: 'test'
  ...
# Subtest: WorldSpec projection rejects mixed requests and incomplete or contradictory authoring inputs
ok 5 - WorldSpec projection rejects mixed requests and incomplete or contradictory authoring inputs
  ---
  duration_ms: 1558.006981
  type: 'test'
  ...
1..5
# tests 5
# suites 0
# pass 5
# fail 0
# cancelled 0
# skipped 0
# todo 0
# duration_ms 18058.491286
