TAP version 13
# Subtest: classifier direct prompt rules do not inject broad scene priors over model evidence
ok 1 - classifier direct prompt rules do not inject broad scene priors over model evidence
  ---
  duration_ms: 27.242868
  type: 'test'
  ...
# Subtest: builder creates the solar magnetic perpetual motion machine from prompt
ok 2 - builder creates the solar magnetic perpetual motion machine from prompt
  ---
  duration_ms: 3172.255132
  type: 'test'
  ...
# Subtest: sampled examples resolve through intent before simulation spec
ok 3 - sampled examples resolve through intent before simulation spec
  ---
  duration_ms: 15866.19277
  type: 'test'
  ...
# Subtest: prompt shuffle examples are hand-written compact and broadly diverse
ok 4 - prompt shuffle examples are hand-written compact and broadly diverse
  ---
  duration_ms: 7908.904838
  type: 'test'
  ...
# Subtest: state labels follow compiled renderer scene identities
ok 5 - state labels follow compiled renderer scene identities
  ---
  duration_ms: 3317.469332
  type: 'test'
  ...
# Subtest: blank prompt resolves to empty construction plane intent
ok 6 - blank prompt resolves to empty construction plane intent
  ---
  duration_ms: 31.507826
  type: 'test'
  ...
# Subtest: blank keywords inside real prompts do not select blank intent
ok 7 - blank keywords inside real prompts do not select blank intent
  ---
  duration_ms: 3375.50455
  type: 'test'
  ...
# Subtest: simulation specs export, import, and remix with lineage
ok 8 - simulation specs export, import, and remix with lineage
  ---
  duration_ms: 2728.249926
  type: 'test'
  ...
# Subtest: builder composes hybrid worlds from multiple physical domains
ok 9 - builder composes hybrid worlds from multiple physical domains
  ---
  duration_ms: 1427.045117
  type: 'test'
  ...
# Subtest: free text resolves varied physical primitive families
ok 10 - free text resolves varied physical primitive families
  ---
  duration_ms: 1799.553117
  type: 'test'
  ...
# Subtest: deterministic browser mode is a first-class receipted compiler lane
ok 11 - deterministic browser mode is a first-class receipted compiler lane
  ---
  duration_ms: 751.497886
  type: 'test'
  ...
# Subtest: world builder resolves broader component families for composed worlds
ok 12 - world builder resolves broader component families for composed worlds
  ---
  duration_ms: 1181.808221
  type: 'test'
  ...
# Subtest: layered catalog separates math, physics, material, component, composition, and scene libraries
ok 13 - layered catalog separates math, physics, material, component, composition, and scene libraries
  ---
  duration_ms: 0.37796
  type: 'test'
  ...
# Subtest: canonical layer recipes only compose the immediately lower layer
ok 14 - canonical layer recipes only compose the immediately lower layer
  ---
  duration_ms: 0.281998
  type: 'test'
  ...
# Subtest: math layer stays neutral and leaves physical quantities to higher layers
ok 15 - math layer stays neutral and leaves physical quantities to higher layers
  ---
  duration_ms: 0.360381
  type: 'test'
  ...
# Subtest: downloaded embedding priors steer retrieval, regimes, and solver plans
ok 16 - downloaded embedding priors steer retrieval, regimes, and solver plans
  ---
  duration_ms: 1674.534275
  type: 'test'
  ...
# Subtest: component and scene prompts materialize lower-layer recipes
ok 17 - component and scene prompts materialize lower-layer recipes
  ---
  duration_ms: 1163.659846
  type: 'test'
  ...
# Subtest: optics prompts are built from elemental materials and operators
ok 18 - optics prompts are built from elemental materials and operators
  ---
  duration_ms: 1010.692635
  type: 'test'
  ...
# Subtest: layer contracts attach material properties, interactions, ports, slots, layout, and readouts
ok 19 - layer contracts attach material properties, interactions, ports, slots, layout, and readouts
  ---
  duration_ms: 1201.684304
  type: 'test'
  ...
# Subtest: graph IR carries units, operators, conservation, temporal events, and explanation
ok 20 - graph IR carries units, operators, conservation, temporal events, and explanation
  ---
  duration_ms: 1052.431055
  type: 'test'
  ...
# Subtest: prompt worlds compile into Grid-like classifier composition graphs
ok 21 - prompt worlds compile into Grid-like classifier composition graphs
  ---
  duration_ms: 5322.828809
  type: 'test'
  ...
# Subtest: prompt worlds choose distinct regime renderer identities
ok 22 - prompt worlds choose distinct regime renderer identities
  ---
  duration_ms: 14003.056649
  type: 'test'
  ...
# Subtest: VisualIR compiles hard natural language into structural render programs
ok 23 - VisualIR compiles hard natural language into structural render programs
  ---
  duration_ms: 12618.521696
  type: 'test'
  ...
# Subtest: prototype construction retrieval uses a bounded lexical index with honest receipts
ok 24 - prototype construction retrieval uses a bounded lexical index with honest receipts
  ---
  duration_ms: 1057.395565
  type: 'test'
  ...
# Subtest: planetary rings preserve the shepherd moon local construction grammar through Phase 3
ok 25 - planetary rings preserve the shepherd moon local construction grammar through Phase 3
  ---
  duration_ms: 1184.294861
  type: 'test'
  ...
# Subtest: unsupported generic study cannot fabricate measurement or restore negated quantum hardware
ok 26 - unsupported generic study cannot fabricate measurement or restore negated quantum hardware
  ---
  duration_ms: 804.572668
  type: 'test'
  ...
# Subtest: prototype lexical construction matches tokens rather than substrings
ok 27 - prototype lexical construction matches tokens rather than substrings
  ---
  duration_ms: 0.444884
  type: 'test'
  ...
# Subtest: prototype concrete noun slots preserve exact construction graphs for syntactic participants
ok 28 - prototype concrete noun slots preserve exact construction graphs for syntactic participants
  ---
  duration_ms: 3180.033351
  type: 'test'
  ...
# Subtest: generated relation phrases remain support evidence instead of visible entities
ok 29 - generated relation phrases remain support evidence instead of visible entities
  ---
  duration_ms: 870.925091
  type: 'test'
  ...
# Subtest: direct prompt objects outrank inferred scene tags and remain peer-scale beside one another
ok 30 - direct prompt objects outrank inferred scene tags and remain peer-scale beside one another
  ---
  duration_ms: 2844.445772
  type: 'test'
  ...
# Subtest: prompt-owned scene evidence outranks an unrelated residual optics fallback
ok 31 - prompt-owned scene evidence outranks an unrelated residual optics fallback
  ---
  duration_ms: 0.323772
  type: 'test'
  ...
# Subtest: counted instances remain individually readable and constructive parts stay in local bounds
ok 32 - counted instances remain individually readable and constructive parts stay in local bounds
  ---
  duration_ms: 1938.979157
  type: 'test'
  ...
# Subtest: production retrieval never invokes the prototype lexical construction lane
ok 33 - production retrieval never invokes the prototype lexical construction lane
  ---
  duration_ms: 7.44185
  type: 'test'
  ...
# Subtest: compiled-artifact visual genomes diversify close and broad worlds
ok 34 - compiled-artifact visual genomes diversify close and broad worlds
  ---
  duration_ms: 9860.15191
  type: 'test'
  ...
# Subtest: expanded prompt regimes do not collapse into literal or broad renderer fallbacks
ok 35 - expanded prompt regimes do not collapse into literal or broad renderer fallbacks
  ---
  duration_ms: 9766.291599
  type: 'test'
  ...
# Subtest: hand-authored coverage probes span major simulation regimes
ok 36 - hand-authored coverage probes span major simulation regimes
  ---
  duration_ms: 30103.707968
  type: 'test'
  ...
# Subtest: compiled visual DNA differentiates related language-grounded worlds
ok 37 - compiled visual DNA differentiates related language-grounded worlds
  ---
  duration_ms: 3922.661709
  type: 'test'
  ...
# Subtest: semantic visual atlas maps prompts to distinct archetype material and process layers
ok 38 - semantic visual atlas maps prompts to distinct archetype material and process layers
  ---
  duration_ms: 4828.022035
  type: 'test'
  ...
# Subtest: visual operator atlas maps grounded physics to distinct graphics atom plans
ok 39 - visual operator atlas maps grounded physics to distinct graphics atom plans
  ---
  duration_ms: 14546.573598
  type: 'test'
  ...
# Subtest: evidence-qualified motion keeps rigid rotation out of the fluid solver path
ok 40 - evidence-qualified motion keeps rigid rotation out of the fluid solver path
  ---
  duration_ms: 899.049071
  type: 'test'
  ...
# Subtest: causal visual mechanisms stay inactive without their qualifying prompt evidence
ok 41 - causal visual mechanisms stay inactive without their qualifying prompt evidence
  ---
  duration_ms: 3596.362531
  type: 'test'
  ...
# Subtest: solver-channel receipts match executable reads and writes for corrected prompt families
ok 42 - solver-channel receipts match executable reads and writes for corrected prompt families
  ---
  duration_ms: 7306.613165
  type: 'test'
  ...
# Subtest: part candidates preserve optional quantities without publishing undefined fields
ok 43 - part candidates preserve optional quantities without publishing undefined fields
  ---
  duration_ms: 3400.857734
  type: 'test'
  ...
# Subtest: explicit local intent resolution applies new parameter overrides without mutating the accepted intent
ok 44 - explicit local intent resolution applies new parameter overrides without mutating the accepted intent
  ---
  duration_ms: 1691.36677
  type: 'test'
  ...
# Subtest: WorldSpec projection preserves blank and composed authoring fields, accepted physics and visuals
ok 45 - WorldSpec projection preserves blank and composed authoring fields, accepted physics and visuals
  ---
  duration_ms: 4980.410203
  type: 'test'
  ...
# Subtest: actual runner outputs project a WorldSpec without changing accepted bindings
ok 46 - actual runner outputs project a WorldSpec without changing accepted bindings
  ---
  duration_ms: 5450.535192
  type: 'test'
  ...
# Subtest: WorldSpec projection rejects mixed requests and incomplete or contradictory authoring inputs
ok 47 - WorldSpec projection rejects mixed requests and incomplete or contradictory authoring inputs
  ---
  duration_ms: 2814.178061
  type: 'test'
  ...
1..47
# tests 47
# suites 0
# pass 47
# fail 0
# cancelled 0
# skipped 0
# todo 0
# duration_ms 177112.449435
