TAP version 13
# Subtest: part candidates preserve optional quantities without publishing undefined fields
ok 1 - part candidates preserve optional quantities without publishing undefined fields
  ---
  duration_ms: 1979.294998
  type: 'test'
  ...
# Subtest: explicit local intent resolution applies new parameter overrides without mutating the accepted intent
ok 2 - explicit local intent resolution applies new parameter overrides without mutating the accepted intent
  ---
  duration_ms: 825.654426
  type: 'test'
  ...
# Subtest: WorldSpec projection preserves blank and composed authoring fields, accepted physics and visuals
ok 3 - WorldSpec projection preserves blank and composed authoring fields, accepted physics and visuals
  ---
  duration_ms: 3408.446609
  type: 'test'
  ...
# Subtest: actual runner outputs project a WorldSpec without changing accepted bindings
ok 4 - actual runner outputs project a WorldSpec without changing accepted bindings
  ---
  duration_ms: 3861.219002
  type: 'test'
  ...
1..4
# tests 4
# suites 0
# pass 4
# fail 0
# cancelled 0
# skipped 0
# todo 0
# duration_ms 10519.540459
