{"profile":"gpu-supercluster-v1","width":1440,"pass":true}
{"profile":"gpu-supercluster-v1","width":390,"pass":true}
{"profile":"cable-trader-pickup-v1","width":1440,"pass":true}
{"profile":"cable-trader-pickup-v1","width":390,"pass":true}
{"profile":"neighborhood-bulk-pool-v1","width":1440,"pass":true}
{"profile":"neighborhood-bulk-pool-v1","width":390,"pass":true}
{"profile":"nyc-development-atlas-v1","width":1440,"pass":true}
{"profile":"nyc-development-atlas-v1","width":390,"pass":true}
{"profile":"sun-walker-v1","width":1440,"pass":true}
{"profile":"sun-walker-v1","width":390,"pass":true}
{"profile":"food-recall-us-v1","width":1440,"pass":true}
{"profile":"food-recall-us-v1","width":390,"pass":true}
{"profile":"grid-resilience-us-v1","width":1440,"pass":true}
{"profile":"grid-resilience-us-v1","width":390,"pass":true}
{"profile":"maritime-trade-global-v1","width":1440,"pass":true}
{"profile":"maritime-trade-global-v1","width":390,"pass":true}
{"profile":"subsea-network-global-v1","width":1440,"pass":true}
{"profile":"subsea-network-global-v1","width":390,"pass":true}
{"profile":"orbital-transfer-planner-v1","width":1440,"pass":true}
{"profile":"orbital-transfer-planner-v1","width":390,"pass":true}
{"profile":"asteroid-defense-v1","width":1440,"pass":true}
{"profile":"asteroid-defense-v1","width":390,"pass":true}
{"profile":"interstellar-relay-network-v1","width":1440,"pass":true}
{"profile":"interstellar-relay-network-v1","width":390,"pass":true}
