TAP version 13
# Subtest: shared CDP client preserves command, event, connection, and diagnostics interfaces
ok 1 - shared CDP client preserves command, event, connection, and diagnostics interfaces
  ---
  duration_ms: 89.677616
  type: 'test'
  ...
# Subtest: CDP commands and event waiters time out or reject on disconnect instead of hanging
ok 2 - CDP commands and event waiters time out or reject on disconnect instead of hanging
  ---
  duration_ms: 45.989642
  type: 'test'
  ...
# Subtest: browser arguments retain explicit GPU, memory, and headed lanes without profile overrides
ok 3 - browser arguments retain explicit GPU, memory, and headed lanes without profile overrides
  ---
  duration_ms: 22.281865
  type: 'test'
  ...
# Subtest: browser shutdown escalates and waits, including synchronous exit events
ok 4 - browser shutdown escalates and waits, including synchronous exit events
  ---
  duration_ms: 7.312219
  type: 'test'
  ...
# Subtest: browser readiness binds the generated port, rejects early exit and cleans only owned profiles
ok 5 - browser readiness binds the generated port, rejects early exit and cleans only owned profiles
  ---
  duration_ms: 15.618049
  type: 'test'
  ...
# Subtest: audit host closes its listener when browser startup fails
ok 6 - audit host closes its listener when browser startup fails
  ---
  duration_ms: 60.323306
  type: 'test'
  ...
# Subtest: audit output retains previous evidence and refuses to overwrite unrecognized work
ok 7 - audit output retains previous evidence and refuses to overwrite unrecognized work
  ---
  duration_ms: 14.050235
  type: 'test'
  ...
# Subtest: recursive CATSCAN validation accepts unique components and nearest parents
ok 8 - recursive CATSCAN validation accepts unique components and nearest parents
  ---
  duration_ms: 62.959539
  type: 'test'
  ...
# Subtest: recursive CATSCAN validation rejects a skipped nearest parent
ok 9 - recursive CATSCAN validation rejects a skipped nearest parent
  ---
  duration_ms: 6.847364
  type: 'test'
  ...
# Subtest: recursive CATSCAN validation rejects missing evidence links
ok 10 - recursive CATSCAN validation rejects missing evidence links
  ---
  duration_ms: 9.964521
  type: 'test'
  ...
# Subtest: recursive CATSCAN validation rejects duplicate component names
ok 11 - recursive CATSCAN validation rejects duplicate component names
  ---
  duration_ms: 19.172692
  type: 'test'
  ...
# Subtest: generated component index is deterministic and rejects drift
ok 12 - generated component index is deterministic and rejects drift
  ---
  duration_ms: 5.395447
  type: 'test'
  ...
# Subtest: current city paths obey independent travel-time and image-source geometry
ok 13 - current city paths obey independent travel-time and image-source geometry
  ---
  duration_ms: 10.797729
  type: 'test'
  ...
# Subtest: live estimate and detailed waveform agree over stationary direct and reflected evaluation cases
ok 14 - live estimate and detailed waveform agree over stationary direct and reflected evaluation cases
  ---
  duration_ms: 1695.828618
  type: 'test'
  ...
# Subtest: current city waveform converges as moving-source geometry steps shrink
ok 15 - current city waveform converges as moving-source geometry steps shrink
  ---
  duration_ms: 539.079775
  type: 'test'
  ...
# Subtest: causal controller learns an unknown cancelling filter from delayed broadband observations
ok 16 - causal controller learns an unknown cancelling filter from delayed broadband observations
  ---
  duration_ms: 155.179331
  type: 'test'
  ...
# Subtest: facade identity survives input ordering and missing heights never become fabricated barriers
ok 17 - facade identity survives input ordering and missing heights never become fabricated barriers
  ---
  duration_ms: 6.317049
  type: 'test'
  ...
# Subtest: four-rank ring transfers six 250-byte chunks per rank at one GB/s
ok 18 - four-rank ring transfers six 250-byte chunks per rank at one GB/s
  ---
  duration_ms: 27.824782
  type: 'test'
  ...
# Subtest: capacity belongs to routed links; halving every capacity doubles serialization time
ok 19 - capacity belongs to routed links; halving every capacity doubles serialization time
  ---
  duration_ms: 18.26706
  type: 'test'
  ...
# Subtest: double binary trees deliver both reduced partitions to every rank
ok 20 - double binary trees deliver both reduced partitions to every rank
  ---
  duration_ms: 1.444533
  type: 'test'
  ...
# Subtest: two-by-two torus routes opposite-corner buckets through both dimensions
ok 21 - two-by-two torus routes opposite-corner buckets through both dimensions
  ---
  duration_ms: 12.536751
  type: 'test'
  ...
# Subtest: invalid identities, unsupported algorithms and nonfinite budgets fail closed
ok 22 - invalid identities, unsupported algorithms and nonfinite budgets fail closed
  ---
  duration_ms: 0.625703
  type: 'test'
  ...
# Subtest: multiple nodes within a rack remain connected by physical gateway links
ok 23 - multiple nodes within a rack remain connected by physical gateway links
  ---
  duration_ms: 28.13444
  type: 'test'
  ...
# Subtest: public stylesheet resolves the owned design layers without duplicate loading
ok 24 - public stylesheet resolves the owned design layers without duplicate loading
  ---
  duration_ms: 3.499519
  type: 'test'
  ...
# Subtest: literal paint values belong to tokens, not component and page rules
ok 25 - literal paint values belong to tokens, not component and page rules
  ---
  duration_ms: 8.316696
  type: 'test'
  ...
# Subtest: page entries use stylesheets instead of inline stylesheet forks
ok 26 - page entries use stylesheets instead of inline stylesheet forks
  ---
  duration_ms: 0.951357
  type: 'test'
  ...
# Subtest: paint extraction preserves property names including white-space
ok 27 - paint extraction preserves property names including white-space
  ---
  duration_ms: 27.453969
  type: 'test'
  ...
# Subtest: page compositions consume the shared theme without reviving retired theme forks
ok 28 - page compositions consume the shared theme without reviving retired theme forks
  ---
  duration_ms: 16.423139
  type: 'test'
  ...
# Subtest: empty plugin map slots cannot hide governed scene labels
ok 29 - empty plugin map slots cannot hide governed scene labels
  ---
  duration_ms: 0.452961
  type: 'test'
  ...
# Subtest: Create shares the World typography and monochrome theme rather than forking its palette
ok 30 - Create shares the World typography and monochrome theme rather than forking its palette
  ---
  duration_ms: 0.508899
  type: 'test'
  ...
# Subtest: gpu-supercluster topology generates 256 GPUs across 32 liquid-cooled racks
ok 31 - gpu-supercluster topology generates 256 GPUs across 32 liquid-cooled racks
  ---
  duration_ms: 16.059561
  type: 'test'
  ...
# Subtest: collective solver calculates step times, MFU, and bandwidth bottlenecks for Ring and Tree AllReduce
ok 32 - collective solver calculates step times, MFU, and bandwidth bottlenecks for Ring and Tree AllReduce
  ---
  duration_ms: 519.774403
  type: 'test'
  ...
# Subtest: straggler node fault injection degrades MFU and increases barrier step time
ok 33 - straggler node fault injection degrades MFU and increases barrier step time
  ---
  duration_ms: 306.907936
  type: 'test'
  ...
# Subtest: packet loss affects collective state and coolant controls use the declared 1000 L/min bound
ok 34 - packet loss affects collective state and coolant controls use the declared 1000 L/min bound
  ---
  duration_ms: 328.559733
  type: 'test'
  ...
# Subtest: thermal model solves coolant delta-T, PUE, and triggers thermal throttling under reduced flow
ok 35 - thermal model solves coolant delta-T, PUE, and triggers thermal throttling under reduced flow
  ---
  duration_ms: 1.437421
  type: 'test'
  ...
# Subtest: gpu-supercluster plugin produces deterministic simulation and valid receipts
ok 36 - gpu-supercluster plugin produces deterministic simulation and valid receipts
  ---
  duration_ms: 252.969446
  type: 'test'
  ...
# Subtest: gpu-supercluster activates as a native v4 plugin with deterministic playback and comparison
ok 37 - gpu-supercluster activates as a native v4 plugin with deterministic playback and comparison
  ---
  duration_ms: 911.674626
  type: 'test'
  ...
# Subtest: GPU controls preserve zero faults, clamp physical bounds, and refuse malformed input
ok 38 - GPU controls preserve zero faults, clamp physical bounds, and refuse malformed input
  ---
  duration_ms: 1.379907
  type: 'test'
  ...
# Subtest: pipeline time includes the full bubble share and throughput reconciles to work over time
ok 39 - pipeline time includes the full bubble share and throughput reconciles to work over time
  ---
  duration_ms: 76.430985
  type: 'test'
  ...
# Subtest: default NVLink uses directional bits per second without changing explicit configured units
ok 40 - default NVLink uses directional bits per second without changing explicit configured units
  ---
  duration_ms: 87.17888
  type: 'test'
  ...
# Subtest: coolant flow changes die temperature and thermal caps slow computation and conserve modeled heat
ok 41 - coolant flow changes die temperature and thermal caps slow computation and conserve modeled heat
  ---
  duration_ms: 285.32149
  type: 'test'
  ...
# Subtest: rack populations cannot silently drop GPUs or contradict the declared nodes
ok 42 - rack populations cannot silently drop GPUs or contradict the declared nodes
  ---
  duration_ms: 2.798116
  type: 'test'
  ...
# Subtest: rack visuals retain exact model temperatures and PUE remains a ratio
ok 43 - rack visuals retain exact model temperatures and PUE remains a ratio
  ---
  duration_ms: 192.371859
  type: 'test'
  ...
# Subtest: GPU model provenance binds the source bytes used by the simulation
ok 44 - GPU model provenance binds the source bytes used by the simulation
  ---
  duration_ms: 99.005491
  type: 'test'
  ...
# Subtest: rack glyph drawing uses model values unchanged across render calls
ok 45 - rack glyph drawing uses model values unchanged across render calls
  ---
  duration_ms: 7.380588
  type: 'test'
  ...
# Subtest: datacenter projection provides one isometric meter mapping for facility and plugin layers
ok 46 - datacenter projection provides one isometric meter mapping for facility and plugin layers
  ---
  duration_ms: 13.790527
  type: 'test'
  ...
# Subtest: datacenter overview fits the model coordinates inside the exposed canvas at both widths
ok 47 - datacenter overview fits the model coordinates inside the exposed canvas at both widths
  ---
  duration_ms: 34.312659
  type: 'test'
  ...
# Subtest: training explanation stays on operating dependencies during playback
ok 48 - training explanation stays on operating dependencies during playback
  ---
  duration_ms: 128.856578
  type: 'test'
  ...
# Subtest: host refreshes cached GPU contributions after private control and playback mutations
ok 49 - host refreshes cached GPU contributions after private control and playback mutations
  ---
  duration_ms: 790.236469
  type: 'test'
  ...
# Subtest: event integration converges without discarded substep work or shifted interventions
ok 50 - event integration converges without discarded substep work or shifted interventions
  ---
  duration_ms: 14.16404
  type: 'test'
  ...
# Subtest: a live straggler blocks the collective, accumulates waits, and removal releases dependent racks
ok 51 - a live straggler blocks the collective, accumulates waits, and removal releases dependent racks
  ---
  duration_ms: 119.339284
  type: 'test'
  ...
# Subtest: live actions survive controller seek, replay, settlement, and persisted reload
ok 52 - live actions survive controller seek, replay, settlement, and persisted reload
  ---
  duration_ms: 2331.840758
  type: 'test'
  ...
# Subtest: configured straggler node resolves to the same canonical rack shown by the scenario
ok 53 - configured straggler node resolves to the same canonical rack shown by the scenario
  ---
  duration_ms: 72.959799
  type: 'test'
  ...
# Subtest: hosting targets separate World and Create while preserving governed shared assets
ok 54 - hosting targets separate World and Create while preserving governed shared assets
  ---
  duration_ms: 6004.318143
  type: 'test'
  ...
# Subtest: release and hosting validation run against the stamped build identity
ok 55 - release and hosting validation run against the stamped build identity
  ---
  duration_ms: 6.387035
  type: 'test'
  ...
# Subtest: measurement publication requires scenario, observer, configuration and sample time identity
ok 56 - measurement publication requires scenario, observer, configuration and sample time identity
  ---
  duration_ms: 6.256797
  type: 'test'
  ...
# Subtest: a moving tracked microphone retains identity until its subject or mode changes
ok 57 - a moving tracked microphone retains identity until its subject or mode changes
  ---
  duration_ms: 0.395721
  type: 'test'
  ...
# Subtest: tracked sound maps retain sampled geometry while rejecting zoom and subject changes
ok 58 - tracked sound maps retain sampled geometry while rejecting zoom and subject changes
  ---
  duration_ms: 3.920527
  type: 'test'
  ...
# Subtest: reference report separates unfitted evaluation, published comparisons, and numerical convergence
ok 59 - reference report separates unfitted evaluation, published comparisons, and numerical convergence
  ---
  duration_ms: 2208.378816
  type: 'test'
  ...
# Subtest: firing-event rate and crank timing distinguish four-stroke engine rhythms
ok 60 - firing-event rate and crank timing distinguish four-stroke engine rhythms
  ---
  duration_ms: 118.844241
  type: 'test'
  ...
# Subtest: free-field pressure halves with distance; independent energies add 3.0103 dB
ok 61 - free-field pressure halves with distance; independent energies add 3.0103 dB
  ---
  duration_ms: 18.894684
  type: 'test'
  ...
# Subtest: an impulse cannot arrive before acoustic travel time
ok 62 - an impulse cannot arrive before acoustic travel time
  ---
  duration_ms: 7.521909
  type: 'test'
  ...
# Subtest: ground and parallel-wall image geometry match analytical path distances
ok 63 - ground and parallel-wall image geometry match analytical path distances
  ---
  duration_ms: 0.57057
  type: 'test'
  ...
# Subtest: signed pressure interference follows phase error, with off-target amplification
ok 64 - signed pressure interference follows phase error, with off-target amplification
  ---
  duration_ms: 50.070162
  type: 'test'
  ...
# Subtest: causal control cannot observe future reference or error microphone samples
ok 65 - causal control cannot observe future reference or error microphone samples
  ---
  duration_ms: 151.004834
  type: 'test'
  ...
# Subtest: A-weighting and Fast time weighting measure a known 1 kHz pressure
ok 66 - A-weighting and Fast time weighting measure a known 1 kHz pressure
  ---
  duration_ms: 64.102706
  type: 'test'
  ...
# Subtest: path refinement converges for moving sources and frame rate is absent from execution
ok 67 - path refinement converges for moving sources and frame rate is absent from execution
  ---
  duration_ms: 231.197999
  type: 'test'
  ...
# Subtest: silent or indistinguishable sensor observations abstain
ok 68 - silent or indistinguishable sensor observations abstain
  ---
  duration_ms: 18.891489
  type: 'test'
  ...
# Subtest: plate recognition reads pixels and abstains when information is lost
ok 69 - plate recognition reads pixels and abstains when information is lost
  ---
  duration_ms: 23.065868
  type: 'test'
  ...
# Subtest: WorldSpec round trip replays exact results and rejects hidden or oversized controls
ok 70 - WorldSpec round trip replays exact results and rejects hidden or oversized controls
  ---
  duration_ms: 1125.630261
  type: 'test'
  ...
# Subtest: GCC-PHAT locates a resolvable source from delayed observations alone
ok 71 - GCC-PHAT locates a resolvable source from delayed observations alone
  ---
  duration_ms: 34.947684
  type: 'test'
  ...
# Subtest: scenario edits retain provenance and imported programs replay without resetting authorship
ok 72 - scenario edits retain provenance and imported programs replay without resetting authorship
  ---
  duration_ms: 67.149486
  type: 'test'
  ...
# Subtest: draw failure at frame 1 recovers once without duplicate frames
ok 73 - draw failure at frame 1 recovers once without duplicate frames
  ---
  duration_ms: 36.648262
  type: 'test'
  ...
# Subtest: draw failure at frame 3 recovers once without duplicate frames
ok 74 - draw failure at frame 3 recovers once without duplicate frames
  ---
  duration_ms: 1.468718
  type: 'test'
  ...
# Subtest: failed recovery stops drawing, retains pause, and explicit retry starts one loop
ok 75 - failed recovery stops drawing, retains pause, and explicit retry starts one loop
  ---
  duration_ms: 1.433645
  type: 'test'
  ...
# Subtest: disposal during pending renderer preparation cannot publish a frame
ok 76 - disposal during pending renderer preparation cannot publish a frame
  ---
  duration_ms: 0.449209
  type: 'test'
  ...
# Subtest: frequency bins preserve tone frequency and mean-square power for 4096 samples
ok 77 - frequency bins preserve tone frequency and mean-square power for 4096 samples
  ---
  duration_ms: 26.013427
  type: 'test'
  ...
# Subtest: frequency bins preserve tone frequency and mean-square power for 3000 samples
ok 78 - frequency bins preserve tone frequency and mean-square power for 3000 samples
  ---
  duration_ms: 19.14861
  type: 'test'
  ...
# Subtest: silent spectrum contains no candidate with positive power
ok 79 - silent spectrum contains no candidate with positive power
  ---
  duration_ms: 14.794344
  type: 'test'
  ...
# Subtest: ephemeris reproduces a known cubic trajectory and its velocity without mutating samples
ok 80 - ephemeris reproduces a known cubic trajectory and its velocity without mutating samples
  ---
  duration_ms: 17.155339
  type: 'test'
  ...
# Subtest: universal-variable Lambert solver converges and patched-conic metrics remain finite
ok 81 - universal-variable Lambert solver converges and patched-conic metrics remain finite
  ---
  duration_ms: 5.351479
  type: 'test'
  ...
# Subtest: named random streams make maritime queues reproducible and independent
ok 82 - named random streams make maritime queues reproducible and independent
  ---
  duration_ms: 5.310843
  type: 'test'
  ...
# Subtest: container ledger conserves count and records ordered lineage
ok 83 - container ledger conserves count and records ordered lineage
  ---
  duration_ms: 4.013895
  type: 'test'
  ...
# Subtest: stellar propagation does not multiply radial velocity by seconds twice
ok 84 - stellar propagation does not multiply radial velocity by seconds twice
  ---
  duration_ms: 0.810559
  type: 'test'
  ...
# Subtest: contact scheduler orders every relay event and reproduces finite light time
ok 85 - contact scheduler orders every relay event and reproduces finite light time
  ---
  duration_ms: 21.928548
  type: 'test'
  ...
# Subtest: plugin scheduler snapshots and deeply freezes payloads when scheduled
ok 86 - plugin scheduler snapshots and deeply freezes payloads when scheduled
  ---
  duration_ms: 0.984958
  type: 'test'
  ...
# Subtest: plugin scheduler fails terminally without consuming work beyond its budget
ok 87 - plugin scheduler fails terminally without consuming work beyond its budget
  ---
  duration_ms: 4.30771
  type: 'test'
  ...
# Subtest: interstellar packet integrity uses host SHA-256 and detects payload changes
ok 88 - interstellar packet integrity uses host SHA-256 and detects payload changes
  ---
  duration_ms: 59.680471
  type: 'test'
  ...
# Subtest: v3 profiles and coordinate-native presentations validate
ok 89 - v3 profiles and coordinate-native presentations validate
  ---
  duration_ms: 8.271575
  type: 'test'
  ...
# Subtest: settlement, capability, and reducer boundaries fail closed
ok 90 - settlement, capability, and reducer boundaries fail closed
  ---
  duration_ms: 1.341539
  type: 'test'
  ...
# Subtest: plugin state reducers retain unchanged immutable simulation subtrees
ok 91 - plugin state reducers retain unchanged immutable simulation subtrees
  ---
  duration_ms: 1.504694
  type: 'test'
  ...
# Subtest: tier presentation compiler namespaces coordinate-native output
ok 92 - tier presentation compiler namespaces coordinate-native output
  ---
  duration_ms: 0.938577
  type: 'test'
  ...
# Subtest: new plugin manifests declare every emitted completion receipt family
ok 93 - new plugin manifests declare every emitted completion receipt family
  ---
  duration_ms: 0.712597
  type: 'test'
  ...
# Subtest: Food Recall exposes the generic scenario.run action for governed country boot
ok 94 - Food Recall exposes the generic scenario.run action for governed country boot
  ---
  duration_ms: 0.359746
  type: 'test'
  ...
# Subtest: experience HUD summary binds the active profile, scenario, and V4 state measures
ok 95 - experience HUD summary binds the active profile, scenario, and V4 state measures
  ---
  duration_ms: 54.99148
  type: 'test'
  ...
# Subtest: world-tier clock snapshots governed scenario time and fails closed when absent
ok 96 - world-tier clock snapshots governed scenario time and fails closed when absent
  ---
  duration_ms: 2.883838
  type: 'test'
  ...
# Subtest: all shipped experiences declare validated story, metric, comparison, and view behavior
ok 97 - all shipped experiences declare validated story, metric, comparison, and view behavior
  ---
  duration_ms: 4.769512
  type: 'test'
  ...
# Subtest: default scenarios foreground the governing disruption or relay mechanism
ok 98 - default scenarios foreground the governing disruption or relay mechanism
  ---
  duration_ms: 0.727866
  type: 'test'
  ...
# Subtest: the shared shell exposes POV and first-class playback controls
ok 99 - the shared shell exposes POV and first-class playback controls
  ---
  duration_ms: 1.780496
  type: 'test'
  ...
# Subtest: side metrics replace the previous experience rows instead of retaining stale values
ok 100 - side metrics replace the previous experience rows instead of retaining stale values
  ---
  duration_ms: 0.594485
  type: 'test'
  ...
# Subtest: tier camera controls resolve real overview, follow, POV, and compare targets by priority
ok 101 - tier camera controls resolve real overview, follow, POV, and compare targets by priority
  ---
  duration_ms: 0.407443
  type: 'test'
  ...
# Subtest: router paths preserve the governed tier and full experience id
ok 102 - router paths preserve the governed tier and full experience id
  ---
  duration_ms: 1.244514
  type: 'test'
  ...
# Subtest: router round-trips scenario and typed simulation parameters through a canonical URL
ok 103 - router round-trips scenario and typed simulation parameters through a canonical URL
  ---
  duration_ms: 2.79371
  type: 'test'
  ...
# Subtest: router refuses invalid identities, mismatched profiles, and unknown camera modes
ok 104 - router refuses invalid identities, mismatched profiles, and unknown camera modes
  ---
  duration_ms: 0.834312
  type: 'test'
  ...
# Subtest: every registered experience resolves to its canonical GitHub Markdown preview
ok 105 - every registered experience resolves to its canonical GitHub Markdown preview
  ---
  duration_ms: 0.613628
  type: 'test'
  ...
# Subtest: experience documentation link updates and fails closed for unknown profiles
ok 106 - experience documentation link updates and fails closed for unknown profiles
  ---
  duration_ms: 0.334819
  type: 'test'
  ...
# Subtest: experience actions use one honest verb taxonomy
ok 107 - experience actions use one honest verb taxonomy
  ---
  duration_ms: 0.851954
  type: 'test'
  ...
# Subtest: mount lifecycle links parent cancellation to listeners and fetches
ok 108 - mount lifecycle links parent cancellation to listeners and fetches
  ---
  duration_ms: 2.224058
  type: 'test'
  ...
# Subtest: mount lifecycle settles every disposer without masking failures
ok 109 - mount lifecycle settles every disposer without masking failures
  ---
  duration_ms: 0.388786
  type: 'test'
  ...
# Subtest: app shell aborts and disposes a superseded boot before mounting the latest route
ok 110 - app shell aborts and disposes a superseded boot before mounting the latest route
  ---
  duration_ms: 23.85821
  type: 'test'
  ...
# Subtest: app shell clears stale side metrics before a different experience boots
ok 111 - app shell clears stale side metrics before a different experience boots
  ---
  duration_ms: 0.747049
  type: 'test'
  ...
# Subtest: app shell reloads the tier default when browser history removes an experience segment
ok 112 - app shell reloads the tier default when browser history removes an experience segment
  ---
  duration_ms: 2.723097
  type: 'test'
  ...
# Subtest: app shell hides the mounted world synchronously and keeps only the loader until replacement boot completes
ok 113 - app shell hides the mounted world synchronously and keeps only the loader until replacement boot completes
  ---
  duration_ms: 0.737087
  type: 'test'
  ...
# Subtest: app shell keeps presentation-only and equivalent partial routes lifecycle-neutral while scenario updates load
ok 114 - app shell keeps presentation-only and equivalent partial routes lifecycle-neutral while scenario updates load
  ---
  duration_ms: 5.675686
  type: 'test'
  ...
# Subtest: route loading layer covers every mounted world panel without a transition delay
ok 115 - route loading layer covers every mounted world panel without a transition delay
  ---
  duration_ms: 0.538683
  type: 'test'
  ...
# Subtest: app shell aborts and releases a terminally failed boot attempt
ok 116 - app shell aborts and releases a terminally failed boot attempt
  ---
  duration_ms: 1.16127
  type: 'test'
  ...
# Subtest: app shell disposes a booted application whose resolved identity violates the route
ok 117 - app shell disposes a booted application whose resolved identity violates the route
  ---
  duration_ms: 0.698537
  type: 'test'
  ...
# Subtest: app shell recovers an unknown governed-tier experience with that tier default
ok 118 - app shell recovers an unknown governed-tier experience with that tier default
  ---
  duration_ms: 0.615359
  type: 'test'
  ...
# Subtest: route updates compare controls against applied plugin state, not a pending form edit
ok 119 - route updates compare controls against applied plugin state, not a pending form edit
  ---
  duration_ms: 0.437189
  type: 'test'
  ...
# Subtest: City presentation yields before collecting work and drops superseded or disposed renders
ok 120 - City presentation yields before collecting work and drops superseded or disposed renders
  ---
  duration_ms: 3.812902
  type: 'test'
  ...
# Subtest: Lambert solutions record branch, revolutions, iterations, tolerance, residual, and bracket
ok 121 - Lambert solutions record branch, revolutions, iterations, tolerance, residual, and bracket
  ---
  duration_ms: 2.898215
  type: 'test'
  ...
# Subtest: independent RK4 propagation reproduces a deterministic circular two-body benchmark
ok 122 - independent RK4 propagation reproduces a deterministic circular two-body benchmark
  ---
  duration_ms: 96.058198
  type: 'test'
  ...
# Subtest: bounded searches retain rejected candidates and exact grid identities
ok 123 - bounded searches retain rejected candidates and exact grid identities
  ---
  duration_ms: 2.119264
  type: 'test'
  ...
# Subtest: Hohmann fallback is explicitly a circular coplanar screening baseline with a reason
ok 124 - Hohmann fallback is explicitly a circular coplanar screening baseline with a reason
  ---
  duration_ms: 4.869106
  type: 'test'
  ...
# Subtest: every public scenario emits deterministic solver hashes, verification errors, receipts, and claim gates
ok 125 - every public scenario emits deterministic solver hashes, verification errors, receipts, and claim gates
  ---
  duration_ms: 6336.864013
  type: 'test'
  ...
# Subtest: objective controls rerun the launch-window search and become receipt-backed state
ok 126 - objective controls rerun the launch-window search and become receipt-backed state
  ---
  duration_ms: 952.065573
  type: 'test'
  ...
# Subtest: spacecraft, solver branch, and verifier controls causally alter accepted results
ok 127 - spacecraft, solver branch, and verifier controls causally alter accepted results
  ---
  duration_ms: 1227.225068
  type: 'test'
  ...
# Subtest: launch-window playback exposes a bounded family of inspectable candidate paths
ok 128 - launch-window playback exposes a bounded family of inspectable candidate paths
  ---
  duration_ms: 717.106165
  type: 'test'
  ...
# Subtest: flight playback advances the ephemeris epoch and follows the moving spacecraft
ok 129 - flight playback advances the ephemeris epoch and follows the moving spacecraft
  ---
  duration_ms: 721.459487
  type: 'test'
  ...
# Subtest: applied mission state remains inspectable while step-time drafts cannot mutate the running proof
ok 130 - applied mission state remains inspectable while step-time drafts cannot mutate the running proof
  ---
  duration_ms: 691.32256
  type: 'test'
  ...
# Subtest: launch search rejects nonadvancing, nonfinite, and excessive grids before iterating
ok 131 - launch search rejects nonadvancing, nonfinite, and excessive grids before iterating
  ---
  duration_ms: 2.371206
  type: 'test'
  ...
# Subtest: minimap follows the governed plugin actor and retains the core journey fallback
ok 132 - minimap follows the governed plugin actor and retains the core journey fallback
  ---
  duration_ms: 9.799406
  type: 'test'
  ...
# Subtest: plugin follow mode centers the camera on the moving plugin actor
ok 133 - plugin follow mode centers the camera on the moving plugin actor
  ---
  duration_ms: 2.345531
  type: 'test'
  ...
# Subtest: POV mode uses the plugin actor rather than the hidden City journey state
ok 134 - POV mode uses the plugin actor rather than the hidden City journey state
  ---
  duration_ms: 0.355725
  type: 'test'
  ...
# Subtest: overview, free, and compare retain distinct camera modes and framing
ok 135 - overview, free, and compare retain distinct camera modes and framing
  ---
  duration_ms: 1.225365
  type: 'test'
  ...
# Subtest: wide plugin overviews expand the far plane to keep their evidence visible
ok 136 - wide plugin overviews expand the far plane to keep their evidence visible
  ---
  duration_ms: 0.218188
  type: 'test'
  ...
# Subtest: wide overview altitude reduces fog without changing the near-view ceiling
ok 137 - wide overview altitude reduces fog without changing the near-view ceiling
  ---
  duration_ms: 0.202533
  type: 'test'
  ...
# Subtest: City camera buttons send the exact advertised modes and select semantic targets
ok 138 - City camera buttons send the exact advertised modes and select semantic targets
  ---
  duration_ms: 0.977713
  type: 'test'
  ...
# Subtest: City plugin playback drives rendering from simulation time without mutating world state
ok 139 - City plugin playback drives rendering from simulation time without mutating world state
  ---
  duration_ms: 0.381206
  type: 'test'
  ...
# Subtest: plugin follow zoom changes the rendered camera distance as well as its control value
ok 140 - plugin follow zoom changes the rendered camera distance as well as its control value
  ---
  duration_ms: 4.024754
  type: 'test'
  ...
# Subtest: plugin runtime activates a least-authority fixture, sequences state, contributes UI, and disposes
ok 141 - plugin runtime activates a least-authority fixture, sequences state, contributes UI, and disposes
  ---
  duration_ms: 524.86125
  type: 'test'
  ...
# Subtest: data catalog lazily loads only declared hash-pinned shards and reuses the verified result
ok 142 - data catalog lazily loads only declared hash-pinned shards and reuses the verified result
  ---
  duration_ms: 10.11523
  type: 'test'
  ...
# Subtest: application interactions expose governed seeds without presenting mission prose as input
ok 143 - application interactions expose governed seeds without presenting mission prose as input
  ---
  duration_ms: 16.092453
  type: 'test'
  ...
# Subtest: plugin runtime forwards scenario changes through the generic lifecycle
ok 144 - plugin runtime forwards scenario changes through the generic lifecycle
  ---
  duration_ms: 70.180171
  type: 'test'
  ...
# Subtest: plugin runtime clones action and capability results before exposing them
ok 145 - plugin runtime clones action and capability results before exposing them
  ---
  duration_ms: 33.94078
  type: 'test'
  ...
# Subtest: plugin runtime disposes activated plugins when a later activation fails
ok 146 - plugin runtime disposes activated plugins when a later activation fails
  ---
  duration_ms: 53.898435
  type: 'test'
  ...
# Subtest: plugin runtime disposes every plugin and reports disposal failures
ok 147 - plugin runtime disposes every plugin and reports disposal failures
  ---
  duration_ms: 54.375972
  type: 'test'
  ...
# Subtest: plugin runtime owns an immutable scenario snapshot
ok 148 - plugin runtime owns an immutable scenario snapshot
  ---
  duration_ms: 54.820786
  type: 'test'
  ...
# Subtest: plugin runtime rolls back applied scenario changes after a plugin rejects one
ok 149 - plugin runtime rolls back applied scenario changes after a plugin rejects one
  ---
  duration_ms: 73.90642
  type: 'test'
  ...
# Subtest: plugin runtime serializes overlapping scenario changes
ok 150 - plugin runtime serializes overlapping scenario changes
  ---
  duration_ms: 45.389761
  type: 'test'
  ...
# Subtest: plugin runtime rejects public work after disposal instead of reading cleared instances
ok 151 - plugin runtime rejects public work after disposal instead of reading cleared instances
  ---
  duration_ms: 43.687537
  type: 'test'
  ...
# Subtest: plugin runtime disposal is idempotent for overlapping callers
ok 152 - plugin runtime disposal is idempotent for overlapping callers
  ---
  duration_ms: 27.852821
  type: 'test'
  ...
# Subtest: plugin runtime completes queued scenario work before disposal closes plugins
ok 153 - plugin runtime completes queued scenario work before disposal closes plugins
  ---
  duration_ms: 53.104565
  type: 'test'
  ...
# Subtest: plugin contracts reject undeclared authority and capability cycles fail before activation
ok 154 - plugin contracts reject undeclared authority and capability cycles fail before activation
  ---
  duration_ms: 63.247685
  type: 'test'
  ...
# Subtest: executable plugin activation fails closed without current trust or after revocation
ok 155 - executable plugin activation fails closed without current trust or after revocation
  ---
  duration_ms: 6.924674
  type: 'test'
  ...
# Subtest: every repository plugin carries current same-realm trust without marketplace claims
ok 156 - every repository plugin carries current same-realm trust without marketplace claims
  ---
  duration_ms: 13.541958
  type: 'test'
  ...
# Subtest: request contributions reject fields outside the versioned host contract
ok 157 - request contributions reject fields outside the versioned host contract
  ---
  duration_ms: 0.559824
  type: 'test'
  ...
# Subtest: plugin UI contract reserves map overlays for interaction and rejects duplicate HUD surfaces
ok 158 - plugin UI contract reserves map overlays for interaction and rejects duplicate HUD surfaces
  ---
  duration_ms: 0.181747
  type: 'test'
  ...
# Subtest: legacy numeric UI fields retain finite bounds for v4 normalization
ok 159 - legacy numeric UI fields retain finite bounds for v4 normalization
  ---
  duration_ms: 9.701103
  type: 'test'
  ...
# Subtest: plugin presentation is validated and compiled into namespaced renderer data
ok 160 - plugin presentation is validated and compiled into namespaced renderer data
  ---
  duration_ms: 10.094854
  type: 'test'
  ...
# Subtest: experience camera configuration targets only an active plugin
ok 161 - experience camera configuration targets only an active plugin
  ---
  duration_ms: 0.676071
  type: 'test'
  ...
# Subtest: application profiles declare when plugin evidence owns the visible world detail
ok 162 - application profiles declare when plugin evidence owns the visible world detail
  ---
  duration_ms: 5.12121
  type: 'test'
  ...
# Subtest: every connected application profile declares an explicit performance budget
ok 163 - every connected application profile declares an explicit performance budget
  ---
  duration_ms: 17.729154
  type: 'test'
  ...
# Subtest: platform bootstrap has no named plugin import
ok 164 - platform bootstrap has no named plugin import
  ---
  duration_ms: 0.66249
  type: 'test'
  ...
# Subtest: Main exposes governed profile selection and disposes plugins on teardown
ok 165 - Main exposes governed profile selection and disposes plugins on teardown
  ---
  duration_ms: 22.485477
  type: 'test'
  ...
# Subtest: plugin playback advances on the shared clock and settles terminal obligations
ok 166 - plugin playback advances on the shared clock and settles terminal obligations
  ---
  duration_ms: 66.269778
  type: 'test'
  ...
# Subtest: plugin playback fails closed when terminal obligations remain unmet
ok 167 - plugin playback fails closed when terminal obligations remain unmet
  ---
  duration_ms: 7.592421
  type: 'test'
  ...
# Subtest: settlement retains immutable runtime history and snapshots mutable adapter receipts
ok 168 - settlement retains immutable runtime history and snapshots mutable adapter receipts
  ---
  duration_ms: 14.122006
  type: 'test'
  ...
# Subtest: plugin playback restores a settled run deterministically from its receipt
ok 169 - plugin playback restores a settled run deterministically from its receipt
  ---
  duration_ms: 20.234846
  type: 'test'
  ...
# Subtest: plugin playback restores an immediately settled run without dispatching a step
ok 170 - plugin playback restores an immediately settled run without dispatching a step
  ---
  duration_ms: 11.058984
  type: 'test'
  ...
# Subtest: plugin playback refuses a reload whose deterministic reconstruction diverges
ok 171 - plugin playback refuses a reload whose deterministic reconstruction diverges
  ---
  duration_ms: 15.347568
  type: 'test'
  ...
# Subtest: plugin playback receipt storage is profile-scoped and recoverable
ok 172 - plugin playback receipt storage is profile-scoped and recoverable
  ---
  duration_ms: 0.668313
  type: 'test'
  ...
# Subtest: plugin playback stores only evidence required for deterministic reconstruction
ok 173 - plugin playback stores only evidence required for deterministic reconstruction
  ---
  duration_ms: 0.562812
  type: 'test'
  ...
# Subtest: plugin playback storage exhaustion does not fail a completed run
ok 174 - plugin playback storage exhaustion does not fail a completed run
  ---
  duration_ms: 7.671462
  type: 'test'
  ...
# Subtest: plugin playback sends typed experiment parameters on every phase and receipts them
ok 175 - plugin playback sends typed experiment parameters on every phase and receipts them
  ---
  duration_ms: 6.49486
  type: 'test'
  ...
# Subtest: plugin playback snapshots scenario and terminal evidence before publishing a receipt
ok 176 - plugin playback snapshots scenario and terminal evidence before publishing a receipt
  ---
  duration_ms: 12.982565
  type: 'test'
  ...
# Subtest: plugin playback captures controls when Step starts a ready run
ok 177 - plugin playback captures controls when Step starts a ready run
  ---
  duration_ms: 6.701886
  type: 'test'
  ...
# Subtest: plugin playback applies changed controls immediately and returns to a configured ready state
ok 178 - plugin playback applies changed controls immediately and returns to a configured ready state
  ---
  duration_ms: 1.178103
  type: 'test'
  ...
# Subtest: plugin playback starts a configured preview without dispatching start twice
ok 179 - plugin playback starts a configured preview without dispatching start twice
  ---
  duration_ms: 0.745612
  type: 'test'
  ...
# Subtest: plugin playback Start does not reset a paused simulation
ok 180 - plugin playback Start does not reset a paused simulation
  ---
  duration_ms: 0.543983
  type: 'test'
  ...
# Subtest: plugin playback drops an in-flight start after disposal
ok 181 - plugin playback drops an in-flight start after disposal
  ---
  duration_ms: 7.042806
  type: 'test'
  ...
# Subtest: plugin playback closes its public API after disposal
ok 182 - plugin playback closes its public API after disposal
  ---
  duration_ms: 0.845785
  type: 'test'
  ...
# Subtest: plugin playback drops queued reconstruction after disposal
ok 183 - plugin playback drops queued reconstruction after disposal
  ---
  duration_ms: 0.765631
  type: 'test'
  ...
# Subtest: plugin playback discards an intervention superseded by a control rebuild
ok 184 - plugin playback discards an intervention superseded by a control rebuild
  ---
  duration_ms: 7.19928
  type: 'test'
  ...
# Subtest: plugin playback skips a redundant ready-state render when start preserves the presentation
ok 185 - plugin playback skips a redundant ready-state render when start preserves the presentation
  ---
  duration_ms: 27.603792
  type: 'test'
  ...
# Subtest: plugin playback preserves the completed run parameters across replay
ok 186 - plugin playback preserves the completed run parameters across replay
  ---
  duration_ms: 10.805772
  type: 'test'
  ...
# Subtest: plugin playback receipts and deterministically restores a mid-run intervention
ok 187 - plugin playback receipts and deterministically restores a mid-run intervention
  ---
  duration_ms: 15.531649
  type: 'test'
  ...
# Subtest: plugin playback executes and receipts every declared comparison
ok 188 - plugin playback executes and receipts every declared comparison
  ---
  duration_ms: 43.219528
  type: 'test'
  ...
# Subtest: plugin playback seek clamps stale targets and requires an explicit terminal commit
ok 189 - plugin playback seek clamps stale targets and requires an explicit terminal commit
  ---
  duration_ms: 9.177219
  type: 'test'
  ...
# Subtest: plugin playback yields each reconstructed step for a bounded history
ok 190 - plugin playback yields each reconstructed step for a bounded history
  ---
  duration_ms: 4.196604
  type: 'test'
  ...
# Subtest: plugin playback time-slices large cheap histories without forcing a frame per step
ok 191 - plugin playback time-slices large cheap histories without forcing a frame per step
  ---
  duration_ms: 56.386872
  type: 'test'
  ...
# Subtest: plugin playback commits a terminal preview only once under concurrent steps
ok 192 - plugin playback commits a terminal preview only once under concurrent steps
  ---
  duration_ms: 13.050309
  type: 'test'
  ...
# Subtest: plugin playback serializes overlapping intervention actions
ok 193 - plugin playback serializes overlapping intervention actions
  ---
  duration_ms: 1.713306
  type: 'test'
  ...
# Subtest: plugin playback seek aligns the clock by simulation time rather than event index
ok 194 - plugin playback seek aligns the clock by simulation time rather than event index
  ---
  duration_ms: 6.541813
  type: 'test'
  ...
# Subtest: plugin playback seek drains an in-flight clock step before reconstructing
ok 195 - plugin playback seek drains an in-flight clock step before reconstructing
  ---
  duration_ms: 11.521681
  type: 'test'
  ...
# Subtest: plugin playback restore drains old queued actions before resetting its scenario
ok 196 - plugin playback restore drains old queued actions before resetting its scenario
  ---
  duration_ms: 11.444307
  type: 'test'
  ...
# Subtest: plugin playback restore rejects a newly introduced comparison proof
ok 197 - plugin playback restore rejects a newly introduced comparison proof
  ---
  duration_ms: 14.534563
  type: 'test'
  ...
# Subtest: v4 truth axes preserve origin, time, and uncertainty independently
ok 198 - v4 truth axes preserve origin, time, and uncertainty independently
  ---
  duration_ms: 2.470657
  type: 'test'
  ...
# Subtest: provenance registry exposes source records through render-object bindings
ok 199 - provenance registry exposes source records through render-object bindings
  ---
  duration_ms: 2.942544
  type: 'test'
  ...
# Subtest: v1-v3 adapter removes final visual styling authority from plugins
ok 200 - v1-v3 adapter removes final visual styling authority from plugins
  ---
  duration_ms: 3.982666
  type: 'test'
  ...
# Subtest: v4 contribution closes every rendered and simulated claim over provenance records
ok 201 - v4 contribution closes every rendered and simulated claim over provenance records
  ---
  duration_ms: 2.859599
  type: 'test'
  ...
# Subtest: timeline orders causal events, branches from replay state, and rejects missing causes
ok 202 - timeline orders causal events, branches from replay state, and rejects missing causes
  ---
  duration_ms: 2.304569
  type: 'test'
  ...
# Subtest: shared clock owns rate, playback, seeking, replay, and event delivery
ok 203 - shared clock owns rate, playback, seeking, replay, and event delivery
  ---
  duration_ms: 1.396806
  type: 'test'
  ...
# Subtest: semantic compositor bounds widths and clusters dense points without losing provenance
ok 204 - semantic compositor bounds widths and clusters dense points without losing provenance
  ---
  duration_ms: 17.72637
  type: 'test'
  ...
# Subtest: semantic compositor gives consequential quantities distinct domain colors
ok 205 - semantic compositor gives consequential quantities distinct domain colors
  ---
  duration_ms: 0.428854
  type: 'test'
  ...
# Subtest: semantic compositor maps governed neighborhood prices onto a shared heat scale
ok 206 - semantic compositor maps governed neighborhood prices onto a shared heat scale
  ---
  duration_ms: 1.649992
  type: 'test'
  ...
# Subtest: View Director arbitrates intents while manual navigation remains authoritative
ok 207 - View Director arbitrates intents while manual navigation remains authoritative
  ---
  duration_ms: 2.915963
  type: 'test'
  ...
# Subtest: Safety v4 exposes observed rows separately from the derived route estimate
ok 208 - Safety v4 exposes observed rows separately from the derived route estimate
  ---
  duration_ms: 51.205432
  type: 'test'
  ...
# Subtest: Food v4 carries simulated lineage, source rows, controls, and uncertainty together
ok 209 - Food v4 carries simulated lineage, source rows, controls, and uncertainty together
  ---
  duration_ms: 19.907929
  type: 'test'
  ...
# Subtest: Orbital v4 separates pinned state vectors from forecast transfer modeling
ok 210 - Orbital v4 separates pinned state vectors from forecast transfer modeling
  ---
  duration_ms: 111.463933
  type: 'test'
  ...
# Subtest: the twelve connected experiences each load one native v4 contribution and City is only the substrate
ok 211 - the twelve connected experiences each load one native v4 contribution and City is only the substrate
  ---
  duration_ms: 5.392627
  type: 'test'
  ...
# Subtest: City WGS84 plugin geometry uses the world local origin instead of the country fallback
ok 212 - City WGS84 plugin geometry uses the world local origin instead of the country fallback
  ---
  duration_ms: 1674.108893
  type: 'test'
  ...
# Subtest: ranked select groups require a complete unique shared option set
ok 213 - ranked select groups require a complete unique shared option set
  ---
  duration_ms: 5.153339
  type: 'test'
  ...
# Subtest: country agents interpolate toward their resolved outbound node
ok 214 - country agents interpolate toward their resolved outbound node
  ---
  duration_ms: 5.826748
  type: 'test'
  ...
# Subtest: native astronomy scenes do not draw incompatible legacy sky positions underneath
ok 215 - native astronomy scenes do not draw incompatible legacy sky positions underneath
  ---
  duration_ms: 3.000245
  type: 'test'
  ...
# Subtest: tier controller honors a profile-owned day cadence
ok 216 - tier controller honors a profile-owned day cadence
  ---
  duration_ms: 4.88384
  type: 'test'
  ...
# Subtest: tier controller settles a profile that explicitly has no comparison mode
ok 217 - tier controller settles a profile that explicitly has no comparison mode
  ---
  duration_ms: 1.449367
  type: 'test'
  ...
# Subtest: tier controller pauses, steps, executes both comparison branches, settles, and persists
ok 218 - tier controller pauses, steps, executes both comparison branches, settles, and persists
  ---
  duration_ms: 28.469263
  type: 'test'
  ...
# Subtest: tier controller reconstructs a matching terminal receipt after reload
ok 219 - tier controller reconstructs a matching terminal receipt after reload
  ---
  duration_ms: 8.121096
  type: 'test'
  ...
# Subtest: tier controller rejects a reload whose terminal comparison identity diverges
ok 220 - tier controller rejects a reload whose terminal comparison identity diverges
  ---
  duration_ms: 9.190164
  type: 'test'
  ...
# Subtest: tier controller drops malformed persisted restore envelopes
ok 221 - tier controller drops malformed persisted restore envelopes
  ---
  duration_ms: 0.297549
  type: 'test'
  ...
# Subtest: tier controller compares, settles, and restores a terminal simulation failure
ok 222 - tier controller compares, settles, and restores a terminal simulation failure
  ---
  duration_ms: 6.464237
  type: 'test'
  ...
# Subtest: tier controller applies experiment parameters to start and step phases and persists them
ok 223 - tier controller applies experiment parameters to start and step phases and persists them
  ---
  duration_ms: 3.790505
  type: 'test'
  ...
# Subtest: tier controller preserves the settled run parameters across runtime-reset replay
ok 224 - tier controller preserves the settled run parameters across runtime-reset replay
  ---
  duration_ms: 8.115537
  type: 'test'
  ...
# Subtest: tier controller drops a stale terminal restart while newer controls rebuild the runtime
ok 225 - tier controller drops a stale terminal restart while newer controls rebuild the runtime
  ---
  duration_ms: 9.881715
  type: 'test'
  ...
# Subtest: tier controller drops a stale replay while newer controls rebuild the runtime
ok 226 - tier controller drops a stale replay while newer controls rebuild the runtime
  ---
  duration_ms: 6.269422
  type: 'test'
  ...
# Subtest: tier controller discards a stale terminal settlement after controls rebuild the runtime
ok 227 - tier controller discards a stale terminal settlement after controls rebuild the runtime
  ---
  duration_ms: 0.730739
  type: 'test'
  ...
# Subtest: tier controller does not let a stale reset reflect over newer configured controls
ok 228 - tier controller does not let a stale reset reflect over newer configured controls
  ---
  duration_ms: 1.066555
  type: 'test'
  ...
# Subtest: tier controller applies changed controls immediately and leaves the configured run ready
ok 229 - tier controller applies changed controls immediately and leaves the configured run ready
  ---
  duration_ms: 0.36888
  type: 'test'
  ...
# Subtest: tier controller starts a configured preview without dispatching start twice
ok 230 - tier controller starts a configured preview without dispatching start twice
  ---
  duration_ms: 0.483083
  type: 'test'
  ...
# Subtest: tier controller executes every declared comparison independently
ok 231 - tier controller executes every declared comparison independently
  ---
  duration_ms: 14.505428
  type: 'test'
  ...
# Subtest: tier controller persists a bounded reload envelope instead of terminal evidence
ok 232 - tier controller persists a bounded reload envelope instead of terminal evidence
  ---
  duration_ms: 0.844084
  type: 'test'
  ...
# Subtest: tier controller seek clamps stale targets and commits terminal preview explicitly
ok 233 - tier controller seek clamps stale targets and commits terminal preview explicitly
  ---
  duration_ms: 3.374346
  type: 'test'
  ...
# Subtest: tier controller yields between bounded reconstruction batches
ok 234 - tier controller yields between bounded reconstruction batches
  ---
  duration_ms: 1.721122
  type: 'test'
  ...
# Subtest: tier controller commits a terminal preview only once under concurrent steps
ok 235 - tier controller commits a terminal preview only once under concurrent steps
  ---
  duration_ms: 8.858666
  type: 'test'
  ...
# Subtest: tier controller closes its public API after disposal
ok 236 - tier controller closes its public API after disposal
  ---
  duration_ms: 0.723606
  type: 'test'
  ...
# Subtest: tier controller auto-starts directly on boot without prior manual configuration
ok 237 - tier controller auto-starts directly on boot without prior manual configuration
  ---
  duration_ms: 0.250579
  type: 'test'
  ...
# Subtest: World runtime selections load only the chosen profile plugin bundle
ok 238 - World runtime selections load only the chosen profile plugin bundle
  ---
  duration_ms: 8.081814
  type: 'test'
  ...
# Subtest: World optional model scripts remain outside every pre-consent selection
ok 239 - World optional model scripts remain outside every pre-consent selection
  ---
  duration_ms: 6.79438
  type: 'test'
  ...
# Subtest: World dynamic runtime loader loads selected runtime scripts
ok 240 - World dynamic runtime loader loads selected runtime scripts
  ---
  duration_ms: 3.076154
  type: 'test'
  ...
1..240
# tests 240
# suites 0
# pass 240
# fail 0
# cancelled 0
# skipped 0
# todo 0
# duration_ms 18021.129167
